
Merging object attributes


Merging program properties

Updated property 0xc0010001 (0x9) to merge build/x86_64/kernel/bootstrap.o (0x9) and build/x86_64/klib/debug.o (0x1)
Updated property 0xc0010001 (0x9) to merge build/x86_64/kernel/bootstrap.o (0x9) and build/x86_64/kernel/selftests/selftest.o (0x1)
Updated property 0xc0010001 (0x9) to merge build/x86_64/kernel/bootstrap.o (0x9) and build/x86_64/kernel/platform/cpu/cpu.o (0x1)
Updated property 0xc0010001 (0x9) to merge build/x86_64/kernel/bootstrap.o (0x9) and build/x86_64/kernel/platform/terminal/terminal.o (0x1)
Updated property 0xc0010001 (0x9) to merge build/x86_64/kernel/bootstrap.o (0x9) and build/x86_64/kernel/platform/device/device.o (0x1)
Updated property 0xc0010001 (0x9) to merge build/x86_64/kernel/bootstrap.o (0x9) and build/x86_64/arch/x86_64/ioapic.o (0x1)
Updated property 0xc0010001 (0x9) to merge build/x86_64/kernel/bootstrap.o (0x9) and build/x86_64/arch/x86_64/arch_acpi.o (0x1)
Updated property 0xc0010001 (0x9) to merge build/x86_64/kernel/bootstrap.o (0x9) and build/x86_64/arch/x86_64/pci.o (0x1)
Updated property 0xc0010001 (0x9) to merge build/x86_64/kernel/bootstrap.o (0x9) and build/x86_64/kernel/platform/acpi/uACPI/source/default_handlers.o (0x1)
Updated property 0xc0010002 (0x1) to merge build/x86_64/kernel/bootstrap.o (0x1) and build/x86_64/kernel/platform/acpi/uACPI/source/default_handlers.o (0x0)
Updated property 0xc0010001 (0x9) to merge build/x86_64/kernel/bootstrap.o (0x9) and build/x86_64/kernel/platform/acpi/uACPI/source/event.o (0x1)
Updated property 0xc0010002 (0x1) to merge build/x86_64/kernel/bootstrap.o (0x1) and build/x86_64/kernel/platform/acpi/uACPI/source/event.o (0x0)
Updated property 0xc0010001 (0x9) to merge build/x86_64/kernel/bootstrap.o (0x9) and build/x86_64/kernel/platform/acpi/uACPI/source/interpreter.o (0x1)
Updated property 0xc0010002 (0x1) to merge build/x86_64/kernel/bootstrap.o (0x1) and build/x86_64/kernel/platform/acpi/uACPI/source/interpreter.o (0x0)
Updated property 0xc0010001 (0x9) to merge build/x86_64/kernel/bootstrap.o (0x9) and build/x86_64/kernel/platform/acpi/uACPI/source/io.o (0x1)
Updated property 0xc0010002 (0x1) to merge build/x86_64/kernel/bootstrap.o (0x1) and build/x86_64/kernel/platform/acpi/uACPI/source/io.o (0x0)
Updated property 0xc0010001 (0x9) to merge build/x86_64/kernel/bootstrap.o (0x9) and build/x86_64/kernel/platform/acpi/uACPI/source/mutex.o (0x1)
Updated property 0xc0010002 (0x1) to merge build/x86_64/kernel/bootstrap.o (0x1) and build/x86_64/kernel/platform/acpi/uACPI/source/mutex.o (0x0)
Updated property 0xc0010001 (0x9) to merge build/x86_64/kernel/bootstrap.o (0x9) and build/x86_64/kernel/platform/acpi/uACPI/source/namespace.o (0x1)
Updated property 0xc0010002 (0x1) to merge build/x86_64/kernel/bootstrap.o (0x1) and build/x86_64/kernel/platform/acpi/uACPI/source/namespace.o (0x0)
Updated property 0xc0010001 (0x9) to merge build/x86_64/kernel/bootstrap.o (0x9) and build/x86_64/kernel/platform/acpi/uACPI/source/notify.o (0x1)
Updated property 0xc0010002 (0x1) to merge build/x86_64/kernel/bootstrap.o (0x1) and build/x86_64/kernel/platform/acpi/uACPI/source/notify.o (0x0)
Updated property 0xc0010001 (0x9) to merge build/x86_64/kernel/bootstrap.o (0x9) and build/x86_64/kernel/platform/acpi/uACPI/source/opcodes.o (0x1)
Updated property 0xc0010002 (0x1) to merge build/x86_64/kernel/bootstrap.o (0x1) and build/x86_64/kernel/platform/acpi/uACPI/source/opcodes.o (0x0)
Updated property 0xc0010001 (0x9) to merge build/x86_64/kernel/bootstrap.o (0x9) and build/x86_64/kernel/platform/acpi/uACPI/source/opregion.o (0x1)
Updated property 0xc0010002 (0x1) to merge build/x86_64/kernel/bootstrap.o (0x1) and build/x86_64/kernel/platform/acpi/uACPI/source/opregion.o (0x0)
Updated property 0xc0010001 (0x9) to merge build/x86_64/kernel/bootstrap.o (0x9) and build/x86_64/kernel/platform/acpi/uACPI/source/osi.o (0x1)
Updated property 0xc0010002 (0x1) to merge build/x86_64/kernel/bootstrap.o (0x1) and build/x86_64/kernel/platform/acpi/uACPI/source/osi.o (0x0)
Updated property 0xc0010001 (0x9) to merge build/x86_64/kernel/bootstrap.o (0x9) and build/x86_64/kernel/platform/acpi/uACPI/source/registers.o (0x1)
Updated property 0xc0010002 (0x1) to merge build/x86_64/kernel/bootstrap.o (0x1) and build/x86_64/kernel/platform/acpi/uACPI/source/registers.o (0x0)
Updated property 0xc0010001 (0x9) to merge build/x86_64/kernel/bootstrap.o (0x9) and build/x86_64/kernel/platform/acpi/uACPI/source/resources.o (0x1)
Updated property 0xc0010002 (0x1) to merge build/x86_64/kernel/bootstrap.o (0x1) and build/x86_64/kernel/platform/acpi/uACPI/source/resources.o (0x0)
Updated property 0xc0010001 (0x9) to merge build/x86_64/kernel/bootstrap.o (0x9) and build/x86_64/kernel/platform/acpi/uACPI/source/shareable.o (0x1)
Updated property 0xc0010002 (0x1) to merge build/x86_64/kernel/bootstrap.o (0x1) and build/x86_64/kernel/platform/acpi/uACPI/source/shareable.o (0x0)
Updated property 0xc0010001 (0x9) to merge build/x86_64/kernel/bootstrap.o (0x9) and build/x86_64/kernel/platform/acpi/uACPI/source/sleep.o (0x1)
Updated property 0xc0010002 (0x1) to merge build/x86_64/kernel/bootstrap.o (0x1) and build/x86_64/kernel/platform/acpi/uACPI/source/sleep.o (0x0)
Updated property 0xc0010001 (0x9) to merge build/x86_64/kernel/bootstrap.o (0x9) and build/x86_64/kernel/platform/acpi/uACPI/source/types.o (0x1)
Updated property 0xc0010001 (0x9) to merge build/x86_64/kernel/bootstrap.o (0x9) and build/x86_64/kernel/platform/acpi/uACPI/source/uacpi.o (0x1)
Updated property 0xc0010001 (0x9) to merge build/x86_64/kernel/bootstrap.o (0x9) and build/x86_64/kernel/platform/acpi/uACPI/source/utilities.o (0x1)
Updated property 0xc0010001 (0x9) to merge build/x86_64/kernel/bootstrap.o (0x9) and build/x86_64/kernel/platform/acpi/acpi.o (0x1)
Updated property 0xc0010001 (0x9) to merge build/x86_64/kernel/bootstrap.o (0x9) and build/x86_64/kernel/kernel.o (0x1)
Removed property 0xc0010001 to merge build/x86_64/kernel/bootstrap.o (0x9) and build/x86_64/arch/x86_64/interrupts.o (not found)
Removed property 0xc0010002 to merge build/x86_64/kernel/bootstrap.o (0x1) and build/x86_64/arch/x86_64/interrupts.o (not found)

Discarded input sections

 .comment       0x0000000000000000       0x1c build/x86_64/kernel/bootstrap.o
 .note.GNU-stack
                0x0000000000000000        0x0 build/x86_64/kernel/bootstrap.o
 .note.gnu.property
                0x0000000000000000       0x30 build/x86_64/kernel/bootstrap.o
 .eh_frame      0x0000000000000000       0x68 build/x86_64/kernel/bootstrap.o
 .comment       0x0000000000000000       0x1c build/x86_64/klib/debug.o
 .note.GNU-stack
                0x0000000000000000        0x0 build/x86_64/klib/debug.o
 .note.gnu.property
                0x0000000000000000       0x30 build/x86_64/klib/debug.o
 .eh_frame      0x0000000000000000       0x40 build/x86_64/klib/debug.o
 .comment       0x0000000000000000       0x1c build/x86_64/kernel/selftests/selftest.o
 .note.GNU-stack
                0x0000000000000000        0x0 build/x86_64/kernel/selftests/selftest.o
 .note.gnu.property
                0x0000000000000000       0x30 build/x86_64/kernel/selftests/selftest.o
 .eh_frame      0x0000000000000000       0x30 build/x86_64/kernel/selftests/selftest.o
 .comment       0x0000000000000000       0x1c build/x86_64/kernel/selftests/datastructurestests.o
 .note.GNU-stack
                0x0000000000000000        0x0 build/x86_64/kernel/selftests/datastructurestests.o
 .note.gnu.property
                0x0000000000000000       0x30 build/x86_64/kernel/selftests/datastructurestests.o
 .eh_frame      0x0000000000000000       0x70 build/x86_64/kernel/selftests/datastructurestests.o
 .comment       0x0000000000000000       0x1c build/x86_64/kernel/selftests/memorytests.o
 .note.GNU-stack
                0x0000000000000000        0x0 build/x86_64/kernel/selftests/memorytests.o
 .note.gnu.property
                0x0000000000000000       0x30 build/x86_64/kernel/selftests/memorytests.o
 .eh_frame      0x0000000000000000       0xc0 build/x86_64/kernel/selftests/memorytests.o
 .comment       0x0000000000000000       0x1c build/x86_64/kernel/selftests/klibtests.o
 .note.GNU-stack
                0x0000000000000000        0x0 build/x86_64/kernel/selftests/klibtests.o
 .note.gnu.property
                0x0000000000000000       0x30 build/x86_64/kernel/selftests/klibtests.o
 .eh_frame      0x0000000000000000       0x70 build/x86_64/kernel/selftests/klibtests.o
 .comment       0x0000000000000000       0x1c build/x86_64/kernel/platform/cpu/cpu.o
 .note.GNU-stack
                0x0000000000000000        0x0 build/x86_64/kernel/platform/cpu/cpu.o
 .note.gnu.property
                0x0000000000000000       0x30 build/x86_64/kernel/platform/cpu/cpu.o
 .eh_frame      0x0000000000000000       0x68 build/x86_64/kernel/platform/cpu/cpu.o
 .comment       0x0000000000000000       0x1c build/x86_64/kernel/platform/memory/pmm.o
 .note.GNU-stack
                0x0000000000000000        0x0 build/x86_64/kernel/platform/memory/pmm.o
 .note.gnu.property
                0x0000000000000000       0x30 build/x86_64/kernel/platform/memory/pmm.o
 .eh_frame      0x0000000000000000       0xf0 build/x86_64/kernel/platform/memory/pmm.o
 .comment       0x0000000000000000       0x1c build/x86_64/kernel/platform/memory/metadata.o
 .note.GNU-stack
                0x0000000000000000        0x0 build/x86_64/kernel/platform/memory/metadata.o
 .note.gnu.property
                0x0000000000000000       0x30 build/x86_64/kernel/platform/memory/metadata.o
 .eh_frame      0x0000000000000000       0x88 build/x86_64/kernel/platform/memory/metadata.o
 .comment       0x0000000000000000       0x1c build/x86_64/kernel/platform/memory/vmm.o
 .note.GNU-stack
                0x0000000000000000        0x0 build/x86_64/kernel/platform/memory/vmm.o
 .note.gnu.property
                0x0000000000000000       0x30 build/x86_64/kernel/platform/memory/vmm.o
 .eh_frame      0x0000000000000000      0x1f8 build/x86_64/kernel/platform/memory/vmm.o
 .comment       0x0000000000000000       0x1c build/x86_64/kernel/platform/memory/heap.o
 .note.GNU-stack
                0x0000000000000000        0x0 build/x86_64/kernel/platform/memory/heap.o
 .note.gnu.property
                0x0000000000000000       0x30 build/x86_64/kernel/platform/memory/heap.o
 .eh_frame      0x0000000000000000      0x170 build/x86_64/kernel/platform/memory/heap.o
 .comment       0x0000000000000000       0x1c build/x86_64/kernel/platform/terminal/terminal.o
 .note.GNU-stack
                0x0000000000000000        0x0 build/x86_64/kernel/platform/terminal/terminal.o
 .note.gnu.property
                0x0000000000000000       0x30 build/x86_64/kernel/platform/terminal/terminal.o
 .eh_frame      0x0000000000000000      0x1a8 build/x86_64/kernel/platform/terminal/terminal.o
 .comment       0x0000000000000000       0x1c build/x86_64/kernel/platform/device/device.o
 .note.GNU-stack
                0x0000000000000000        0x0 build/x86_64/kernel/platform/device/device.o
 .note.gnu.property
                0x0000000000000000       0x30 build/x86_64/kernel/platform/device/device.o
 .eh_frame      0x0000000000000000       0x30 build/x86_64/kernel/platform/device/device.o
 .comment       0x0000000000000000       0x1c build/x86_64/klib/printf/printf.o
 .note.GNU-stack
                0x0000000000000000        0x0 build/x86_64/klib/printf/printf.o
 .note.gnu.property
                0x0000000000000000       0x30 build/x86_64/klib/printf/printf.o
 .eh_frame      0x0000000000000000      0x3f8 build/x86_64/klib/printf/printf.o
 .comment       0x0000000000000000       0x1c build/x86_64/klib/klib.o
 .note.GNU-stack
                0x0000000000000000        0x0 build/x86_64/klib/klib.o
 .note.gnu.property
                0x0000000000000000       0x30 build/x86_64/klib/klib.o
 .eh_frame      0x0000000000000000      0x2d0 build/x86_64/klib/klib.o
 .comment       0x0000000000000000       0x1c build/x86_64/arch/x86_64/arch_entry.o
 .note.GNU-stack
                0x0000000000000000        0x0 build/x86_64/arch/x86_64/arch_entry.o
 .note.gnu.property
                0x0000000000000000       0x30 build/x86_64/arch/x86_64/arch_entry.o
 .eh_frame      0x0000000000000000       0xf0 build/x86_64/arch/x86_64/arch_entry.o
 .comment       0x0000000000000000       0x1c build/x86_64/arch/x86_64/arch_paging.o
 .note.GNU-stack
                0x0000000000000000        0x0 build/x86_64/arch/x86_64/arch_paging.o
 .note.gnu.property
                0x0000000000000000       0x30 build/x86_64/arch/x86_64/arch_paging.o
 .eh_frame      0x0000000000000000      0x428 build/x86_64/arch/x86_64/arch_paging.o
 .comment       0x0000000000000000       0x1c build/x86_64/arch/x86_64/arch_init.o
 .note.GNU-stack
                0x0000000000000000        0x0 build/x86_64/arch/x86_64/arch_init.o
 .note.gnu.property
                0x0000000000000000       0x30 build/x86_64/arch/x86_64/arch_init.o
 .eh_frame      0x0000000000000000       0x70 build/x86_64/arch/x86_64/arch_init.o
 .comment       0x0000000000000000       0x1c build/x86_64/arch/x86_64/interrupt_handler.o
 .note.GNU-stack
                0x0000000000000000        0x0 build/x86_64/arch/x86_64/interrupt_handler.o
 .note.gnu.property
                0x0000000000000000       0x30 build/x86_64/arch/x86_64/interrupt_handler.o
 .eh_frame      0x0000000000000000       0x78 build/x86_64/arch/x86_64/interrupt_handler.o
 .comment       0x0000000000000000       0x1c build/x86_64/arch/x86_64/lapic.o
 .note.GNU-stack
                0x0000000000000000        0x0 build/x86_64/arch/x86_64/lapic.o
 .note.gnu.property
                0x0000000000000000       0x30 build/x86_64/arch/x86_64/lapic.o
 .eh_frame      0x0000000000000000       0xe8 build/x86_64/arch/x86_64/lapic.o
 .comment       0x0000000000000000       0x1c build/x86_64/arch/x86_64/ioapic.o
 .note.GNU-stack
                0x0000000000000000        0x0 build/x86_64/arch/x86_64/ioapic.o
 .note.gnu.property
                0x0000000000000000       0x30 build/x86_64/arch/x86_64/ioapic.o
 .eh_frame      0x0000000000000000       0xd8 build/x86_64/arch/x86_64/ioapic.o
 .comment       0x0000000000000000       0x1c build/x86_64/arch/x86_64/arch_acpi.o
 .note.GNU-stack
                0x0000000000000000        0x0 build/x86_64/arch/x86_64/arch_acpi.o
 .note.gnu.property
                0x0000000000000000       0x30 build/x86_64/arch/x86_64/arch_acpi.o
 .eh_frame      0x0000000000000000       0x48 build/x86_64/arch/x86_64/arch_acpi.o
 .comment       0x0000000000000000       0x1c build/x86_64/arch/x86_64/pci.o
 .note.GNU-stack
                0x0000000000000000        0x0 build/x86_64/arch/x86_64/pci.o
 .note.gnu.property
                0x0000000000000000       0x30 build/x86_64/arch/x86_64/pci.o
 .eh_frame      0x0000000000000000       0xe8 build/x86_64/arch/x86_64/pci.o
 .comment       0x0000000000000000       0x1c build/x86_64/kernel/platform/acpi/uACPI/source/default_handlers.o
 .note.GNU-stack
                0x0000000000000000        0x0 build/x86_64/kernel/platform/acpi/uACPI/source/default_handlers.o
 .note.gnu.property
                0x0000000000000000       0x30 build/x86_64/kernel/platform/acpi/uACPI/source/default_handlers.o
 .comment       0x0000000000000000       0x1c build/x86_64/kernel/platform/acpi/uACPI/source/event.o
 .note.GNU-stack
                0x0000000000000000        0x0 build/x86_64/kernel/platform/acpi/uACPI/source/event.o
 .note.gnu.property
                0x0000000000000000       0x30 build/x86_64/kernel/platform/acpi/uACPI/source/event.o
 .comment       0x0000000000000000       0x1c build/x86_64/kernel/platform/acpi/uACPI/source/interpreter.o
 .note.GNU-stack
                0x0000000000000000        0x0 build/x86_64/kernel/platform/acpi/uACPI/source/interpreter.o
 .note.gnu.property
                0x0000000000000000       0x30 build/x86_64/kernel/platform/acpi/uACPI/source/interpreter.o
 .comment       0x0000000000000000       0x1c build/x86_64/kernel/platform/acpi/uACPI/source/io.o
 .note.GNU-stack
                0x0000000000000000        0x0 build/x86_64/kernel/platform/acpi/uACPI/source/io.o
 .note.gnu.property
                0x0000000000000000       0x30 build/x86_64/kernel/platform/acpi/uACPI/source/io.o
 .comment       0x0000000000000000       0x1c build/x86_64/kernel/platform/acpi/uACPI/source/mutex.o
 .note.GNU-stack
                0x0000000000000000        0x0 build/x86_64/kernel/platform/acpi/uACPI/source/mutex.o
 .note.gnu.property
                0x0000000000000000       0x30 build/x86_64/kernel/platform/acpi/uACPI/source/mutex.o
 .comment       0x0000000000000000       0x1c build/x86_64/kernel/platform/acpi/uACPI/source/namespace.o
 .note.GNU-stack
                0x0000000000000000        0x0 build/x86_64/kernel/platform/acpi/uACPI/source/namespace.o
 .note.gnu.property
                0x0000000000000000       0x30 build/x86_64/kernel/platform/acpi/uACPI/source/namespace.o
 .comment       0x0000000000000000       0x1c build/x86_64/kernel/platform/acpi/uACPI/source/notify.o
 .note.GNU-stack
                0x0000000000000000        0x0 build/x86_64/kernel/platform/acpi/uACPI/source/notify.o
 .note.gnu.property
                0x0000000000000000       0x30 build/x86_64/kernel/platform/acpi/uACPI/source/notify.o
 .comment       0x0000000000000000       0x1c build/x86_64/kernel/platform/acpi/uACPI/source/opcodes.o
 .note.GNU-stack
                0x0000000000000000        0x0 build/x86_64/kernel/platform/acpi/uACPI/source/opcodes.o
 .note.gnu.property
                0x0000000000000000       0x30 build/x86_64/kernel/platform/acpi/uACPI/source/opcodes.o
 .comment       0x0000000000000000       0x1c build/x86_64/kernel/platform/acpi/uACPI/source/opregion.o
 .note.GNU-stack
                0x0000000000000000        0x0 build/x86_64/kernel/platform/acpi/uACPI/source/opregion.o
 .note.gnu.property
                0x0000000000000000       0x30 build/x86_64/kernel/platform/acpi/uACPI/source/opregion.o
 .comment       0x0000000000000000       0x1c build/x86_64/kernel/platform/acpi/uACPI/source/osi.o
 .note.GNU-stack
                0x0000000000000000        0x0 build/x86_64/kernel/platform/acpi/uACPI/source/osi.o
 .note.gnu.property
                0x0000000000000000       0x30 build/x86_64/kernel/platform/acpi/uACPI/source/osi.o
 .comment       0x0000000000000000       0x1c build/x86_64/kernel/platform/acpi/uACPI/source/registers.o
 .note.GNU-stack
                0x0000000000000000        0x0 build/x86_64/kernel/platform/acpi/uACPI/source/registers.o
 .note.gnu.property
                0x0000000000000000       0x30 build/x86_64/kernel/platform/acpi/uACPI/source/registers.o
 .comment       0x0000000000000000       0x1c build/x86_64/kernel/platform/acpi/uACPI/source/resources.o
 .note.GNU-stack
                0x0000000000000000        0x0 build/x86_64/kernel/platform/acpi/uACPI/source/resources.o
 .note.gnu.property
                0x0000000000000000       0x30 build/x86_64/kernel/platform/acpi/uACPI/source/resources.o
 .comment       0x0000000000000000       0x1c build/x86_64/kernel/platform/acpi/uACPI/source/shareable.o
 .note.GNU-stack
                0x0000000000000000        0x0 build/x86_64/kernel/platform/acpi/uACPI/source/shareable.o
 .note.gnu.property
                0x0000000000000000       0x30 build/x86_64/kernel/platform/acpi/uACPI/source/shareable.o
 .comment       0x0000000000000000       0x1c build/x86_64/kernel/platform/acpi/uACPI/source/sleep.o
 .note.GNU-stack
                0x0000000000000000        0x0 build/x86_64/kernel/platform/acpi/uACPI/source/sleep.o
 .note.gnu.property
                0x0000000000000000       0x30 build/x86_64/kernel/platform/acpi/uACPI/source/sleep.o
 .comment       0x0000000000000000       0x1c build/x86_64/kernel/platform/acpi/uACPI/source/stdlib.o
 .note.GNU-stack
                0x0000000000000000        0x0 build/x86_64/kernel/platform/acpi/uACPI/source/stdlib.o
 .note.gnu.property
                0x0000000000000000       0x30 build/x86_64/kernel/platform/acpi/uACPI/source/stdlib.o
 .eh_frame      0x0000000000000000      0x108 build/x86_64/kernel/platform/acpi/uACPI/source/stdlib.o
 .comment       0x0000000000000000       0x1c build/x86_64/kernel/platform/acpi/uACPI/source/tables.o
 .note.GNU-stack
                0x0000000000000000        0x0 build/x86_64/kernel/platform/acpi/uACPI/source/tables.o
 .note.gnu.property
                0x0000000000000000       0x30 build/x86_64/kernel/platform/acpi/uACPI/source/tables.o
 .eh_frame      0x0000000000000000      0x418 build/x86_64/kernel/platform/acpi/uACPI/source/tables.o
 .comment       0x0000000000000000       0x1c build/x86_64/kernel/platform/acpi/uACPI/source/types.o
 .note.GNU-stack
                0x0000000000000000        0x0 build/x86_64/kernel/platform/acpi/uACPI/source/types.o
 .note.gnu.property
                0x0000000000000000       0x30 build/x86_64/kernel/platform/acpi/uACPI/source/types.o
 .eh_frame      0x0000000000000000       0x30 build/x86_64/kernel/platform/acpi/uACPI/source/types.o
 .comment       0x0000000000000000       0x1c build/x86_64/kernel/platform/acpi/uACPI/source/uacpi.o
 .note.GNU-stack
                0x0000000000000000        0x0 build/x86_64/kernel/platform/acpi/uACPI/source/uacpi.o
 .note.gnu.property
                0x0000000000000000       0x30 build/x86_64/kernel/platform/acpi/uACPI/source/uacpi.o
 .eh_frame      0x0000000000000000       0xb8 build/x86_64/kernel/platform/acpi/uACPI/source/uacpi.o
 .comment       0x0000000000000000       0x1c build/x86_64/kernel/platform/acpi/uACPI/source/utilities.o
 .note.GNU-stack
                0x0000000000000000        0x0 build/x86_64/kernel/platform/acpi/uACPI/source/utilities.o
 .note.gnu.property
                0x0000000000000000       0x30 build/x86_64/kernel/platform/acpi/uACPI/source/utilities.o
 .eh_frame      0x0000000000000000       0x50 build/x86_64/kernel/platform/acpi/uACPI/source/utilities.o
 .comment       0x0000000000000000       0x1c build/x86_64/kernel/platform/acpi/acpi.o
 .note.GNU-stack
                0x0000000000000000        0x0 build/x86_64/kernel/platform/acpi/acpi.o
 .note.gnu.property
                0x0000000000000000       0x30 build/x86_64/kernel/platform/acpi/acpi.o
 .eh_frame      0x0000000000000000      0x148 build/x86_64/kernel/platform/acpi/acpi.o
 .comment       0x0000000000000000       0x1c build/x86_64/kernel/platform/terminal/flanterm/flanterm.o
 .note.GNU-stack
                0x0000000000000000        0x0 build/x86_64/kernel/platform/terminal/flanterm/flanterm.o
 .note.gnu.property
                0x0000000000000000       0x30 build/x86_64/kernel/platform/terminal/flanterm/flanterm.o
 .eh_frame      0x0000000000000000      0x248 build/x86_64/kernel/platform/terminal/flanterm/flanterm.o
 .comment       0x0000000000000000       0x1c build/x86_64/kernel/platform/terminal/flanterm/flanterm_backends/fb.o
 .note.GNU-stack
                0x0000000000000000        0x0 build/x86_64/kernel/platform/terminal/flanterm/flanterm_backends/fb.o
 .note.gnu.property
                0x0000000000000000       0x30 build/x86_64/kernel/platform/terminal/flanterm/flanterm_backends/fb.o
 .eh_frame      0x0000000000000000      0x558 build/x86_64/kernel/platform/terminal/flanterm/flanterm_backends/fb.o
 .comment       0x0000000000000000       0x1c build/x86_64/kernel/kernel.o
 .note.GNU-stack
                0x0000000000000000        0x0 build/x86_64/kernel/kernel.o
 .note.gnu.property
                0x0000000000000000       0x30 build/x86_64/kernel/kernel.o
 .eh_frame      0x0000000000000000       0x30 build/x86_64/kernel/kernel.o

Memory Configuration

Name             Origin             Length             Attributes
*default*        0x0000000000000000 0xffffffffffffffff

Linker script and memory map

                0xffffffff80000000                . = 0xffffffff80000000
                0xffffffff80000000                PROVIDE (__kernel_start = .)

.limine_requests
                0xffffffff80000000      0x1e0
 *(.limine_requests_start)
 .limine_requests_start
                0xffffffff80000000       0x20 build/x86_64/arch/x86_64/arch_entry.o
 *(.limine_requests)
 .limine_requests
                0xffffffff80000020      0x1a8 build/x86_64/arch/x86_64/arch_entry.o
 *(.limine_requests_end)
 *fill*         0xffffffff800001c8        0x8 
 .limine_requests_end
                0xffffffff800001d0       0x10 build/x86_64/arch/x86_64/arch_entry.o
                0xffffffff80001000                . = ALIGN (CONSTANT (MAXPAGESIZE))

.text           0xffffffff80001000    0x15185
 *(.text .text.*)
 .text          0xffffffff80001000      0x35b build/x86_64/kernel/bootstrap.o
                0xffffffff80001000                platform_init_complete
                0xffffffff80001070                platform_init
                0xffffffff80001300                smp_kmain
 *fill*         0xffffffff8000135b        0x5 
 .text          0xffffffff80001360       0x11 build/x86_64/klib/debug.o
                0xffffffff80001360                debug_validate_boot
                0xffffffff80001370                debug_pci_devices
 *fill*         0xffffffff80001371        0xf 
 .text          0xffffffff80001380       0x17 build/x86_64/kernel/selftests/selftest.o
                0xffffffff80001380                run_selftests
 *fill*         0xffffffff80001397       0x29 
 .text          0xffffffff800013c0      0x727 build/x86_64/kernel/selftests/datastructurestests.o
                0xffffffff800013c0                run_datastructures_selftests
 *fill*         0xffffffff80001ae7       0x19 
 .text          0xffffffff80001b00     0x1a02 build/x86_64/kernel/selftests/memorytests.o
                0xffffffff80002020                run_memory_selftests
 *fill*         0xffffffff80003502       0x3e 
 .text          0xffffffff80003540      0x67a build/x86_64/kernel/selftests/klibtests.o
                0xffffffff80003540                run_klib_selftests
 *fill*         0xffffffff80003bba        0x6 
 .text          0xffffffff80003bc0      0x117 build/x86_64/kernel/platform/cpu/cpu.o
                0xffffffff80003bc0                cpus_init
                0xffffffff80003c40                cpu_init_stack
 *fill*         0xffffffff80003cd7       0x29 
 .text          0xffffffff80003d00      0x890 build/x86_64/kernel/platform/memory/pmm.o
                0xffffffff80003d00                pmm_init
                0xffffffff800041e0                pmm_alloc
                0xffffffff800043d0                pmm_free
 *fill*         0xffffffff80004590       0x10 
 .text          0xffffffff800045a0      0x186 build/x86_64/kernel/platform/memory/metadata.o
                0xffffffff800045a0                metadata_default_elements_per_chunk
                0xffffffff800045c0                metadata_pool_init
                0xffffffff800045e0                metadata_pool_alloc
                0xffffffff80004710                metadata_pool_free
 *fill*         0xffffffff80004726       0x1a 
 .text          0xffffffff80004740      0xf2e build/x86_64/kernel/platform/memory/vmm.o
                0xffffffff80004740                vmm_init
                0xffffffff80004cd0                vmm_map_page
                0xffffffff80004d50                vmm_unmap_page
                0xffffffff80004db0                vmm_map_range
                0xffffffff80004e40                vmm_unmap_range
                0xffffffff80004eb0                vmm_protect_page
                0xffffffff80004f20                vmm_protect_range
                0xffffffff80004fa0                vmm_switch_addr_space
                0xffffffff80004ff0                vmm_virt_to_phys
                0xffffffff80005050                vmm_reserve_region
                0xffffffff800052a0                vmm_free_region
                0xffffffff800055b0                vmm_find_region
 *fill*         0xffffffff8000566e       0x12 
 .text          0xffffffff80005680      0x791 build/x86_64/kernel/platform/memory/heap.o
                0xffffffff80005890                heap_init
                0xffffffff800059f0                heap_alloc
                0xffffffff80005c10                heap_free
 *fill*         0xffffffff80005e11        0xf 
 .text          0xffffffff80005e20      0x321 build/x86_64/kernel/platform/terminal/terminal.o
                0xffffffff80005e20                terminal_init
                0xffffffff80005ec0                terminal_get_context
                0xffffffff80005ed0                terminal_write
                0xffffffff80005f00                terminal_flush
                0xffffffff80005f20                terminal_full_refresh
                0xffffffff80005f40                terminal_deinit
                0xffffffff80005f80                terminal_get_dimensions
                0xffffffff80005fc0                terminal_set_autoflush
                0xffffffff80005ff0                terminal_set_callback
                0xffffffff80006010                terminal_get_cursor_pos
                0xffffffff80006050                terminal_set_cursor_pos
                0xffffffff80006080                terminal_set_text_fg
                0xffffffff800060b0                terminal_set_text_bg
                0xffffffff800060e0                terminal_reset_text_fg
                0xffffffff80006100                terminal_reset_text_bg
                0xffffffff80006120                terminal_clear
 *fill*         0xffffffff80006141        0xf 
 .text          0xffffffff80006150        0x5 build/x86_64/kernel/platform/device/device.o
                0xffffffff80006150                enumerate_devices
 *fill*         0xffffffff80006155       0x2b 
 .text          0xffffffff80006180     0x1dda build/x86_64/klib/printf/printf.o
                0xffffffff80007c60                printf_
                0xffffffff80007d10                sprintf_
                0xffffffff80007dc0                snprintf_
                0xffffffff80007e60                vprintf_
                0xffffffff80007e90                vsnprintf_
                0xffffffff80007eb0                fctprintf
 *fill*         0xffffffff80007f5a        0x6 
 .text          0xffffffff80007f60      0x9c3 build/x86_64/klib/klib.o
                0xffffffff80008040                kprintf
                0xffffffff80008120                kterm_write
                0xffffffff80008250                kterm_printf
                0xffffffff800082f0                kterm_vprintf
                0xffffffff80008310                memset
                0xffffffff800083c0                memcpy
                0xffffffff800083f0                memcmp
                0xffffffff80008430                strlen
                0xffffffff80008460                pa_to_hhdm
                0xffffffff80008470                hhdm_to_pa
                0xffffffff80008480                vmalloc
                0xffffffff80008600                vfree
                0xffffffff80008750                kmalloc
                0xffffffff800087e0                kzalloc
                0xffffffff800088a0                kfree
 *fill*         0xffffffff80008923       0x1d 
 .text          0xffffffff80008940      0x4d5 build/x86_64/arch/x86_64/arch_entry.o
                0xffffffff800089d0                arch_enable_interrupts
                0xffffffff800089e0                arch_disable_interrupts
                0xffffffff800089f0                arch_halt
                0xffffffff80008a00                arch_pause
                0xffffffff80008a10                arch_cpu_id
                0xffffffff80008a30                arch_serial_putchar
                0xffffffff80008a40                arch_smp_init
                0xffffffff80008ad0                _start
 *fill*         0xffffffff80008e15        0xb 
 .text          0xffffffff80008e20     0x1468 build/x86_64/arch/x86_64/arch_paging.o
                0xffffffff80009950                x86_64_invlpg
                0xffffffff80009960                x86_64_flush_active_tlb_non_global
                0xffffffff80009970                arch_get_pt
                0xffffffff80009990                arch_set_pt
                0xffffffff80009a10                arch_map_page
                0xffffffff80009b20                arch_unmap_page
                0xffffffff80009c10                arch_map_range
                0xffffffff80009da0                arch_unmap_range
                0xffffffff80009f00                arch_protect
                0xffffffff8000a010                arch_protect_range
                0xffffffff8000a180                arch_virt_to_phys
 *fill*         0xffffffff8000a288        0x8 
 .text          0xffffffff8000a290      0x475 build/x86_64/arch/x86_64/arch_init.o
                0xffffffff8000a290                arch_set_stack
                0xffffffff8000a2c0                arch_init
                0xffffffff8000a700                arch_device_init
 *fill*         0xffffffff8000a705       0x1b 
 .text          0xffffffff8000a720      0x49b build/x86_64/arch/x86_64/interrupt_handler.o
                0xffffffff8000a860                ISRHANDLER
 *fill*         0xffffffff8000abbb        0x5 
 .text          0xffffffff8000abc0      0x3a9 build/x86_64/arch/x86_64/lapic.o
                0xffffffff8000abc0                lapic_init
                0xffffffff8000acf0                lapic_timer_init
                0xffffffff8000ad60                lapic_eoi
                0xffffffff8000adc0                send_ipi
 *fill*         0xffffffff8000af69       0x17 
 .text          0xffffffff8000af80      0x433 build/x86_64/arch/x86_64/ioapic.o
                0xffffffff8000afe0                ioapic_mask_vector
                0xffffffff8000b040                ioapic_unmask_vector
                0xffffffff8000b0a0                ioapic_register_device
                0xffffffff8000b120                ioapic_init
 *fill*         0xffffffff8000b3b3        0xd 
 .text          0xffffffff8000b3c0      0x2fc build/x86_64/arch/x86_64/arch_acpi.o
                0xffffffff8000b3c0                arch_acpi_init
 *fill*         0xffffffff8000b6bc        0x4 
 .text          0xffffffff8000b6c0      0xabe build/x86_64/arch/x86_64/pci.o
                0xffffffff8000b730                pci_get_mcfg_region_count
                0xffffffff8000b7b0                pci_get_regions_from_mcfg
                0xffffffff8000b8b0                pci_init
 .text          0xffffffff8000c17e        0x0 build/x86_64/kernel/platform/acpi/uACPI/source/default_handlers.o
 .text          0xffffffff8000c17e        0x0 build/x86_64/kernel/platform/acpi/uACPI/source/event.o
 .text          0xffffffff8000c17e        0x0 build/x86_64/kernel/platform/acpi/uACPI/source/interpreter.o
 .text          0xffffffff8000c17e        0x0 build/x86_64/kernel/platform/acpi/uACPI/source/io.o
 .text          0xffffffff8000c17e        0x0 build/x86_64/kernel/platform/acpi/uACPI/source/mutex.o
 .text          0xffffffff8000c17e        0x0 build/x86_64/kernel/platform/acpi/uACPI/source/namespace.o
 .text          0xffffffff8000c17e        0x0 build/x86_64/kernel/platform/acpi/uACPI/source/notify.o
 .text          0xffffffff8000c17e        0x0 build/x86_64/kernel/platform/acpi/uACPI/source/opcodes.o
 .text          0xffffffff8000c17e        0x0 build/x86_64/kernel/platform/acpi/uACPI/source/opregion.o
 .text          0xffffffff8000c17e        0x0 build/x86_64/kernel/platform/acpi/uACPI/source/osi.o
 .text          0xffffffff8000c17e        0x0 build/x86_64/kernel/platform/acpi/uACPI/source/registers.o
 .text          0xffffffff8000c17e        0x0 build/x86_64/kernel/platform/acpi/uACPI/source/resources.o
 .text          0xffffffff8000c17e        0x0 build/x86_64/kernel/platform/acpi/uACPI/source/shareable.o
 .text          0xffffffff8000c17e        0x0 build/x86_64/kernel/platform/acpi/uACPI/source/sleep.o
 *fill*         0xffffffff8000c17e        0x2 
 .text          0xffffffff8000c180      0xf2d build/x86_64/kernel/platform/acpi/uACPI/source/stdlib.o
                0xffffffff8000c210                uacpi_strlen
                0xffffffff8000c240                uacpi_vsnprintf
                0xffffffff8000cf40                uacpi_snprintf
                0xffffffff8000cfd0                uacpi_log
 *fill*         0xffffffff8000d0ad       0x13 
 .text          0xffffffff8000d0c0     0x162b build/x86_64/kernel/platform/acpi/uACPI/source/tables.o
                0xffffffff8000d230                uacpi_table_subsystem_available
                0xffffffff8000d240                uacpi_deinitialize_tables
                0xffffffff8000d310                uacpi_set_table_installation_handler
                0xffffffff8000d340                uacpi_verify_table_checksum
                0xffffffff8000d660                uacpi_signatures_match
                0xffffffff8000d670                uacpi_check_table_signature
                0xffffffff8000de60                uacpi_setup_early_table_access
                0xffffffff8000e220                uacpi_table_install_physical_with_origin
                0xffffffff8000e230                uacpi_table_install_with_origin
                0xffffffff8000e290                uacpi_table_install
                0xffffffff8000e300                uacpi_table_install_physical
                0xffffffff8000e330                uacpi_for_each_table
                0xffffffff8000e3c0                uacpi_table_find_by_signature
                0xffffffff8000e400                uacpi_table_find
                0xffffffff8000e430                uacpi_table_ref
                0xffffffff8000e4d0                uacpi_table_unref
                0xffffffff8000e570                uacpi_table_find_next_with_same_signature
                0xffffffff8000e5e0                uacpi_table_fadt
                0xffffffff8000e600                uacpi_for_each_subtable
 *fill*         0xffffffff8000e6eb        0x5 
 .text          0xffffffff8000e6f0       0xf9 build/x86_64/kernel/platform/acpi/uACPI/source/types.o
                0xffffffff8000e6f0                uacpi_address_space_to_string
 *fill*         0xffffffff8000e7e9        0x7 
 .text          0xffffffff8000e7f0      0x30f build/x86_64/kernel/platform/acpi/uACPI/source/uacpi.o
                0xffffffff8000e7f0                uacpi_is_platform_reduced_hardware
                0xffffffff8000e820                uacpi_context_set_log_level
                0xffffffff8000e840                uacpi_logger_initialize
                0xffffffff8000e890                uacpi_context_set_proactive_table_checksum
                0xffffffff8000e8c0                uacpi_status_to_string
                0xffffffff8000eae0                uacpi_state_reset
 .text.unlikely
                0xffffffff8000eaff        0x8 build/x86_64/kernel/platform/acpi/uACPI/source/uacpi.o
 *fill*         0xffffffff8000eb07        0x9 
 .text          0xffffffff8000eb10      0x2be build/x86_64/kernel/platform/acpi/uACPI/source/utilities.o
                0xffffffff8000eb10                uacpi_string_to_integer
 *fill*         0xffffffff8000edce        0x2 
 .text          0xffffffff8000edd0      0x341 build/x86_64/kernel/platform/acpi/acpi.o
                0xffffffff8000edd0                uacpi_kernel_get_rsdp
                0xffffffff8000edf0                uacpi_kernel_map
                0xffffffff8000ee90                uacpi_kernel_unmap
                0xffffffff8000ef10                uacpi_kernel_log
                0xffffffff8000ef30                acpi_get_madt
                0xffffffff8000ef90                acpi_get_mcfg
                0xffffffff8000eff0                acpi_init
 *fill*         0xffffffff8000f111       0x2f 
 .text          0xffffffff8000f140     0x390a build/x86_64/kernel/platform/terminal/flanterm/flanterm.o
                0xffffffff8000f4c0                flanterm_context_reinit
                0xffffffff8000f580                flanterm_write
                0xffffffff80012850                flanterm_flush
                0xffffffff80012860                flanterm_full_refresh
                0xffffffff80012870                flanterm_deinit
                0xffffffff80012880                flanterm_get_dimensions
                0xffffffff800128a0                flanterm_set_autoflush
                0xffffffff800128b0                flanterm_set_callback
                0xffffffff800128c0                flanterm_get_cursor_pos
                0xffffffff800128d0                flanterm_set_cursor_pos
                0xffffffff80012900                flanterm_set_text_fg
                0xffffffff80012950                flanterm_set_text_bg
                0xffffffff800129a0                flanterm_reset_text_fg
                0xffffffff800129f0                flanterm_reset_text_bg
                0xffffffff80012a40                flanterm_clear
 *fill*         0xffffffff80012a4a       0x36 
 .text          0xffffffff80012a80     0x2c48 build/x86_64/kernel/platform/terminal/flanterm/flanterm_backends/fb.o
                0xffffffff800140a0                flanterm_fb_init
                0xffffffff800156c0                flanterm_fb_set_flush_callback
 *fill*         0xffffffff800156c8        0x8 
 .text          0xffffffff800156d0       0x27 build/x86_64/kernel/kernel.o
                0xffffffff800156d0                kmain
 *fill*         0xffffffff800156f7        0x9 
 .text          0xffffffff80015700      0xa85 build/x86_64/arch/x86_64/interrupts.o
                0xffffffff80015700                ISR0
                0xffffffff80015709                ISR1
                0xffffffff80015712                ISR2
                0xffffffff8001571b                ISR3
                0xffffffff80015724                ISR4
                0xffffffff8001572d                ISR5
                0xffffffff80015736                ISR6
                0xffffffff8001573f                ISR7
                0xffffffff80015748                ISR8
                0xffffffff8001574f                ISR9
                0xffffffff80015758                ISR10
                0xffffffff8001575f                ISR11
                0xffffffff80015766                ISR12
                0xffffffff8001576d                ISR13
                0xffffffff80015774                ISR14
                0xffffffff8001577b                ISR15
                0xffffffff80015784                ISR16
                0xffffffff8001578d                ISR17
                0xffffffff80015794                ISR18
                0xffffffff8001579d                ISR19
                0xffffffff800157a6                ISR20
                0xffffffff800157af                ISR21
                0xffffffff800157b6                ISR22
                0xffffffff800157bf                ISR23
                0xffffffff800157c8                ISR24
                0xffffffff800157d1                ISR25
                0xffffffff800157da                ISR26
                0xffffffff800157e3                ISR27
                0xffffffff800157ec                ISR28
                0xffffffff800157f5                ISR29
                0xffffffff800157fc                ISR30
                0xffffffff80015803                ISR31
                0xffffffff8001580c                ISR32
                0xffffffff80015815                ISR33
                0xffffffff8001581e                ISR34
                0xffffffff80015827                ISR35
                0xffffffff80015830                ISR36
                0xffffffff80015839                ISR37
                0xffffffff80015842                ISR38
                0xffffffff8001584b                ISR39
                0xffffffff80015854                ISR40
                0xffffffff8001585d                ISR41
                0xffffffff80015866                ISR42
                0xffffffff8001586f                ISR43
                0xffffffff80015878                ISR44
                0xffffffff80015881                ISR45
                0xffffffff8001588a                ISR46
                0xffffffff80015893                ISR47
                0xffffffff8001589c                ISR48
                0xffffffff800158a5                ISR49
                0xffffffff800158ae                ISR50
                0xffffffff800158b7                ISR51
                0xffffffff800158c0                ISR52
                0xffffffff800158c9                ISR53
                0xffffffff800158d2                ISR54
                0xffffffff800158db                ISR55
                0xffffffff800158e4                ISR56
                0xffffffff800158ed                ISR57
                0xffffffff800158f6                ISR58
                0xffffffff800158ff                ISR59
                0xffffffff80015908                ISR60
                0xffffffff80015911                ISR61
                0xffffffff8001591a                ISR62
                0xffffffff80015923                ISR63
                0xffffffff8001592c                ISR64
                0xffffffff80015935                ISR65
                0xffffffff8001593e                ISR66
                0xffffffff80015947                ISR67
                0xffffffff80015950                ISR68
                0xffffffff80015959                ISR69
                0xffffffff80015962                ISR70
                0xffffffff8001596b                ISR71
                0xffffffff80015974                ISR72
                0xffffffff8001597d                ISR73
                0xffffffff80015986                ISR74
                0xffffffff8001598f                ISR75
                0xffffffff80015998                ISR76
                0xffffffff800159a1                ISR77
                0xffffffff800159aa                ISR78
                0xffffffff800159b3                ISR79
                0xffffffff800159bc                ISR80
                0xffffffff800159c5                ISR81
                0xffffffff800159ce                ISR82
                0xffffffff800159d7                ISR83
                0xffffffff800159e0                ISR84
                0xffffffff800159e9                ISR85
                0xffffffff800159f2                ISR86
                0xffffffff800159fb                ISR87
                0xffffffff80015a04                ISR88
                0xffffffff80015a0d                ISR89
                0xffffffff80015a16                ISR90
                0xffffffff80015a1f                ISR91
                0xffffffff80015a28                ISR92
                0xffffffff80015a31                ISR93
                0xffffffff80015a3a                ISR94
                0xffffffff80015a43                ISR95
                0xffffffff80015a4c                ISR96
                0xffffffff80015a55                ISR97
                0xffffffff80015a5e                ISR98
                0xffffffff80015a67                ISR99
                0xffffffff80015a70                ISR100
                0xffffffff80015a79                ISR101
                0xffffffff80015a82                ISR102
                0xffffffff80015a8b                ISR103
                0xffffffff80015a94                ISR104
                0xffffffff80015a9d                ISR105
                0xffffffff80015aa6                ISR106
                0xffffffff80015aaf                ISR107
                0xffffffff80015ab8                ISR108
                0xffffffff80015ac1                ISR109
                0xffffffff80015aca                ISR110
                0xffffffff80015ad3                ISR111
                0xffffffff80015adc                ISR112
                0xffffffff80015ae5                ISR113
                0xffffffff80015aee                ISR114
                0xffffffff80015af7                ISR115
                0xffffffff80015b00                ISR116
                0xffffffff80015b09                ISR117
                0xffffffff80015b12                ISR118
                0xffffffff80015b1b                ISR119
                0xffffffff80015b24                ISR120
                0xffffffff80015b2d                ISR121
                0xffffffff80015b36                ISR122
                0xffffffff80015b3f                ISR123
                0xffffffff80015b48                ISR124
                0xffffffff80015b51                ISR125
                0xffffffff80015b5a                ISR126
                0xffffffff80015b63                ISR127
                0xffffffff80015b6c                ISR128
                0xffffffff80015b78                ISR129
                0xffffffff80015b84                ISR130
                0xffffffff80015b90                ISR131
                0xffffffff80015b9c                ISR132
                0xffffffff80015ba8                ISR133
                0xffffffff80015bb4                ISR134
                0xffffffff80015bc0                ISR135
                0xffffffff80015bcc                ISR136
                0xffffffff80015bd8                ISR137
                0xffffffff80015be4                ISR138
                0xffffffff80015bf0                ISR139
                0xffffffff80015bfc                ISR140
                0xffffffff80015c08                ISR141
                0xffffffff80015c14                ISR142
                0xffffffff80015c20                ISR143
                0xffffffff80015c2c                ISR144
                0xffffffff80015c38                ISR145
                0xffffffff80015c44                ISR146
                0xffffffff80015c50                ISR147
                0xffffffff80015c5c                ISR148
                0xffffffff80015c68                ISR149
                0xffffffff80015c74                ISR150
                0xffffffff80015c80                ISR151
                0xffffffff80015c8c                ISR152
                0xffffffff80015c98                ISR153
                0xffffffff80015ca4                ISR154
                0xffffffff80015cb0                ISR155
                0xffffffff80015cbc                ISR156
                0xffffffff80015cc8                ISR157
                0xffffffff80015cd4                ISR158
                0xffffffff80015ce0                ISR159
                0xffffffff80015cec                ISR160
                0xffffffff80015cf8                ISR161
                0xffffffff80015d04                ISR162
                0xffffffff80015d10                ISR163
                0xffffffff80015d1c                ISR164
                0xffffffff80015d28                ISR165
                0xffffffff80015d34                ISR166
                0xffffffff80015d40                ISR167
                0xffffffff80015d4c                ISR168
                0xffffffff80015d58                ISR169
                0xffffffff80015d64                ISR170
                0xffffffff80015d70                ISR171
                0xffffffff80015d7c                ISR172
                0xffffffff80015d88                ISR173
                0xffffffff80015d94                ISR174
                0xffffffff80015da0                ISR175
                0xffffffff80015dac                ISR176
                0xffffffff80015db8                ISR177
                0xffffffff80015dc4                ISR178
                0xffffffff80015dd0                ISR179
                0xffffffff80015ddc                ISR180
                0xffffffff80015de8                ISR181
                0xffffffff80015df4                ISR182
                0xffffffff80015e00                ISR183
                0xffffffff80015e0c                ISR184
                0xffffffff80015e18                ISR185
                0xffffffff80015e24                ISR186
                0xffffffff80015e30                ISR187
                0xffffffff80015e3c                ISR188
                0xffffffff80015e48                ISR189
                0xffffffff80015e54                ISR190
                0xffffffff80015e60                ISR191
                0xffffffff80015e6c                ISR192
                0xffffffff80015e78                ISR193
                0xffffffff80015e84                ISR194
                0xffffffff80015e90                ISR195
                0xffffffff80015e9c                ISR196
                0xffffffff80015ea8                ISR197
                0xffffffff80015eb4                ISR198
                0xffffffff80015ec0                ISR199
                0xffffffff80015ecc                ISR200
                0xffffffff80015ed8                ISR201
                0xffffffff80015ee4                ISR202
                0xffffffff80015ef0                ISR203
                0xffffffff80015efc                ISR204
                0xffffffff80015f08                ISR205
                0xffffffff80015f14                ISR206
                0xffffffff80015f20                ISR207
                0xffffffff80015f2c                ISR208
                0xffffffff80015f38                ISR209
                0xffffffff80015f44                ISR210
                0xffffffff80015f50                ISR211
                0xffffffff80015f5c                ISR212
                0xffffffff80015f68                ISR213
                0xffffffff80015f74                ISR214
                0xffffffff80015f80                ISR215
                0xffffffff80015f8c                ISR216
                0xffffffff80015f98                ISR217
                0xffffffff80015fa4                ISR218
                0xffffffff80015fb0                ISR219
                0xffffffff80015fbc                ISR220
                0xffffffff80015fc8                ISR221
                0xffffffff80015fd4                ISR222
                0xffffffff80015fe0                ISR223
                0xffffffff80015fec                ISR224
                0xffffffff80015ff8                ISR225
                0xffffffff80016004                ISR226
                0xffffffff80016010                ISR227
                0xffffffff8001601c                ISR228
                0xffffffff80016028                ISR229
                0xffffffff80016034                ISR230
                0xffffffff80016040                ISR231
                0xffffffff8001604c                ISR232
                0xffffffff80016058                ISR233
                0xffffffff80016064                ISR234
                0xffffffff80016070                ISR235
                0xffffffff8001607c                ISR236
                0xffffffff80016088                ISR237
                0xffffffff80016094                ISR238
                0xffffffff800160a0                ISR239
                0xffffffff800160ac                ISR240
                0xffffffff800160b8                ISR241
                0xffffffff800160c1                ISR242
                0xffffffff800160ca                ISR243
                0xffffffff800160d3                ISR244
                0xffffffff800160dc                ISR245
                0xffffffff800160e5                ISR246
                0xffffffff800160ee                ISR247
                0xffffffff800160f7                ISR248
                0xffffffff80016100                ISR249
                0xffffffff80016109                ISR250
                0xffffffff80016112                ISR251
                0xffffffff8001611b                ISR252
                0xffffffff80016124                ISR253
                0xffffffff8001612d                ISR254
                0xffffffff80016136                ISR255

.iplt           0xffffffff80016185        0x0
 .iplt          0xffffffff80016185        0x0 build/x86_64/kernel/bootstrap.o
                0xffffffff80017000                . = ALIGN (CONSTANT (MAXPAGESIZE))

.rodata         0xffffffff80017000     0x8e10
 *(.rodata .rodata.*)
 .rodata.str1.8
                0xffffffff80017000     0x251a build/x86_64/kernel/bootstrap.o
                                        0x1f6 (size before relaxing)
 .rodata.str1.1
                0xffffffff8001951a      0x628 build/x86_64/kernel/bootstrap.o
                                         0x1c (size before relaxing)
 .rodata.str1.8
                0xffffffff80019b42        0x0 build/x86_64/kernel/selftests/datastructurestests.o
                                        0x2f3 (size before relaxing)
 .rodata.str1.1
                0xffffffff80019b42        0x0 build/x86_64/kernel/selftests/datastructurestests.o
                                         0x68 (size before relaxing)
 .rodata.str1.1
                0xffffffff80019b42        0x0 build/x86_64/kernel/selftests/memorytests.o
                                         0xd8 (size before relaxing)
 .rodata.str1.8
                0xffffffff80019b42        0x0 build/x86_64/kernel/selftests/memorytests.o
                                        0xa33 (size before relaxing)
 *fill*         0xffffffff80019b42        0xe 
 .rodata.cst16  0xffffffff80019b50      0x180 build/x86_64/kernel/selftests/memorytests.o
                                         0xb0 (size before relaxing)
 .rodata.str1.1
                0xffffffff80019cd0        0x0 build/x86_64/kernel/selftests/klibtests.o
                                         0x6f (size before relaxing)
 .rodata.str1.8
                0xffffffff80019cd0        0x0 build/x86_64/kernel/selftests/klibtests.o
                                        0x324 (size before relaxing)
 .rodata.cst16  0xffffffff80019cd0        0x0 build/x86_64/kernel/selftests/klibtests.o
                                         0x80 (size before relaxing)
 .rodata.str1.8
                0xffffffff80019cd0        0x0 build/x86_64/kernel/platform/cpu/cpu.o
                                         0x38 (size before relaxing)
 .rodata.str1.8
                0xffffffff80019cd0        0x0 build/x86_64/kernel/platform/memory/pmm.o
                                        0x131 (size before relaxing)
 .rodata.str1.8
                0xffffffff80019cd0        0x0 build/x86_64/kernel/platform/memory/vmm.o
                                         0x30 (size before relaxing)
 .rodata.str1.8
                0xffffffff80019cd0        0x0 build/x86_64/kernel/platform/memory/heap.o
                                         0x5f (size before relaxing)
 .rodata.str1.1
                0xffffffff80019cd0        0x0 build/x86_64/kernel/platform/memory/heap.o
                                         0x1e (size before relaxing)
 *fill*         0xffffffff80019cd0       0x10 
 .rodata        0xffffffff80019ce0       0x70 build/x86_64/kernel/platform/memory/heap.o
                0xffffffff80019ce0                heap_object_sizes
 .rodata.str1.1
                0xffffffff80019d50        0x0 build/x86_64/klib/printf/printf.o
                                         0x12 (size before relaxing)
 *fill*         0xffffffff80019d50       0x10 
 .rodata        0xffffffff80019d60      0x390 build/x86_64/klib/printf/printf.o
 .rodata.cst8   0xffffffff8001a0f0       0xa8 build/x86_64/klib/printf/printf.o
                                         0xa0 (size before relaxing)
 .rodata.cst16  0xffffffff8001a198        0x0 build/x86_64/klib/printf/printf.o
                                         0x10 (size before relaxing)
 .rodata        0xffffffff8001a198        0x3 build/x86_64/klib/klib.o
 .rodata.str1.8
                0xffffffff8001a19b        0x0 build/x86_64/arch/x86_64/arch_entry.o
                                         0x6f (size before relaxing)
 .rodata.str1.1
                0xffffffff8001a19b        0x0 build/x86_64/arch/x86_64/arch_entry.o
                                         0x1a (size before relaxing)
 *fill*         0xffffffff8001a19b        0x5 
 .rodata        0xffffffff8001a1a0       0x26 build/x86_64/arch/x86_64/arch_entry.o
 *fill*         0xffffffff8001a1c6        0x2 
 .rodata.cst8   0xffffffff8001a1c8       0x10 build/x86_64/arch/x86_64/arch_entry.o
 .rodata.str1.8
                0xffffffff8001a1d8        0x0 build/x86_64/arch/x86_64/arch_paging.o
                                        0x40b (size before relaxing)
 .rodata.str1.1
                0xffffffff8001a1d8        0x0 build/x86_64/arch/x86_64/arch_paging.o
                                         0x6b (size before relaxing)
 .rodata.cst8   0xffffffff8001a1d8        0x0 build/x86_64/arch/x86_64/arch_paging.o
                                          0x8 (size before relaxing)
 .rodata.str1.8
                0xffffffff8001a1d8        0x0 build/x86_64/arch/x86_64/arch_init.o
                                         0xcd (size before relaxing)
 *fill*         0xffffffff8001a1d8        0x8 
 .rodata        0xffffffff8001a1e0      0x800 build/x86_64/arch/x86_64/arch_init.o
 .rodata.cst16  0xffffffff8001a9e0        0x0 build/x86_64/arch/x86_64/arch_init.o
                                         0x20 (size before relaxing)
 .rodata.str1.1
                0xffffffff8001a9e0        0x0 build/x86_64/arch/x86_64/interrupt_handler.o
                                         0xc6 (size before relaxing)
 .rodata.str1.8
                0xffffffff8001a9e0        0x0 build/x86_64/arch/x86_64/interrupt_handler.o
                                        0x16e (size before relaxing)
 .rodata.str1.8
                0xffffffff8001a9e0        0x0 build/x86_64/arch/x86_64/lapic.o
                                         0xd3 (size before relaxing)
 .rodata.str1.8
                0xffffffff8001a9e0        0x0 build/x86_64/arch/x86_64/ioapic.o
                                         0xb1 (size before relaxing)
 .rodata.str1.8
                0xffffffff8001a9e0        0x0 build/x86_64/arch/x86_64/pci.o
                                        0x171 (size before relaxing)
 .rodata.str1.1
                0xffffffff8001a9e0        0x0 build/x86_64/arch/x86_64/pci.o
                                         0x3c (size before relaxing)
 .rodata.cst2   0xffffffff8001a9e0        0x2 build/x86_64/arch/x86_64/pci.o
 .rodata.str1.1
                0xffffffff8001a9e2        0x0 build/x86_64/kernel/platform/acpi/uACPI/source/stdlib.o
                                         0x2f (size before relaxing)
 *fill*         0xffffffff8001a9e2        0xe 
 .rodata        0xffffffff8001a9f0       0xc1 build/x86_64/kernel/platform/acpi/uACPI/source/stdlib.o
 .rodata.str1.8
                0xffffffff8001aab1        0x0 build/x86_64/kernel/platform/acpi/uACPI/source/tables.o
                                        0x487 (size before relaxing)
 .rodata.str1.1
                0xffffffff8001aab1        0x0 build/x86_64/kernel/platform/acpi/uACPI/source/tables.o
                                         0x24 (size before relaxing)
 *fill*         0xffffffff8001aab1        0xf 
 .rodata        0xffffffff8001aac0       0xc0 build/x86_64/kernel/platform/acpi/uACPI/source/tables.o
 .rodata.str1.1
                0xffffffff8001ab80        0x0 build/x86_64/kernel/platform/acpi/uACPI/source/types.o
                                         0xb3 (size before relaxing)
 .rodata        0xffffffff8001ab80       0x60 build/x86_64/kernel/platform/acpi/uACPI/source/types.o
 .rodata.str1.8
                0xffffffff8001abe0        0x0 build/x86_64/kernel/platform/acpi/uACPI/source/uacpi.o
                                        0x21d (size before relaxing)
 .rodata.str1.1
                0xffffffff8001abe0        0x0 build/x86_64/kernel/platform/acpi/uACPI/source/uacpi.o
                                        0x1a3 (size before relaxing)
 .rodata        0xffffffff8001abe0       0xf8 build/x86_64/kernel/platform/acpi/uACPI/source/uacpi.o
 *fill*         0xffffffff8001acd8        0x8 
 .rodata        0xffffffff8001ace0      0x100 build/x86_64/kernel/platform/acpi/uACPI/source/utilities.o
 .rodata.str1.1
                0xffffffff8001ade0        0x0 build/x86_64/kernel/platform/acpi/acpi.o
                                         0x18 (size before relaxing)
 .rodata.str1.8
                0xffffffff8001ade0        0x0 build/x86_64/kernel/platform/acpi/acpi.o
                                         0x5e (size before relaxing)
 .rodata        0xffffffff8001ade0     0x3f80 build/x86_64/kernel/platform/terminal/flanterm/flanterm.o
 .rodata.cst16  0xffffffff8001ed60        0x0 build/x86_64/kernel/platform/terminal/flanterm/flanterm.o
                                         0x20 (size before relaxing)
 .rodata        0xffffffff8001ed60     0x1000 build/x86_64/kernel/platform/terminal/flanterm/flanterm_backends/fb.o
 .rodata.cst16  0xffffffff8001fd60        0x0 build/x86_64/kernel/platform/terminal/flanterm/flanterm_backends/fb.o
                                         0x10 (size before relaxing)
 .rodata.cst8   0xffffffff8001fd60       0xb0 build/x86_64/kernel/platform/terminal/flanterm/flanterm_backends/fb.o
 .rodata.str1.8
                0xffffffff8001fe10        0x0 build/x86_64/kernel/kernel.o
                                         0x22 (size before relaxing)

.note.gnu.build-id
                0xffffffff8001fe10       0x24
 *(.note.gnu.build-id)
 .note.gnu.build-id
                0xffffffff8001fe10       0x24 build/x86_64/kernel/bootstrap.o

.rela.dyn       0xffffffff8001fe38        0x0
 .rela.got      0xffffffff8001fe38        0x0 build/x86_64/kernel/bootstrap.o
 .rela.iplt     0xffffffff8001fe38        0x0 build/x86_64/kernel/bootstrap.o
 .rela.rodata.cst8
                0xffffffff8001fe38        0x0 build/x86_64/kernel/bootstrap.o
                0xffffffff80020000                . = ALIGN (CONSTANT (MAXPAGESIZE))

.data           0xffffffff80020000        0xc
 *(.data .data.*)
 .data          0xffffffff80020000        0x0 build/x86_64/kernel/bootstrap.o
 .data          0xffffffff80020000        0x0 build/x86_64/klib/debug.o
 .data          0xffffffff80020000        0x0 build/x86_64/kernel/selftests/selftest.o
 .data          0xffffffff80020000        0x0 build/x86_64/kernel/selftests/datastructurestests.o
 .data          0xffffffff80020000        0x0 build/x86_64/kernel/selftests/memorytests.o
 .data          0xffffffff80020000        0x0 build/x86_64/kernel/selftests/klibtests.o
 .data          0xffffffff80020000        0x0 build/x86_64/kernel/platform/cpu/cpu.o
 .data          0xffffffff80020000        0x0 build/x86_64/kernel/platform/memory/pmm.o
 .data          0xffffffff80020000        0x0 build/x86_64/kernel/platform/memory/metadata.o
 .data          0xffffffff80020000        0x0 build/x86_64/kernel/platform/memory/vmm.o
 .data          0xffffffff80020000        0x0 build/x86_64/kernel/platform/memory/heap.o
 .data          0xffffffff80020000        0x0 build/x86_64/kernel/platform/terminal/terminal.o
 .data          0xffffffff80020000        0x0 build/x86_64/kernel/platform/device/device.o
 .data          0xffffffff80020000        0x0 build/x86_64/klib/printf/printf.o
 .data          0xffffffff80020000        0x0 build/x86_64/klib/klib.o
 .data          0xffffffff80020000        0x0 build/x86_64/arch/x86_64/arch_entry.o
 .data          0xffffffff80020000        0x0 build/x86_64/arch/x86_64/arch_paging.o
 .data          0xffffffff80020000        0x0 build/x86_64/arch/x86_64/arch_init.o
 .data          0xffffffff80020000        0x0 build/x86_64/arch/x86_64/interrupt_handler.o
 .data          0xffffffff80020000        0x0 build/x86_64/arch/x86_64/lapic.o
 .data          0xffffffff80020000        0x0 build/x86_64/arch/x86_64/ioapic.o
 .data          0xffffffff80020000        0x0 build/x86_64/arch/x86_64/arch_acpi.o
 .data          0xffffffff80020000        0x0 build/x86_64/arch/x86_64/pci.o
 .data          0xffffffff80020000        0x0 build/x86_64/kernel/platform/acpi/uACPI/source/default_handlers.o
 .data          0xffffffff80020000        0x0 build/x86_64/kernel/platform/acpi/uACPI/source/event.o
 .data          0xffffffff80020000        0x0 build/x86_64/kernel/platform/acpi/uACPI/source/interpreter.o
 .data          0xffffffff80020000        0x0 build/x86_64/kernel/platform/acpi/uACPI/source/io.o
 .data          0xffffffff80020000        0x0 build/x86_64/kernel/platform/acpi/uACPI/source/mutex.o
 .data          0xffffffff80020000        0x0 build/x86_64/kernel/platform/acpi/uACPI/source/namespace.o
 .data          0xffffffff80020000        0x0 build/x86_64/kernel/platform/acpi/uACPI/source/notify.o
 .data          0xffffffff80020000        0x0 build/x86_64/kernel/platform/acpi/uACPI/source/opcodes.o
 .data          0xffffffff80020000        0x0 build/x86_64/kernel/platform/acpi/uACPI/source/opregion.o
 .data          0xffffffff80020000        0x0 build/x86_64/kernel/platform/acpi/uACPI/source/osi.o
 .data          0xffffffff80020000        0x0 build/x86_64/kernel/platform/acpi/uACPI/source/registers.o
 .data          0xffffffff80020000        0x0 build/x86_64/kernel/platform/acpi/uACPI/source/resources.o
 .data          0xffffffff80020000        0x0 build/x86_64/kernel/platform/acpi/uACPI/source/shareable.o
 .data          0xffffffff80020000        0x0 build/x86_64/kernel/platform/acpi/uACPI/source/sleep.o
 .data          0xffffffff80020000        0x0 build/x86_64/kernel/platform/acpi/uACPI/source/stdlib.o
 .data          0xffffffff80020000        0xc build/x86_64/kernel/platform/acpi/uACPI/source/tables.o
                0xffffffff80020000                fadt_version_sizes
 .data          0xffffffff8002000c        0x0 build/x86_64/kernel/platform/acpi/uACPI/source/types.o
 .data          0xffffffff8002000c        0x0 build/x86_64/kernel/platform/acpi/uACPI/source/uacpi.o
 .data          0xffffffff8002000c        0x0 build/x86_64/kernel/platform/acpi/uACPI/source/utilities.o
 .data          0xffffffff8002000c        0x0 build/x86_64/kernel/platform/acpi/acpi.o
 .data          0xffffffff8002000c        0x0 build/x86_64/kernel/platform/terminal/flanterm/flanterm.o
 .data          0xffffffff8002000c        0x0 build/x86_64/kernel/platform/terminal/flanterm/flanterm_backends/fb.o
 .data          0xffffffff8002000c        0x0 build/x86_64/kernel/kernel.o

.got            0xffffffff80020010        0x0
 .got           0xffffffff80020010        0x0 build/x86_64/kernel/bootstrap.o

.got.plt        0xffffffff80020010        0x0
 .got.plt       0xffffffff80020010        0x0 build/x86_64/kernel/bootstrap.o

.igot.plt       0xffffffff80020010        0x0
 .igot.plt      0xffffffff80020010        0x0 build/x86_64/kernel/bootstrap.o

.bss            0xffffffff80020020    0xffda8
 *(.bss .bss.*)
 .bss           0xffffffff80020020        0x0 build/x86_64/kernel/bootstrap.o
 .bss           0xffffffff80020020        0x0 build/x86_64/klib/debug.o
 .bss           0xffffffff80020020        0x0 build/x86_64/kernel/selftests/selftest.o
 .bss           0xffffffff80020020        0x0 build/x86_64/kernel/selftests/datastructurestests.o
 .bss           0xffffffff80020020    0x18000 build/x86_64/kernel/selftests/memorytests.o
 .bss           0xffffffff80038020        0x0 build/x86_64/kernel/selftests/klibtests.o
 .bss           0xffffffff80038020    0x10d20 build/x86_64/kernel/platform/cpu/cpu.o
                0xffffffff80038020                platform
 .bss           0xffffffff80048d40        0x0 build/x86_64/kernel/platform/memory/pmm.o
 .bss           0xffffffff80048d40        0x0 build/x86_64/kernel/platform/memory/metadata.o
 .bss           0xffffffff80048d40       0xa8 build/x86_64/kernel/platform/memory/vmm.o
                0xffffffff80048d40                USER_VIRTUAL_END
                0xffffffff80048d48                USER_VIRTUAL_BASE
                0xffffffff80048d50                KERNEL_VIRTUAL_END
                0xffffffff80048d58                KERNEL_VIRTUAL_BASE
 .bss           0xffffffff80048de8        0x0 build/x86_64/kernel/platform/memory/heap.o
 .bss           0xffffffff80048de8        0x0 build/x86_64/kernel/platform/terminal/terminal.o
 .bss           0xffffffff80048de8        0x0 build/x86_64/kernel/platform/device/device.o
 .bss           0xffffffff80048de8        0x0 build/x86_64/klib/printf/printf.o
 .bss           0xffffffff80048de8        0x1 build/x86_64/klib/klib.o
                0xffffffff80048de8                kprintf_lock
 *fill*         0xffffffff80048de9       0x17 
 .bss           0xffffffff80048e00     0x1800 build/x86_64/arch/x86_64/arch_entry.o
 .bss           0xffffffff8004a600        0x0 build/x86_64/arch/x86_64/arch_paging.o
 .bss           0xffffffff8004a600        0x0 build/x86_64/arch/x86_64/arch_init.o
 .bss           0xffffffff8004a600        0x0 build/x86_64/arch/x86_64/interrupt_handler.o
 .bss           0xffffffff8004a600        0x0 build/x86_64/arch/x86_64/lapic.o
 .bss           0xffffffff8004a600        0x0 build/x86_64/arch/x86_64/ioapic.o
 .bss           0xffffffff8004a600        0x0 build/x86_64/arch/x86_64/arch_acpi.o
 .bss           0xffffffff8004a600        0x0 build/x86_64/arch/x86_64/pci.o
 .bss           0xffffffff8004a600        0x0 build/x86_64/kernel/platform/acpi/uACPI/source/default_handlers.o
 .bss           0xffffffff8004a600        0x0 build/x86_64/kernel/platform/acpi/uACPI/source/event.o
 .bss           0xffffffff8004a600        0x0 build/x86_64/kernel/platform/acpi/uACPI/source/interpreter.o
 .bss           0xffffffff8004a600        0x0 build/x86_64/kernel/platform/acpi/uACPI/source/io.o
 .bss           0xffffffff8004a600        0x0 build/x86_64/kernel/platform/acpi/uACPI/source/mutex.o
 .bss           0xffffffff8004a600        0x0 build/x86_64/kernel/platform/acpi/uACPI/source/namespace.o
 .bss           0xffffffff8004a600        0x0 build/x86_64/kernel/platform/acpi/uACPI/source/notify.o
 .bss           0xffffffff8004a600        0x0 build/x86_64/kernel/platform/acpi/uACPI/source/opcodes.o
 .bss           0xffffffff8004a600        0x0 build/x86_64/kernel/platform/acpi/uACPI/source/opregion.o
 .bss           0xffffffff8004a600        0x0 build/x86_64/kernel/platform/acpi/uACPI/source/osi.o
 .bss           0xffffffff8004a600        0x0 build/x86_64/kernel/platform/acpi/uACPI/source/registers.o
 .bss           0xffffffff8004a600        0x0 build/x86_64/kernel/platform/acpi/uACPI/source/resources.o
 .bss           0xffffffff8004a600        0x0 build/x86_64/kernel/platform/acpi/uACPI/source/shareable.o
 .bss           0xffffffff8004a600        0x0 build/x86_64/kernel/platform/acpi/uACPI/source/sleep.o
 .bss           0xffffffff8004a600        0x0 build/x86_64/kernel/platform/acpi/uACPI/source/stdlib.o
 .bss           0xffffffff8004a600      0x438 build/x86_64/kernel/platform/acpi/uACPI/source/tables.o
 .bss           0xffffffff8004aa38        0x0 build/x86_64/kernel/platform/acpi/uACPI/source/types.o
 *fill*         0xffffffff8004aa38        0x8 
 .bss           0xffffffff8004aa40      0x129 build/x86_64/kernel/platform/acpi/uACPI/source/uacpi.o
                0xffffffff8004aa40                g_uacpi_rt_ctx
 .bss           0xffffffff8004ab69        0x0 build/x86_64/kernel/platform/acpi/uACPI/source/utilities.o
 *fill*         0xffffffff8004ab69        0x7 
 .bss           0xffffffff8004ab70       0x10 build/x86_64/kernel/platform/acpi/acpi.o
                0xffffffff8004ab70                uacpi_early_table_buffer
                0xffffffff8004ab78                uacpi_rsdp_address
 .bss           0xffffffff8004ab80        0x0 build/x86_64/kernel/platform/terminal/flanterm/flanterm.o
 .bss           0xffffffff8004ab80    0xd5248 build/x86_64/kernel/platform/terminal/flanterm/flanterm_backends/fb.o
 .bss           0xffffffff8011fdc8        0x0 build/x86_64/kernel/kernel.o
 *(COMMON)
                0xffffffff80120000                . = ALIGN (CONSTANT (MAXPAGESIZE))
                0xffffffff80120000                PROVIDE (__kernel_end = .)

/DISCARD/
 *(.eh_frame*)
 *(.note .note.*)
 *(.comment)
LOAD build/x86_64/kernel/bootstrap.o
LOAD build/x86_64/klib/debug.o
LOAD build/x86_64/kernel/selftests/selftest.o
LOAD build/x86_64/kernel/selftests/datastructurestests.o
LOAD build/x86_64/kernel/selftests/memorytests.o
LOAD build/x86_64/kernel/selftests/klibtests.o
LOAD build/x86_64/kernel/platform/cpu/cpu.o
LOAD build/x86_64/kernel/platform/memory/pmm.o
LOAD build/x86_64/kernel/platform/memory/metadata.o
LOAD build/x86_64/kernel/platform/memory/vmm.o
LOAD build/x86_64/kernel/platform/memory/heap.o
LOAD build/x86_64/kernel/platform/terminal/terminal.o
LOAD build/x86_64/kernel/platform/device/device.o
LOAD build/x86_64/klib/printf/printf.o
LOAD build/x86_64/klib/klib.o
LOAD build/x86_64/arch/x86_64/arch_entry.o
LOAD build/x86_64/arch/x86_64/arch_paging.o
LOAD build/x86_64/arch/x86_64/arch_init.o
LOAD build/x86_64/arch/x86_64/interrupt_handler.o
LOAD build/x86_64/arch/x86_64/lapic.o
LOAD build/x86_64/arch/x86_64/ioapic.o
LOAD build/x86_64/arch/x86_64/arch_acpi.o
LOAD build/x86_64/arch/x86_64/pci.o
LOAD build/x86_64/kernel/platform/acpi/uACPI/source/default_handlers.o
LOAD build/x86_64/kernel/platform/acpi/uACPI/source/event.o
LOAD build/x86_64/kernel/platform/acpi/uACPI/source/interpreter.o
LOAD build/x86_64/kernel/platform/acpi/uACPI/source/io.o
LOAD build/x86_64/kernel/platform/acpi/uACPI/source/mutex.o
LOAD build/x86_64/kernel/platform/acpi/uACPI/source/namespace.o
LOAD build/x86_64/kernel/platform/acpi/uACPI/source/notify.o
LOAD build/x86_64/kernel/platform/acpi/uACPI/source/opcodes.o
LOAD build/x86_64/kernel/platform/acpi/uACPI/source/opregion.o
LOAD build/x86_64/kernel/platform/acpi/uACPI/source/osi.o
LOAD build/x86_64/kernel/platform/acpi/uACPI/source/registers.o
LOAD build/x86_64/kernel/platform/acpi/uACPI/source/resources.o
LOAD build/x86_64/kernel/platform/acpi/uACPI/source/shareable.o
LOAD build/x86_64/kernel/platform/acpi/uACPI/source/sleep.o
LOAD build/x86_64/kernel/platform/acpi/uACPI/source/stdlib.o
LOAD build/x86_64/kernel/platform/acpi/uACPI/source/tables.o
LOAD build/x86_64/kernel/platform/acpi/uACPI/source/types.o
LOAD build/x86_64/kernel/platform/acpi/uACPI/source/uacpi.o
LOAD build/x86_64/kernel/platform/acpi/uACPI/source/utilities.o
LOAD build/x86_64/kernel/platform/acpi/acpi.o
LOAD build/x86_64/kernel/platform/terminal/flanterm/flanterm.o
LOAD build/x86_64/kernel/platform/terminal/flanterm/flanterm_backends/fb.o
LOAD build/x86_64/kernel/kernel.o
LOAD build/x86_64/arch/x86_64/interrupts.o
OUTPUT(bin/kernel-x86_64.elf elf64-x86-64)
