Archive member included to satisfy reference by file (symbol)

build/rust-target/x86_64-unknown-none/debug/libarx_rust.a(arx_rust-df1a489d76635959.66qpj7q8k9mgjhs3xgig2bmw2.1ndp51o.rcgu.o)
                              build/x86_64/kernel/kernel.o (rust_entry)
build/rust-target/x86_64-unknown-none/debug/libarx_rust.a(arx_rust-df1a489d76635959.6pvz98uhd6va3hzgqx4n4zxly.1ndp51o.rcgu.o)
                              build/rust-target/x86_64-unknown-none/debug/libarx_rust.a(arx_rust-df1a489d76635959.66qpj7q8k9mgjhs3xgig2bmw2.1ndp51o.rcgu.o) (alloc::vec::Vec<T>::with_capacity)
build/rust-target/x86_64-unknown-none/debug/libarx_rust.a(arx_rust-df1a489d76635959.8ocsnt6e6grg7w7hnviwdg17l.1ndp51o.rcgu.o)
                              build/rust-target/x86_64-unknown-none/debug/libarx_rust.a(arx_rust-df1a489d76635959.6pvz98uhd6va3hzgqx4n4zxly.1ndp51o.rcgu.o) (alloc::raw_vec::RawVec<T,A>::grow_one)
build/rust-target/x86_64-unknown-none/debug/libarx_rust.a(arx_rust-df1a489d76635959.crf31582219799in78s2mbqie.1ndp51o.rcgu.o)
                              build/rust-target/x86_64-unknown-none/debug/libarx_rust.a(arx_rust-df1a489d76635959.66qpj7q8k9mgjhs3xgig2bmw2.1ndp51o.rcgu.o) (arx_rust::resource::kdebug_printf)
build/rust-target/x86_64-unknown-none/debug/libarx_rust.a(arx_rust-df1a489d76635959.d05rxglbi5awr14ne0jhbqw35.1ndp51o.rcgu.o)
                              build/rust-target/x86_64-unknown-none/debug/libarx_rust.a(arx_rust-df1a489d76635959.8ocsnt6e6grg7w7hnviwdg17l.1ndp51o.rcgu.o) (<alloc::alloc::Global as core::alloc::Allocator>::allocate_zeroed)
build/rust-target/x86_64-unknown-none/debug/libarx_rust.a(arx_rust-df1a489d76635959.d4uqsij3obdiedloc7wuflvjy.1ndp51o.rcgu.o)
                              build/rust-target/x86_64-unknown-none/debug/libarx_rust.a(arx_rust-df1a489d76635959.8ocsnt6e6grg7w7hnviwdg17l.1ndp51o.rcgu.o) (core::alloc::layout::Layout::from_size_align_unchecked::precondition_check)
build/rust-target/x86_64-unknown-none/debug/libarx_rust.a(arx_rust-df1a489d76635959.cvflhduzbin47y804fi562yrb.1ndp51o.rcgu.o)
                              build/rust-target/x86_64-unknown-none/debug/libarx_rust.a(arx_rust-df1a489d76635959.d05rxglbi5awr14ne0jhbqw35.1ndp51o.rcgu.o) (__rustc::__rust_no_alloc_shim_is_unstable_v2)
build/rust-target/x86_64-unknown-none/debug/libarx_rust.a(alloc-842e6e2f4ccd6097.alloc.b544392e097d5653-cgu.0.rcgu.o)
                              build/rust-target/x86_64-unknown-none/debug/libarx_rust.a(arx_rust-df1a489d76635959.8ocsnt6e6grg7w7hnviwdg17l.1ndp51o.rcgu.o) (alloc::raw_vec::handle_error)
build/rust-target/x86_64-unknown-none/debug/libarx_rust.a(core-fcc82a7537a7267a.core.bb170dea1013a3a3-cgu.0.rcgu.o)
                              build/rust-target/x86_64-unknown-none/debug/libarx_rust.a(alloc-842e6e2f4ccd6097.alloc.b544392e097d5653-cgu.0.rcgu.o) (core::panicking::panic)
build/rust-target/x86_64-unknown-none/debug/libarx_rust.a(compiler_builtins-97c4bb602908e8b6.compiler_builtins.a625f190c1cce357-cgu.161.rcgu.o)
                              build/rust-target/x86_64-unknown-none/debug/libarx_rust.a(alloc-842e6e2f4ccd6097.alloc.b544392e097d5653-cgu.0.rcgu.o) (memmove)
build/rust-target/x86_64-unknown-none/debug/libarx_rust.a(compiler_builtins-97c4bb602908e8b6.compiler_builtins.a625f190c1cce357-cgu.176.rcgu.o)
                              build/rust-target/x86_64-unknown-none/debug/libarx_rust.a(core-fcc82a7537a7267a.core.bb170dea1013a3a3-cgu.0.rcgu.o) (__nesf2)
build/rust-target/x86_64-unknown-none/debug/libarx_rust.a(compiler_builtins-97c4bb602908e8b6.compiler_builtins.a625f190c1cce357-cgu.179.rcgu.o)
                              build/rust-target/x86_64-unknown-none/debug/libarx_rust.a(core-fcc82a7537a7267a.core.bb170dea1013a3a3-cgu.0.rcgu.o) (__gedf2)
build/rust-target/x86_64-unknown-none/debug/libarx_rust.a(compiler_builtins-97c4bb602908e8b6.compiler_builtins.a625f190c1cce357-cgu.201.rcgu.o)
                              build/rust-target/x86_64-unknown-none/debug/libarx_rust.a(core-fcc82a7537a7267a.core.bb170dea1013a3a3-cgu.0.rcgu.o) (__truncsfhf2)
build/rust-target/x86_64-unknown-none/debug/libarx_rust.a(compiler_builtins-97c4bb602908e8b6.compiler_builtins.a625f190c1cce357-cgu.233.rcgu.o)
                              build/rust-target/x86_64-unknown-none/debug/libarx_rust.a(core-fcc82a7537a7267a.core.bb170dea1013a3a3-cgu.0.rcgu.o) (__floatdisf)
build/rust-target/x86_64-unknown-none/debug/libarx_rust.a(compiler_builtins-97c4bb602908e8b6.compiler_builtins.a625f190c1cce357-cgu.256.rcgu.o)
                              build/rust-target/x86_64-unknown-none/debug/libarx_rust.a(core-fcc82a7537a7267a.core.bb170dea1013a3a3-cgu.0.rcgu.o) (__divdf3)
build/rust-target/x86_64-unknown-none/debug/libarx_rust.a(compiler_builtins-97c4bb602908e8b6.compiler_builtins.a625f190c1cce357-cgu.268.rcgu.o)
                              build/rust-target/x86_64-unknown-none/debug/libarx_rust.a(core-fcc82a7537a7267a.core.bb170dea1013a3a3-cgu.0.rcgu.o) (__nedf2)
[...]
Memory Configuration

Name             Origin             Length             Attributes
*default*        0x0000000000000000 0xffffffffffffffff

Linker script and memory map

                0xffffffff80000000                . = 0xffffffff80000000
                0xffffffff80000000                PROVIDE (__kernel_start = .)

.limine_requests
                0xffffffff80000000      0x1e0
 *(.limine_requests_start)
 .limine_requests_start
                0xffffffff80000000       0x20 build/x86_64/arch/x86_64/arch_entry.o
 *(.limine_requests)
 .limine_requests
                0xffffffff80000020      0x1a8 build/x86_64/arch/x86_64/arch_entry.o
 *(.limine_requests_end)
 *fill*         0xffffffff800001c8        0x8 
 .limine_requests_end
                0xffffffff800001d0       0x10 build/x86_64/arch/x86_64/arch_entry.o
                0xffffffff80001000                . = ALIGN (CONSTANT (MAXPAGESIZE))

.text           0xffffffff80001000    0x4ee70
 *(.text .text.*)
 .text          0xffffffff80001000      0x507 build/x86_64/kernel/kernel.o
                0xffffffff8000100b                kmain
                0xffffffff8000140f                smp_kmain
                0xffffffff80001481                kmain_post_init
 .text          0xffffffff80001507      0x352 build/x86_64/klib/debug.o
                0xffffffff80001507                debug_validate_boot
                0xffffffff800016f5                debug_pci_devices
 .text          0xffffffff80001859       0x16 build/x86_64/kernel/selftest.o
                0xffffffff80001859                run_selftests
 .text          0xffffffff8000186f      0xfc2 build/x86_64/kernel/selftests/datastructurestests.o
                0xffffffff80002820                run_datastructures_selftests
 .text          0xffffffff80002831     0x1efd build/x86_64/kernel/selftests/memorytests.o
                0xffffffff80004718                run_memory_selftests
 .text          0xffffffff8000472e      0x8b4 build/x86_64/kernel/selftests/klibtests.o
                0xffffffff80004f04                run_klib_selftests
 .text          0xffffffff80004fe2      0x176 build/x86_64/kernel/resource/cpu/cpu.o
                0xffffffff80004fed                cpus_init
                0xffffffff80005093                cpu_init_stack
 .text          0xffffffff80005158     0x1138 build/x86_64/kernel/resource/memory/pmm.o
                0xffffffff800056c8                pmm_init
                0xffffffff80005fbd                pmm_alloc
                0xffffffff80006144                pmm_free
 .text          0xffffffff80006290      0x2c2 build/x86_64/kernel/resource/memory/metadata.o
                0xffffffff80006290                metadata_default_elements_per_chunk
                0xffffffff80006430                metadata_pool_init
                0xffffffff8000647f                metadata_pool_alloc
                0xffffffff80006514                metadata_pool_free
 .text          0xffffffff80006552     0x1590 build/x86_64/kernel/resource/memory/vmm.o
                0xffffffff80006c11                vmm_init
                0xffffffff80007010                vmm_map_page
                0xffffffff80007067                vmm_unmap_page
                0xffffffff800070b1                vmm_map_range
                0xffffffff80007113                vmm_unmap_range
                0xffffffff80007165                vmm_protect_page
                0xffffffff800071b7                vmm_protect_range
                0xffffffff8000720e                vmm_switch_addr_space
                0xffffffff8000724d                vmm_virt_to_phys
                0xffffffff8000729e                vmm_reserve_region
                0xffffffff80007540                vmm_free_region
                0xffffffff800079ef                vmm_find_region
 .text          0xffffffff80007ae2      0xdce build/x86_64/kernel/resource/memory/heap.o
                0xffffffff80008719                heap_init
                0xffffffff800087d4                heap_alloc
                0xffffffff80008852                heap_free
 .text          0xffffffff800088b0      0x473 build/x86_64/kernel/resource/terminal/terminal.o
                0xffffffff800088b0                terminal_init
                0xffffffff800089d7                terminal_get_context
                0xffffffff800089e4                terminal_write
                0xffffffff80008a2e                terminal_flush
                0xffffffff80008a57                terminal_full_refresh
                0xffffffff80008a80                terminal_deinit
                0xffffffff80008abf                terminal_get_dimensions
                0xffffffff80008b1f                terminal_set_autoflush
                0xffffffff80008b53                terminal_set_callback
                0xffffffff80008b87                terminal_get_cursor_pos
                0xffffffff80008be7                terminal_set_cursor_pos
                0xffffffff80008c23                terminal_set_text_fg
                0xffffffff80008c60                terminal_set_text_bg
                0xffffffff80008c9d                terminal_reset_text_fg
                0xffffffff80008cc6                terminal_reset_text_bg
                0xffffffff80008cef                terminal_clear
 .text          0xffffffff80008d23        0xb build/x86_64/kernel/resource/device/device.o
                0xffffffff80008d23                enumerate_devices
 .text          0xffffffff80008d2e     0x250b build/x86_64/klib/printf/printf.o
                0xffffffff8000ae96                printf_
                0xffffffff8000af5b                sprintf_
                0xffffffff8000b020                snprintf_
                0xffffffff8000b0e2                vprintf_
                0xffffffff8000b11c                vsnprintf_
                0xffffffff8000b158                fctprintf
 .text          0xffffffff8000b239      0xcca build/x86_64/klib/klib.o
                0xffffffff8000b2c7                kprintf
                0xffffffff8000b38c                kterm_write
                0xffffffff8000b451                kterm_printf
                0xffffffff8000b50f                kterm_vprintf
                0xffffffff8000b57d                memset
                0xffffffff8000b5c7                memcpy
                0xffffffff8000b625                memcmp
                0xffffffff8000b6b1                strlen
                0xffffffff8000b6f2                pa_to_hhdm
                0xffffffff8000b720                hhdm_to_pa
                0xffffffff8000b8c8                vmalloc
                0xffffffff8000bb69                vfree
                0xffffffff8000bda0                kmalloc
                0xffffffff8000be37                kzalloc
                0xffffffff8000be7c                kfree
 .text          0xffffffff8000bf03      0x83f build/x86_64/arch/x86_64/arch_entry.o
                0xffffffff8000bfe5                arch_enable_interrupts
                0xffffffff8000bfed                arch_disable_interrupts
                0xffffffff8000bff5                arch_halt
                0xffffffff8000bffd                arch_pause
                0xffffffff8000c006                arch_cpu_id
                0xffffffff8000c04a                arch_serial_putchar
                0xffffffff8000c14c                arch_smp_init
                0xffffffff8000c6e0                _start
 .text          0xffffffff8000c742     0x1b1a build/x86_64/arch/x86_64/arch_paging.o
                0xffffffff8000c7a5                x86_64_invlpg
                0xffffffff8000c7bb                x86_64_flush_active_tlb_non_global
                0xffffffff8000cefd                arch_get_pt
                0xffffffff8000cf24                arch_set_pt
                0xffffffff8000da26                arch_map_page
                0xffffffff8000db1b                arch_unmap_page
                0xffffffff8000dbe0                arch_map_range
                0xffffffff8000dd34                arch_unmap_range
                0xffffffff8000de43                arch_protect
                0xffffffff8000df2d                arch_protect_range
                0xffffffff8000e073                arch_virt_to_phys
 .text          0xffffffff8000e25c      0x67f build/x86_64/arch/x86_64/arch_init.o
                0xffffffff8000e27b                arch_set_stack
                0xffffffff8000e884                arch_init
                0xffffffff8000e8d0                arch_device_init
 .text          0xffffffff8000e8db      0x6da build/x86_64/arch/x86_64/interrupt_handler.o
                0xffffffff8000ef14                ISRHANDLER
 .text          0xffffffff8000efb5      0x5c4 build/x86_64/arch/x86_64/lapic.o
                0xffffffff8000f07f                lapic_init
                0xffffffff8000f234                lapic_timer_init
                0xffffffff8000f2eb                lapic_eoi
                0xffffffff8000f382                send_ipi
 .text          0xffffffff8000f579      0x66a build/x86_64/arch/x86_64/ioapic.o
                0xffffffff8000f7af                ioapic_mask_vector
                0xffffffff8000f7cf                ioapic_unmask_vector
                0xffffffff8000f7ef                ioapic_register_device
                0xffffffff8000f978                ioapic_init
 .text          0xffffffff8000fbe3      0x738 build/x86_64/arch/x86_64/arch_acpi.o
                0xffffffff80010281                arch_acpi_init
 .text          0xffffffff8001031b     0x11b2 build/x86_64/arch/x86_64/pci.o
                0xffffffff80011030                pci_get_mcfg_region_count
                0xffffffff800110ef                pci_get_regions_from_mcfg
                0xffffffff800112f6                pci_init
 .text          0xffffffff800114cd        0x0 build/x86_64/kernel/resource/acpi/uACPI/source/default_handlers.o
 .text          0xffffffff800114cd        0x0 build/x86_64/kernel/resource/acpi/uACPI/source/event.o
 .text          0xffffffff800114cd        0x0 build/x86_64/kernel/resource/acpi/uACPI/source/interpreter.o
 .text          0xffffffff800114cd        0x0 build/x86_64/kernel/resource/acpi/uACPI/source/io.o
 .text          0xffffffff800114cd        0x0 build/x86_64/kernel/resource/acpi/uACPI/source/mutex.o
 .text          0xffffffff800114cd        0x0 build/x86_64/kernel/resource/acpi/uACPI/source/namespace.o
 .text          0xffffffff800114cd        0x0 build/x86_64/kernel/resource/acpi/uACPI/source/notify.o
 .text          0xffffffff800114cd        0x0 build/x86_64/kernel/resource/acpi/uACPI/source/opcodes.o
 .text          0xffffffff800114cd        0x0 build/x86_64/kernel/resource/acpi/uACPI/source/opregion.o
 .text          0xffffffff800114cd        0x0 build/x86_64/kernel/resource/acpi/uACPI/source/osi.o
 .text          0xffffffff800114cd        0x0 build/x86_64/kernel/resource/acpi/uACPI/source/registers.o
 .text          0xffffffff800114cd        0x0 build/x86_64/kernel/resource/acpi/uACPI/source/resources.o
 .text          0xffffffff800114cd        0x0 build/x86_64/kernel/resource/acpi/uACPI/source/shareable.o
 .text          0xffffffff800114cd        0x0 build/x86_64/kernel/resource/acpi/uACPI/source/sleep.o
 .text          0xffffffff800114cd     0x1555 build/x86_64/kernel/resource/acpi/uACPI/source/stdlib.o
                0xffffffff800114cd                uacpi_strlen
                0xffffffff80011be3                uacpi_vsnprintf
                0xffffffff80012862                uacpi_snprintf
                0xffffffff8001291a                uacpi_log
 .text          0xffffffff80012a22     0x2291 build/x86_64/kernel/resource/acpi/uACPI/source/tables.o
                0xffffffff80012ce8                uacpi_table_subsystem_available
                0xffffffff80013198                uacpi_setup_early_table_access
                0xffffffff80013293                uacpi_deinitialize_tables
                0xffffffff8001335f                uacpi_set_table_installation_handler
                0xffffffff80013408                uacpi_verify_table_checksum
                0xffffffff800134b6                uacpi_signatures_match
                0xffffffff800134e5                uacpi_check_table_signature
                0xffffffff80013e93                uacpi_table_install_physical_with_origin
                0xffffffff80013f88                uacpi_table_install_with_origin
                0xffffffff80013fe3                uacpi_table_install
                0xffffffff8001401f                uacpi_table_install_physical
                0xffffffff8001405b                uacpi_for_each_table
                0xffffffff80014323                uacpi_table_find_by_signature
                0xffffffff800143a0                uacpi_table_find_next_with_same_signature
                0xffffffff80014423                uacpi_table_find
                0xffffffff80014731                uacpi_table_ref
                0xffffffff8001476a                uacpi_table_unref
                0xffffffff80014b04                uacpi_table_fadt
                0xffffffff80014b37                uacpi_for_each_subtable
 .text          0xffffffff80014cb3      0x186 build/x86_64/kernel/resource/acpi/uACPI/source/types.o
                0xffffffff80014cb3                uacpi_address_space_to_string
 .text          0xffffffff80014e39      0x54f build/x86_64/kernel/resource/acpi/uACPI/source/uacpi.o
                0xffffffff80014e63                uacpi_is_platform_reduced_hardware
                0xffffffff80014e94                uacpi_context_set_log_level
                0xffffffff80014eb8                uacpi_logger_initialize
                0xffffffff80014f1d                uacpi_context_set_proactive_table_checksum
                0xffffffff80014f59                uacpi_status_to_string
                0xffffffff80015362                uacpi_state_reset
 .text          0xffffffff80015388      0x3ee build/x86_64/kernel/resource/acpi/uACPI/source/utilities.o
                0xffffffff8001557d                uacpi_string_to_integer
 .text          0xffffffff80015776      0x474 build/x86_64/kernel/resource/acpi/acpi.o
                0xffffffff800157c9                uacpi_kernel_get_rsdp
                0xffffffff80015808                uacpi_kernel_map
                0xffffffff800158fd                uacpi_kernel_unmap
                0xffffffff800159ae                uacpi_kernel_log
                0xffffffff800159da                acpi_get_madt
                0xffffffff80015a40                acpi_get_mcfg
                0xffffffff80015aa6                acpi_init
 .text          0xffffffff80015bea     0x8bdd build/x86_64/kernel/resource/terminal/flanterm/flanterm.o
                0xffffffff80015bea                flanterm_context_reinit
                0xffffffff80015ddc                flanterm_write
                0xffffffff8001e319                flanterm_flush
                0xffffffff8001e33c                flanterm_full_refresh
                0xffffffff8001e35f                flanterm_deinit
                0xffffffff8001e38d                flanterm_get_dimensions
                0xffffffff8001e3c8                flanterm_set_autoflush
                0xffffffff8001e3e7                flanterm_set_callback
                0xffffffff8001e409                flanterm_get_cursor_pos
                0xffffffff8001e440                flanterm_set_cursor_pos
                0xffffffff8001e4bf                flanterm_set_text_fg
                0xffffffff8001e582                flanterm_set_text_bg
                0xffffffff8001e645                flanterm_reset_text_fg
                0xffffffff8001e6ef                flanterm_reset_text_bg
                0xffffffff8001e799                flanterm_clear
 .text          0xffffffff8001e7c7     0x6d6e build/x86_64/kernel/resource/terminal/flanterm/flanterm_backends/fb.o
                0xffffffff80020f5b                flanterm_fb_init
                0xffffffff8002550b                flanterm_fb_set_flush_callback
 *fill*         0xffffffff80025535        0xb 
 .text          0xffffffff80025540      0xa85 build/x86_64/arch/x86_64/interrupts.o
                0xffffffff80025540                ISR0
                0xffffffff80025549                ISR1
                0xffffffff80025552                ISR2
                0xffffffff8002555b                ISR3
                0xffffffff80025564                ISR4
                0xffffffff8002556d                ISR5
                0xffffffff80025576                ISR6
                0xffffffff8002557f                ISR7
                0xffffffff80025588                ISR8
                0xffffffff8002558f                ISR9
                0xffffffff80025598                ISR10
                0xffffffff8002559f                ISR11
                0xffffffff800255a6                ISR12
                0xffffffff800255ad                ISR13
                0xffffffff800255b4                ISR14
                0xffffffff800255bb                ISR15
                0xffffffff800255c4                ISR16
                0xffffffff800255cd                ISR17
                0xffffffff800255d4                ISR18
                0xffffffff800255dd                ISR19
                0xffffffff800255e6                ISR20
                0xffffffff800255ef                ISR21
                0xffffffff800255f6                ISR22
                0xffffffff800255ff                ISR23
                0xffffffff80025608                ISR24
                0xffffffff80025611                ISR25
                0xffffffff8002561a                ISR26
                0xffffffff80025623                ISR27
                0xffffffff8002562c                ISR28
                0xffffffff80025635                ISR29
                0xffffffff8002563c                ISR30
                0xffffffff80025643                ISR31
                0xffffffff8002564c                ISR32
                0xffffffff80025655                ISR33
                0xffffffff8002565e                ISR34
                0xffffffff80025667                ISR35
                0xffffffff80025670                ISR36
                0xffffffff80025679                ISR37
                0xffffffff80025682                ISR38
                0xffffffff8002568b                ISR39
                0xffffffff80025694                ISR40
                0xffffffff8002569d                ISR41
                0xffffffff800256a6                ISR42
                0xffffffff800256af                ISR43
                0xffffffff800256b8                ISR44
                0xffffffff800256c1                ISR45
                0xffffffff800256ca                ISR46
                0xffffffff800256d3                ISR47
                0xffffffff800256dc                ISR48
                0xffffffff800256e5                ISR49
                0xffffffff800256ee                ISR50
                0xffffffff800256f7                ISR51
                0xffffffff80025700                ISR52
                0xffffffff80025709                ISR53
                0xffffffff80025712                ISR54
                0xffffffff8002571b                ISR55
                0xffffffff80025724                ISR56
                0xffffffff8002572d                ISR57
                0xffffffff80025736                ISR58
                0xffffffff8002573f                ISR59
                0xffffffff80025748                ISR60
                0xffffffff80025751                ISR61
                0xffffffff8002575a                ISR62
                0xffffffff80025763                ISR63
                0xffffffff8002576c                ISR64
                0xffffffff80025775                ISR65
                0xffffffff8002577e                ISR66
                0xffffffff80025787                ISR67
                0xffffffff80025790                ISR68
                0xffffffff80025799                ISR69
                0xffffffff800257a2                ISR70
                0xffffffff800257ab                ISR71
                0xffffffff800257b4                ISR72
                0xffffffff800257bd                ISR73
                0xffffffff800257c6                ISR74
                0xffffffff800257cf                ISR75
                0xffffffff800257d8                ISR76
                0xffffffff800257e1                ISR77
                0xffffffff800257ea                ISR78
                0xffffffff800257f3                ISR79
                0xffffffff800257fc                ISR80
                0xffffffff80025805                ISR81
                0xffffffff8002580e                ISR82
                0xffffffff80025817                ISR83
                0xffffffff80025820                ISR84
                0xffffffff80025829                ISR85
                0xffffffff80025832                ISR86
                0xffffffff8002583b                ISR87
                0xffffffff80025844                ISR88
                0xffffffff8002584d                ISR89
                0xffffffff80025856                ISR90
                0xffffffff8002585f                ISR91
                0xffffffff80025868                ISR92
                0xffffffff80025871                ISR93
                0xffffffff8002587a                ISR94
                0xffffffff80025883                ISR95
                0xffffffff8002588c                ISR96
                0xffffffff80025895                ISR97
                0xffffffff8002589e                ISR98
                0xffffffff800258a7                ISR99
                0xffffffff800258b0                ISR100
                0xffffffff800258b9                ISR101
                0xffffffff800258c2                ISR102
                0xffffffff800258cb                ISR103
                0xffffffff800258d4                ISR104
                0xffffffff800258dd                ISR105
                0xffffffff800258e6                ISR106
                0xffffffff800258ef                ISR107
                0xffffffff800258f8                ISR108
                0xffffffff80025901                ISR109
                0xffffffff8002590a                ISR110
                0xffffffff80025913                ISR111
                0xffffffff8002591c                ISR112
                0xffffffff80025925                ISR113
                0xffffffff8002592e                ISR114
                0xffffffff80025937                ISR115
                0xffffffff80025940                ISR116
                0xffffffff80025949                ISR117
                0xffffffff80025952                ISR118
                0xffffffff8002595b                ISR119
                0xffffffff80025964                ISR120
                0xffffffff8002596d                ISR121
                0xffffffff80025976                ISR122
                0xffffffff8002597f                ISR123
                0xffffffff80025988                ISR124
                0xffffffff80025991                ISR125
                0xffffffff8002599a                ISR126
                0xffffffff800259a3                ISR127
                0xffffffff800259ac                ISR128
                0xffffffff800259b8                ISR129
                0xffffffff800259c4                ISR130
                0xffffffff800259d0                ISR131
                0xffffffff800259dc                ISR132
                0xffffffff800259e8                ISR133
                0xffffffff800259f4                ISR134
                0xffffffff80025a00                ISR135
                0xffffffff80025a0c                ISR136
                0xffffffff80025a18                ISR137
                0xffffffff80025a24                ISR138
                0xffffffff80025a30                ISR139
                0xffffffff80025a3c                ISR140
                0xffffffff80025a48                ISR141
                0xffffffff80025a54                ISR142
                0xffffffff80025a60                ISR143
                0xffffffff80025a6c                ISR144
                0xffffffff80025a78                ISR145
                0xffffffff80025a84                ISR146
                0xffffffff80025a90                ISR147
                0xffffffff80025a9c                ISR148
                0xffffffff80025aa8                ISR149
                0xffffffff80025ab4                ISR150
                0xffffffff80025ac0                ISR151
                0xffffffff80025acc                ISR152
                0xffffffff80025ad8                ISR153
                0xffffffff80025ae4                ISR154
                0xffffffff80025af0                ISR155
                0xffffffff80025afc                ISR156
                0xffffffff80025b08                ISR157
                0xffffffff80025b14                ISR158
                0xffffffff80025b20                ISR159
                0xffffffff80025b2c                ISR160
                0xffffffff80025b38                ISR161
                0xffffffff80025b44                ISR162
                0xffffffff80025b50                ISR163
                0xffffffff80025b5c                ISR164
                0xffffffff80025b68                ISR165
                0xffffffff80025b74                ISR166
                0xffffffff80025b80                ISR167
                0xffffffff80025b8c                ISR168
                0xffffffff80025b98                ISR169
                0xffffffff80025ba4                ISR170
                0xffffffff80025bb0                ISR171
                0xffffffff80025bbc                ISR172
                0xffffffff80025bc8                ISR173
                0xffffffff80025bd4                ISR174
                0xffffffff80025be0                ISR175
                0xffffffff80025bec                ISR176
                0xffffffff80025bf8                ISR177
                0xffffffff80025c04                ISR178
                0xffffffff80025c10                ISR179
                0xffffffff80025c1c                ISR180
                0xffffffff80025c28                ISR181
                0xffffffff80025c34                ISR182
                0xffffffff80025c40                ISR183
                0xffffffff80025c4c                ISR184
                0xffffffff80025c58                ISR185
                0xffffffff80025c64                ISR186
                0xffffffff80025c70                ISR187
                0xffffffff80025c7c                ISR188
                0xffffffff80025c88                ISR189
                0xffffffff80025c94                ISR190
                0xffffffff80025ca0                ISR191
                0xffffffff80025cac                ISR192
                0xffffffff80025cb8                ISR193
                0xffffffff80025cc4                ISR194
                0xffffffff80025cd0                ISR195
                0xffffffff80025cdc                ISR196
                0xffffffff80025ce8                ISR197
                0xffffffff80025cf4                ISR198
                0xffffffff80025d00                ISR199
                0xffffffff80025d0c                ISR200
                0xffffffff80025d18                ISR201
                0xffffffff80025d24                ISR202
                0xffffffff80025d30                ISR203
                0xffffffff80025d3c                ISR204
                0xffffffff80025d48                ISR205
                0xffffffff80025d54                ISR206
                0xffffffff80025d60                ISR207
                0xffffffff80025d6c                ISR208
                0xffffffff80025d78                ISR209
                0xffffffff80025d84                ISR210
                0xffffffff80025d90                ISR211
                0xffffffff80025d9c                ISR212
                0xffffffff80025da8                ISR213
                0xffffffff80025db4                ISR214
                0xffffffff80025dc0                ISR215
                0xffffffff80025dcc                ISR216
                0xffffffff80025dd8                ISR217
                0xffffffff80025de4                ISR218
                0xffffffff80025df0                ISR219
                0xffffffff80025dfc                ISR220
                0xffffffff80025e08                ISR221
                0xffffffff80025e14                ISR222
                0xffffffff80025e20                ISR223
                0xffffffff80025e2c                ISR224
                0xffffffff80025e38                ISR225
                0xffffffff80025e44                ISR226
                0xffffffff80025e50                ISR227
                0xffffffff80025e5c                ISR228
                0xffffffff80025e68                ISR229
                0xffffffff80025e74                ISR230
                0xffffffff80025e80                ISR231
                0xffffffff80025e8c                ISR232
                0xffffffff80025e98                ISR233
                0xffffffff80025ea4                ISR234
                0xffffffff80025eb0                ISR235
                0xffffffff80025ebc                ISR236
                0xffffffff80025ec8                ISR237
                0xffffffff80025ed4                ISR238
                0xffffffff80025ee0                ISR239
                0xffffffff80025eec                ISR240
                0xffffffff80025ef8                ISR241
                0xffffffff80025f01                ISR242
                0xffffffff80025f0a                ISR243
                0xffffffff80025f13                ISR244
                0xffffffff80025f1c                ISR245
                0xffffffff80025f25                ISR246
                0xffffffff80025f2e                ISR247
                0xffffffff80025f37                ISR248
                0xffffffff80025f40                ISR249
                0xffffffff80025f49                ISR250
                0xffffffff80025f52                ISR251
                0xffffffff80025f5b                ISR252
                0xffffffff80025f64                ISR253
                0xffffffff80025f6d                ISR254
                0xffffffff80025f76                ISR255
 *fill*         0xffffffff80025fc5        0x3 
 .text          0xffffffff80025fc8        0x0 build/rust-target/x86_64-unknown-none/debug/libarx_rust.a(arx_rust-df1a489d76635959.66qpj7q8k9mgjhs3xgig2bmw2.1ndp51o.rcgu.o)
 *fill*         0xffffffff80025fc8        0x8 
 .text._RNvCsfLfy6EI15iL_7___rustc17rust_begin_unwind
                0xffffffff80025fd0        0x9 build/rust-target/x86_64-unknown-none/debug/libarx_rust.a(arx_rust-df1a489d76635959.66qpj7q8k9mgjhs3xgig2bmw2.1ndp51o.rcgu.o)
                0xffffffff80025fd0                __rustc::rust_begin_unwind
 *fill*         0xffffffff80025fd9        0x7 
 .text.__rust_alloc_error_handler
                0xffffffff80025fe0       0x11 build/rust-target/x86_64-unknown-none/debug/libarx_rust.a(arx_rust-df1a489d76635959.66qpj7q8k9mgjhs3xgig2bmw2.1ndp51o.rcgu.o)
                0xffffffff80025fe0                __rust_alloc_error_handler
 *fill*         0xffffffff80025ff1        0xf 
 .text.rust_entry
                0xffffffff80026000       0xb0 build/rust-target/x86_64-unknown-none/debug/libarx_rust.a(arx_rust-df1a489d76635959.66qpj7q8k9mgjhs3xgig2bmw2.1ndp51o.rcgu.o)
                0xffffffff80026000                rust_entry
 .text          0xffffffff800260b0        0x0 build/rust-target/x86_64-unknown-none/debug/libarx_rust.a(arx_rust-df1a489d76635959.6pvz98uhd6va3hzgqx4n4zxly.1ndp51o.rcgu.o)
 .text._ZN5alloc3vec12Vec$LT$T$GT$13with_capacity17h5c07398e82610b03E
                0xffffffff800260b0       0x4c build/rust-target/x86_64-unknown-none/debug/libarx_rust.a(arx_rust-df1a489d76635959.6pvz98uhd6va3hzgqx4n4zxly.1ndp51o.rcgu.o)
                0xffffffff800260b0                alloc::vec::Vec<T>::with_capacity
 *fill*         0xffffffff800260fc        0x4 
 .text._ZN5alloc3vec16Vec$LT$T$C$A$GT$3len17h2e136c4634758600E
                0xffffffff80026100        0xb build/rust-target/x86_64-unknown-none/debug/libarx_rust.a(arx_rust-df1a489d76635959.6pvz98uhd6va3hzgqx4n4zxly.1ndp51o.rcgu.o)
                0xffffffff80026100                alloc::vec::Vec<T,A>::len
 *fill*         0xffffffff8002610b        0x5 
 .text._ZN5alloc3vec16Vec$LT$T$C$A$GT$4push17h9b0c4f782db19d20E
                0xffffffff80026110       0x18 build/rust-target/x86_64-unknown-none/debug/libarx_rust.a(arx_rust-df1a489d76635959.6pvz98uhd6va3hzgqx4n4zxly.1ndp51o.rcgu.o)
                0xffffffff80026110                alloc::vec::Vec<T,A>::push
 *fill*         0xffffffff80026128        0x8 
 .text._ZN5alloc3vec16Vec$LT$T$C$A$GT$8push_mut17hd40e0f76679a6d6fE
                0xffffffff80026130       0x92 build/rust-target/x86_64-unknown-none/debug/libarx_rust.a(arx_rust-df1a489d76635959.6pvz98uhd6va3hzgqx4n4zxly.1ndp51o.rcgu.o)
 *fill*         0xffffffff800261c2        0x2 
 .text          0xffffffff800261c4        0x0 build/rust-target/x86_64-unknown-none/debug/libarx_rust.a(arx_rust-df1a489d76635959.8ocsnt6e6grg7w7hnviwdg17l.1ndp51o.rcgu.o)
 *fill*         0xffffffff800261c4        0xc 
 .text._ZN5alloc7raw_vec19RawVec$LT$T$C$A$GT$8grow_one17he9ae27a524ae7843E
                0xffffffff800261d0       0x86 build/rust-target/x86_64-unknown-none/debug/libarx_rust.a(arx_rust-df1a489d76635959.8ocsnt6e6grg7w7hnviwdg17l.1ndp51o.rcgu.o)
                0xffffffff800261d0                alloc::raw_vec::RawVec<T,A>::grow_one
 *fill*         0xffffffff80026256        0xa 
 .text._ZN5alloc7raw_vec20RawVecInner$LT$A$GT$11finish_grow17h9c2860da3eead2aaE
                0xffffffff80026260      0x39b build/rust-target/x86_64-unknown-none/debug/libarx_rust.a(arx_rust-df1a489d76635959.8ocsnt6e6grg7w7hnviwdg17l.1ndp51o.rcgu.o)
 *fill*         0xffffffff800265fb        0x5 
 .text._ZN5alloc7raw_vec20RawVecInner$LT$A$GT$14current_memory17hb2df4ab1345a8e90E
                0xffffffff80026600      0x13c build/rust-target/x86_64-unknown-none/debug/libarx_rust.a(arx_rust-df1a489d76635959.8ocsnt6e6grg7w7hnviwdg17l.1ndp51o.rcgu.o)
 *fill*         0xffffffff8002673c        0x4 
 .text._ZN5alloc7raw_vec20RawVecInner$LT$A$GT$14grow_amortized17h38fed3abf5727215E
                0xffffffff80026740      0x3ca build/rust-target/x86_64-unknown-none/debug/libarx_rust.a(arx_rust-df1a489d76635959.8ocsnt6e6grg7w7hnviwdg17l.1ndp51o.rcgu.o)
 *fill*         0xffffffff80026b0a        0x6 
 .text._ZN5alloc7raw_vec20RawVecInner$LT$A$GT$15try_allocate_in17h58a290faad4e0ca7E
                0xffffffff80026b10      0x28e build/rust-target/x86_64-unknown-none/debug/libarx_rust.a(arx_rust-df1a489d76635959.8ocsnt6e6grg7w7hnviwdg17l.1ndp51o.rcgu.o)
 *fill*         0xffffffff80026d9e        0x2 
 .text._ZN5alloc7raw_vec20RawVecInner$LT$A$GT$16with_capacity_in17hcd56920f634db978E
                0xffffffff80026da0      0x116 build/rust-target/x86_64-unknown-none/debug/libarx_rust.a(arx_rust-df1a489d76635959.8ocsnt6e6grg7w7hnviwdg17l.1ndp51o.rcgu.o)
                0xffffffff80026da0                alloc::raw_vec::RawVecInner<A>::with_capacity_in
 *fill*         0xffffffff80026eb6        0x2 
 .text          0xffffffff80026eb8        0x0 build/rust-target/x86_64-unknown-none/debug/libarx_rust.a(arx_rust-df1a489d76635959.crf31582219799in78s2mbqie.1ndp51o.rcgu.o)
 *fill*         0xffffffff80026eb8        0x8 
 .text._ZN8arx_rust8resource13kdebug_printf17h73d9b108a1dba47bE
                0xffffffff80026ec0       0x68 build/rust-target/x86_64-unknown-none/debug/libarx_rust.a(arx_rust-df1a489d76635959.crf31582219799in78s2mbqie.1ndp51o.rcgu.o)
                0xffffffff80026ec0                arx_rust::resource::kdebug_printf
 *fill*         0xffffffff80026f28        0x8 
 .text._ZN8arx_rust8resource5kfree17hd258efd273ccb756E
                0xffffffff80026f30       0x1c build/rust-target/x86_64-unknown-none/debug/libarx_rust.a(arx_rust-df1a489d76635959.crf31582219799in78s2mbqie.1ndp51o.rcgu.o)
                0xffffffff80026f30                arx_rust::resource::kfree
 *fill*         0xffffffff80026f4c        0x4 
 .text._ZN8arx_rust8resource7kmalloc17h99d69b030788b061E
                0xffffffff80026f50       0x18 build/rust-target/x86_64-unknown-none/debug/libarx_rust.a(arx_rust-df1a489d76635959.crf31582219799in78s2mbqie.1ndp51o.rcgu.o)
                0xffffffff80026f50                arx_rust::resource::kmalloc
 *fill*         0xffffffff80026f68        0x8 
 .text._ZN8arx_rust8resource7kprintf17ha8c2d1d6ab091d86E
                0xffffffff80026f70       0x35 build/rust-target/x86_64-unknown-none/debug/libarx_rust.a(arx_rust-df1a489d76635959.crf31582219799in78s2mbqie.1ndp51o.rcgu.o)
                0xffffffff80026f70                arx_rust::resource::kprintf
 *fill*         0xffffffff80026fa5        0x3 
 .text          0xffffffff80026fa8        0x0 build/rust-target/x86_64-unknown-none/debug/libarx_rust.a(arx_rust-df1a489d76635959.d05rxglbi5awr14ne0jhbqw35.1ndp51o.rcgu.o)
 *fill*         0xffffffff80026fa8        0x8 
 .text._ZN5alloc5alloc6Global17grow_impl_runtime17h26c9b796e0a1e171E
                0xffffffff80026fb0      0x3f7 build/rust-target/x86_64-unknown-none/debug/libarx_rust.a(arx_rust-df1a489d76635959.d05rxglbi5awr14ne0jhbqw35.1ndp51o.rcgu.o)
 *fill*         0xffffffff800273a7        0x9 
 .text._ZN5alloc5alloc6Global18alloc_impl_runtime17hbed1fbd4e9c493a2E
                0xffffffff800273b0      0x1c7 build/rust-target/x86_64-unknown-none/debug/libarx_rust.a(arx_rust-df1a489d76635959.d05rxglbi5awr14ne0jhbqw35.1ndp51o.rcgu.o)
 *fill*         0xffffffff80027577        0x9 
 .text._ZN63_$LT$alloc..alloc..Global$u20$as$u20$core..alloc..Allocator$GT$15allocate_zeroed17haa3df362fbcd5be3E
                0xffffffff80027580       0x41 build/rust-target/x86_64-unknown-none/debug/libarx_rust.a(arx_rust-df1a489d76635959.d05rxglbi5awr14ne0jhbqw35.1ndp51o.rcgu.o)
                0xffffffff80027580                <alloc::alloc::Global as core::alloc::Allocator>::allocate_zeroed
 *fill*         0xffffffff800275c1        0xf 
 .text._ZN63_$LT$alloc..alloc..Global$u20$as$u20$core..alloc..Allocator$GT$4grow17h5daea424038f5bbaE
                0xffffffff800275d0       0x3a build/rust-target/x86_64-unknown-none/debug/libarx_rust.a(arx_rust-df1a489d76635959.d05rxglbi5awr14ne0jhbqw35.1ndp51o.rcgu.o)
                0xffffffff800275d0                <alloc::alloc::Global as core::alloc::Allocator>::grow
 *fill*         0xffffffff8002760a        0x6 
 .text._ZN63_$LT$alloc..alloc..Global$u20$as$u20$core..alloc..Allocator$GT$8allocate17h9bc087ee4ff505f3E
                0xffffffff80027610       0x3e build/rust-target/x86_64-unknown-none/debug/libarx_rust.a(arx_rust-df1a489d76635959.d05rxglbi5awr14ne0jhbqw35.1ndp51o.rcgu.o)
                0xffffffff80027610                <alloc::alloc::Global as core::alloc::Allocator>::allocate
 *fill*         0xffffffff8002764e        0x2 
 .text          0xffffffff80027650        0x0 build/rust-target/x86_64-unknown-none/debug/libarx_rust.a(arx_rust-df1a489d76635959.d4uqsij3obdiedloc7wuflvjy.1ndp51o.rcgu.o)
 .text._ZN4core5alloc6layout6Layout25from_size_align_unchecked18precondition_check17he9111a2d7a1ce730E
                0xffffffff80027650       0xee build/rust-target/x86_64-unknown-none/debug/libarx_rust.a(arx_rust-df1a489d76635959.d4uqsij3obdiedloc7wuflvjy.1ndp51o.rcgu.o)
                0xffffffff80027650                core::alloc::layout::Layout::from_size_align_unchecked::precondition_check
 *fill*         0xffffffff8002773e        0x2 
 .text._ZN4core5alloc6layout6Layout29from_size_alignment_unchecked17h615f4afe1a9fe09bE
                0xffffffff80027740       0x3e build/rust-target/x86_64-unknown-none/debug/libarx_rust.a(arx_rust-df1a489d76635959.d4uqsij3obdiedloc7wuflvjy.1ndp51o.rcgu.o)
                0xffffffff80027740                core::alloc::layout::Layout::from_size_alignment_unchecked
 *fill*         0xffffffff8002777e        0x2 
 .text._ZN4core5alloc6layout6Layout29from_size_alignment_unchecked18precondition_check17h199f4cecea534af9E
                0xffffffff80027780       0x59 build/rust-target/x86_64-unknown-none/debug/libarx_rust.a(arx_rust-df1a489d76635959.d4uqsij3obdiedloc7wuflvjy.1ndp51o.rcgu.o)
                0xffffffff80027780                core::alloc::layout::Layout::from_size_alignment_unchecked::precondition_check
 *fill*         0xffffffff800277d9        0x7 
 .text._ZN4core5alloc6layout6Layout4size17hf8c15ad6e6cea34cE
                0xffffffff800277e0        0xb build/rust-target/x86_64-unknown-none/debug/libarx_rust.a(arx_rust-df1a489d76635959.d4uqsij3obdiedloc7wuflvjy.1ndp51o.rcgu.o)
                0xffffffff800277e0                core::alloc::layout::Layout::size
 *fill*         0xffffffff800277eb        0x5 
 .text._ZN4core5alloc6layout6Layout5align17h12ba56886bdfa5c0E
                0xffffffff800277f0        0xa build/rust-target/x86_64-unknown-none/debug/libarx_rust.a(arx_rust-df1a489d76635959.d4uqsij3obdiedloc7wuflvjy.1ndp51o.rcgu.o)
                0xffffffff800277f0                core::alloc::layout::Layout::align
 *fill*         0xffffffff800277fa        0x2 
 .text          0xffffffff800277fc        0x0 build/rust-target/x86_64-unknown-none/debug/libarx_rust.a(arx_rust-df1a489d76635959.cvflhduzbin47y804fi562yrb.1ndp51o.rcgu.o)
 *fill*         0xffffffff800277fc        0x4 
 .text._RNvCsfLfy6EI15iL_7___rustc26___rust_alloc_error_handler
                0xffffffff80027800        0x5 build/rust-target/x86_64-unknown-none/debug/libarx_rust.a(arx_rust-df1a489d76635959.cvflhduzbin47y804fi562yrb.1ndp51o.rcgu.o)
                0xffffffff80027800                __rustc::__rust_alloc_error_handler
 *fill*         0xffffffff80027805        0xb 
 .text._RNvCsfLfy6EI15iL_7___rustc35___rust_no_alloc_shim_is_unstable_v2
                0xffffffff80027810        0x1 build/rust-target/x86_64-unknown-none/debug/libarx_rust.a(arx_rust-df1a489d76635959.cvflhduzbin47y804fi562yrb.1ndp51o.rcgu.o)
                0xffffffff80027810                __rustc::__rust_no_alloc_shim_is_unstable_v2
 *fill*         0xffffffff80027811        0x3 
 .text          0xffffffff80027814        0x0 build/rust-target/x86_64-unknown-none/debug/libarx_rust.a(alloc-842e6e2f4ccd6097.alloc.b544392e097d5653-cgu.0.rcgu.o)
 *fill*         0xffffffff80027814        0xc 
 .text._RINvNtCsg3SjgaGcPXb_4core3ptr13drop_in_placeNtNtCsfySoobUK4LL_5alloc6string6StringEBK_
                0xffffffff80027820       0x18 build/rust-target/x86_64-unknown-none/debug/libarx_rust.a(alloc-842e6e2f4ccd6097.alloc.b544392e097d5653-cgu.0.rcgu.o)
 *fill*         0xffffffff80027838        0x8 
 .text._RINvNtCsg3SjgaGcPXb_4core3ptr13drop_in_placeNtNvXsf_NtNtCsfySoobUK4LL_5alloc5boxed7convertINtBQ_3BoxDNtNtB4_5error5ErrorNtNtB4_6marker4SyncNtB1W_4SendEL_EINtNtB4_7convert4FromNtNtBS_6string6StringE4from11StringErrorEBS_
                0xffffffff80027840       0x18 build/rust-target/x86_64-unknown-none/debug/libarx_rust.a(alloc-842e6e2f4ccd6097.alloc.b544392e097d5653-cgu.0.rcgu.o)
 *fill*         0xffffffff80027858        0x8 
 .text.unlikely._RINvNvMs2_NtCsfySoobUK4LL_5alloc7raw_vecINtB8_11RawVecInnerpE7reserve21do_reserve_and_handleNtNtBa_5alloc6GlobalEBa_
                0xffffffff80027860       0x72 build/rust-target/x86_64-unknown-none/debug/libarx_rust.a(alloc-842e6e2f4ccd6097.alloc.b544392e097d5653-cgu.0.rcgu.o)
 *fill*         0xffffffff800278d2        0xe 
 .text._RINvXsd_NtCsfySoobUK4LL_5alloc6stringNtB6_6StringINtNtNtNtCsg3SjgaGcPXb_4core4iter6traits7collect6ExtendcE6extendINtNtNtBS_8adapters3map3MapINtNtNtBU_4char6decode11DecodeUtf16INtNtB1S_6cloned6ClonedINtNtNtBU_5slice4iter4ItertEEENCNvMB6_Bz_16from_utf16_lossy0EEB8_
                0xffffffff800278e0      0x2a8 build/rust-target/x86_64-unknown-none/debug/libarx_rust.a(alloc-842e6e2f4ccd6097.alloc.b544392e097d5653-cgu.0.rcgu.o)
 *fill*         0xffffffff80027b88        0x8 
 .text.unlikely._RNvCsfLfy6EI15iL_7___rustc25___rdl_alloc_error_handler
                0xffffffff80027b90       0x39 build/rust-target/x86_64-unknown-none/debug/libarx_rust.a(alloc-842e6e2f4ccd6097.alloc.b544392e097d5653-cgu.0.rcgu.o)
                0xffffffff80027b90                __rustc::__rdl_alloc_error_handler
 *fill*         0xffffffff80027bc9        0x7 
 .text._RNvMNtCsfySoobUK4LL_5alloc6stringNtB2_6String10from_utf16
                0xffffffff80027bd0      0x2ac build/rust-target/x86_64-unknown-none/debug/libarx_rust.a(alloc-842e6e2f4ccd6097.alloc.b544392e097d5653-cgu.0.rcgu.o)
                0xffffffff80027bd0                <alloc::string::String>::from_utf16
 *fill*         0xffffffff80027e7c        0x4 
 .text._RNvMNtCsfySoobUK4LL_5alloc6stringNtB2_6String11try_reserve
                0xffffffff80027e80       0x8b build/rust-target/x86_64-unknown-none/debug/libarx_rust.a(alloc-842e6e2f4ccd6097.alloc.b544392e097d5653-cgu.0.rcgu.o)
                0xffffffff80027e80                <alloc::string::String>::try_reserve
 *fill*         0xffffffff80027f0b        0x5 
 .text._RNvMNtCsfySoobUK4LL_5alloc6stringNtB2_6String12from_utf16be
                0xffffffff80027f10      0x43d build/rust-target/x86_64-unknown-none/debug/libarx_rust.a(alloc-842e6e2f4ccd6097.alloc.b544392e097d5653-cgu.0.rcgu.o)
                0xffffffff80027f10                <alloc::string::String>::from_utf16be
 *fill*         0xffffffff8002834d        0x3 
 .text._RNvMNtCsfySoobUK4LL_5alloc6stringNtB2_6String12from_utf16le
                0xffffffff80028350      0x45c build/rust-target/x86_64-unknown-none/debug/libarx_rust.a(alloc-842e6e2f4ccd6097.alloc.b544392e097d5653-cgu.0.rcgu.o)
                0xffffffff80028350                <alloc::string::String>::from_utf16le
 *fill*         0xffffffff800287ac        0x4 
 .text._RNvMNtCsfySoobUK4LL_5alloc6stringNtB2_6String15from_utf8_lossy
                0xffffffff800287b0      0x24d build/rust-target/x86_64-unknown-none/debug/libarx_rust.a(alloc-842e6e2f4ccd6097.alloc.b544392e097d5653-cgu.0.rcgu.o)
                0xffffffff800287b0                <alloc::string::String>::from_utf8_lossy
 *fill*         0xffffffff800289fd        0x3 
 .text._RNvMNtCsfySoobUK4LL_5alloc6stringNtB2_6String17try_reserve_exact
                0xffffffff80028a00       0x74 build/rust-target/x86_64-unknown-none/debug/libarx_rust.a(alloc-842e6e2f4ccd6097.alloc.b544392e097d5653-cgu.0.rcgu.o)
                0xffffffff80028a00                <alloc::string::String>::try_reserve_exact
 *fill*         0xffffffff80028a74        0xc 
 .text._RNvMNtCsfySoobUK4LL_5alloc6stringNtB2_6String18from_utf16be_lossy
                0xffffffff80028a80      0x30f build/rust-target/x86_64-unknown-none/debug/libarx_rust.a(alloc-842e6e2f4ccd6097.alloc.b544392e097d5653-cgu.0.rcgu.o)
                0xffffffff80028a80                <alloc::string::String>::from_utf16be_lossy
 *fill*         0xffffffff80028d8f        0x1 
 .text._RNvMNtCsfySoobUK4LL_5alloc6stringNtB2_6String18from_utf16le_lossy
                0xffffffff80028d90      0x457 build/rust-target/x86_64-unknown-none/debug/libarx_rust.a(alloc-842e6e2f4ccd6097.alloc.b544392e097d5653-cgu.0.rcgu.o)
                0xffffffff80028d90                <alloc::string::String>::from_utf16le_lossy
 *fill*         0xffffffff800291e7        0x9 
 .text._RNvMNtCsfySoobUK4LL_5alloc6stringNtB2_6String21from_utf8_lossy_owned
                0xffffffff800291f0       0x83 build/rust-target/x86_64-unknown-none/debug/libarx_rust.a(alloc-842e6e2f4ccd6097.alloc.b544392e097d5653-cgu.0.rcgu.o)
                0xffffffff800291f0                <alloc::string::String>::from_utf8_lossy_owned
 *fill*         0xffffffff80029273        0xd 
 .text._RNvMs19_NtCsfySoobUK4LL_5alloc6stringNtB6_5Drain6as_str
                0xffffffff80029280        0xb build/rust-target/x86_64-unknown-none/debug/libarx_rust.a(alloc-842e6e2f4ccd6097.alloc.b544392e097d5653-cgu.0.rcgu.o)
                0xffffffff80029280                <alloc::string::Drain>::as_str
 *fill*         0xffffffff8002928b        0x5 
 .text._RNvMs2_NtCsfySoobUK4LL_5alloc4wtf8NtB5_7Wtf8Buf11into_string
                0xffffffff80029290       0xdc build/rust-target/x86_64-unknown-none/debug/libarx_rust.a(alloc-842e6e2f4ccd6097.alloc.b544392e097d5653-cgu.0.rcgu.o)
                0xffffffff80029290                <alloc::wtf8::Wtf8Buf>::into_string
 *fill*         0xffffffff8002936c        0x4 
 .text._RNvMs2_NtCsfySoobUK4LL_5alloc4wtf8NtB5_7Wtf8Buf17into_string_lossy
                0xffffffff80029370      0x12d build/rust-target/x86_64-unknown-none/debug/libarx_rust.a(alloc-842e6e2f4ccd6097.alloc.b544392e097d5653-cgu.0.rcgu.o)
                0xffffffff80029370                <alloc::wtf8::Wtf8Buf>::into_string_lossy
 *fill*         0xffffffff8002949d        0x3 
 .text._RNvMs2_NtCsfySoobUK4LL_5alloc4wtf8NtB5_7Wtf8Buf25push_code_point_unchecked
                0xffffffff800294a0       0xdc build/rust-target/x86_64-unknown-none/debug/libarx_rust.a(alloc-842e6e2f4ccd6097.alloc.b544392e097d5653-cgu.0.rcgu.o)
                0xffffffff800294a0                <alloc::wtf8::Wtf8Buf>::push_code_point_unchecked
 *fill*         0xffffffff8002957c        0x4 
 .text._RNvMs2_NtCsfySoobUK4LL_5alloc4wtf8NtB5_7Wtf8Buf8from_box
                0xffffffff80029580       0x13 build/rust-target/x86_64-unknown-none/debug/libarx_rust.a(alloc-842e6e2f4ccd6097.alloc.b544392e097d5653-cgu.0.rcgu.o)
                0xffffffff80029580                <alloc::wtf8::Wtf8Buf>::from_box
 *fill*         0xffffffff80029593        0xd 
 .text._RNvMs2_NtCsfySoobUK4LL_5alloc4wtf8NtB5_7Wtf8Buf9from_wide
                0xffffffff800295a0      0x3eb build/rust-target/x86_64-unknown-none/debug/libarx_rust.a(alloc-842e6e2f4ccd6097.alloc.b544392e097d5653-cgu.0.rcgu.o)
                0xffffffff800295a0                <alloc::wtf8::Wtf8Buf>::from_wide
 *fill*         0xffffffff8002998b        0x5 
 .text._RNvMs3_NtCsfySoobUK4LL_5alloc3stre12to_lowercase
                0xffffffff80029990      0xf92 build/rust-target/x86_64-unknown-none/debug/libarx_rust.a(alloc-842e6e2f4ccd6097.alloc.b544392e097d5653-cgu.0.rcgu.o)
                0xffffffff80029990                <str>::to_lowercase
 *fill*         0xffffffff8002a922        0xe 
 .text._RNvMs3_NtCsfySoobUK4LL_5alloc3stre12to_uppercase
                0xffffffff8002a930      0xb2e build/rust-target/x86_64-unknown-none/debug/libarx_rust.a(alloc-842e6e2f4ccd6097.alloc.b544392e097d5653-cgu.0.rcgu.o)
                0xffffffff8002a930                <str>::to_uppercase
 *fill*         0xffffffff8002b45e        0x2 
 .text.unlikely._RNvMs3_NtCsfySoobUK4LL_5alloc7raw_vecINtB5_6RawVechE8grow_oneB7_
                0xffffffff8002b460       0x5b build/rust-target/x86_64-unknown-none/debug/libarx_rust.a(alloc-842e6e2f4ccd6097.alloc.b544392e097d5653-cgu.0.rcgu.o)
                0xffffffff8002b460                <alloc::raw_vec::RawVec<u8>>::grow_one
 *fill*         0xffffffff8002b4bb        0x5 
 .text.unlikely._RNvMs4_NtCsfySoobUK4LL_5alloc7raw_vecNtB5_11RawVecInner11finish_growB7_
                0xffffffff8002b4c0       0x95 build/rust-target/x86_64-unknown-none/debug/libarx_rust.a(alloc-842e6e2f4ccd6097.alloc.b544392e097d5653-cgu.0.rcgu.o)
 *fill*         0xffffffff8002b555        0xb 
 .text._RNvMs5_NtCsfySoobUK4LL_5alloc4wtf8NtNtCsg3SjgaGcPXb_4core4wtf84Wtf810clone_into
                0xffffffff8002b560       0x63 build/rust-target/x86_64-unknown-none/debug/libarx_rust.a(alloc-842e6e2f4ccd6097.alloc.b544392e097d5653-cgu.0.rcgu.o)
                0xffffffff8002b560                <core::wtf8::Wtf8>::clone_into
 *fill*         0xffffffff8002b5c3        0xd 
 .text._RNvMs5_NtCsfySoobUK4LL_5alloc4wtf8NtNtCsg3SjgaGcPXb_4core4wtf84Wtf815to_string_lossy
                0xffffffff8002b5d0      0x439 build/rust-target/x86_64-unknown-none/debug/libarx_rust.a(alloc-842e6e2f4ccd6097.alloc.b544392e097d5653-cgu.0.rcgu.o)
                0xffffffff8002b5d0                <core::wtf8::Wtf8>::to_string_lossy
 *fill*         0xffffffff8002ba09        0x7 
 .text._RNvMs5_NtCsfySoobUK4LL_5alloc4wtf8NtNtCsg3SjgaGcPXb_4core4wtf84Wtf87into_rc
                0xffffffff8002ba10       0xab build/rust-target/x86_64-unknown-none/debug/libarx_rust.a(alloc-842e6e2f4ccd6097.alloc.b544392e097d5653-cgu.0.rcgu.o)
                0xffffffff8002ba10                <core::wtf8::Wtf8>::into_rc
 *fill*         0xffffffff8002babb        0x5 
 .text._RNvMs5_NtCsfySoobUK4LL_5alloc4wtf8NtNtCsg3SjgaGcPXb_4core4wtf84Wtf88into_arc
                0xffffffff8002bac0       0xab build/rust-target/x86_64-unknown-none/debug/libarx_rust.a(alloc-842e6e2f4ccd6097.alloc.b544392e097d5653-cgu.0.rcgu.o)
                0xffffffff8002bac0                <core::wtf8::Wtf8>::into_arc
 *fill*         0xffffffff8002bb6b        0x5 
 .text._RNvMs5_NtCsfySoobUK4LL_5alloc4wtf8NtNtCsg3SjgaGcPXb_4core4wtf84Wtf88into_box
                0xffffffff8002bb70       0x67 build/rust-target/x86_64-unknown-none/debug/libarx_rust.a(alloc-842e6e2f4ccd6097.alloc.b544392e097d5653-cgu.0.rcgu.o)
                0xffffffff8002bb70                <core::ffi::c_str::CStr as alloc::borrow::ToOwned>::to_owned
                0xffffffff8002bb70                <core::wtf8::Wtf8>::into_box
                0xffffffff8002bb70                <alloc::ffi::c_str::CString as core::convert::From<&core::ffi::c_str::CStr>>::from
 *fill*         0xffffffff8002bbd7        0x9 
 .text._RNvMs5_NtCsfySoobUK4LL_5alloc4wtf8NtNtCsg3SjgaGcPXb_4core4wtf84Wtf88to_owned
                0xffffffff8002bbe0       0x76 build/rust-target/x86_64-unknown-none/debug/libarx_rust.a(alloc-842e6e2f4ccd6097.alloc.b544392e097d5653-cgu.0.rcgu.o)
                0xffffffff8002bbe0                <core::wtf8::Wtf8>::to_owned
 *fill*         0xffffffff8002bc56        0xa 
 .text._RNvMsD_NtNtCsfySoobUK4LL_5alloc3ffi5c_strNtNtNtCsg3SjgaGcPXb_4core3ffi5c_str4CStr13into_c_string
                0xffffffff8002bc60        0x7 build/rust-target/x86_64-unknown-none/debug/libarx_rust.a(alloc-842e6e2f4ccd6097.alloc.b544392e097d5653-cgu.0.rcgu.o)
                0xffffffff8002bc60                <alloc::ffi::c_str::CString>::into_boxed_c_str
                0xffffffff8002bc60                <core::ffi::c_str::CStr>::into_c_string
 *fill*         0xffffffff8002bc67        0x9 
 .text._RNvMsD_NtNtCsfySoobUK4LL_5alloc3ffi5c_strNtNtNtCsg3SjgaGcPXb_4core3ffi5c_str4CStr15to_string_lossy
                0xffffffff8002bc70        0x9 build/rust-target/x86_64-unknown-none/debug/libarx_rust.a(alloc-842e6e2f4ccd6097.alloc.b544392e097d5653-cgu.0.rcgu.o)
                0xffffffff8002bc70                <core::ffi::c_str::CStr>::to_string_lossy
 *fill*         0xffffffff8002bc79        0x7 
 .text._RNvMs_NtCsfySoobUK4LL_5alloc6stringNtB4_13FromUtf8Error15into_utf8_lossy
                0xffffffff8002bc80      0x1d0 build/rust-target/x86_64-unknown-none/debug/libarx_rust.a(alloc-842e6e2f4ccd6097.alloc.b544392e097d5653-cgu.0.rcgu.o)
                0xffffffff8002bc80                <alloc::string::FromUtf8Error>::into_utf8_lossy
 .text._RNvMs_NtNtCsfySoobUK4LL_5alloc3ffi5c_strNtB4_7CString10into_bytes
                0xffffffff8002be50       0x17 build/rust-target/x86_64-unknown-none/debug/libarx_rust.a(alloc-842e6e2f4ccd6097.alloc.b544392e097d5653-cgu.0.rcgu.o)
                0xffffffff8002be50                <alloc::ffi::c_str::CString>::into_bytes
 *fill*         0xffffffff8002be67        0x9 
 .text._RNvMs_NtNtCsfySoobUK4LL_5alloc3ffi5c_strNtB4_7CString11into_string
                0xffffffff8002be70       0x8b build/rust-target/x86_64-unknown-none/debug/libarx_rust.a(alloc-842e6e2f4ccd6097.alloc.b544392e097d5653-cgu.0.rcgu.o)
                0xffffffff8002be70                <alloc::ffi::c_str::CString>::into_string
 *fill*         0xffffffff8002befb        0x5 
 .text._RNvMs_NtNtCsfySoobUK4LL_5alloc3ffi5c_strNtB4_7CString17from_vec_with_nul
                0xffffffff8002bf00      0x10a build/rust-target/x86_64-unknown-none/debug/libarx_rust.a(alloc-842e6e2f4ccd6097.alloc.b544392e097d5653-cgu.0.rcgu.o)
                0xffffffff8002bf00                <alloc::ffi::c_str::CString>::from_vec_with_nul
 *fill*         0xffffffff8002c00a        0x6 
 .text._RNvMs_NtNtCsfySoobUK4LL_5alloc3ffi5c_strNtB4_7CString18from_vec_unchecked
                0xffffffff8002c010        0x6 build/rust-target/x86_64-unknown-none/debug/libarx_rust.a(alloc-842e6e2f4ccd6097.alloc.b544392e097d5653-cgu.0.rcgu.o)
                0xffffffff8002c010                <alloc::ffi::c_str::CString>::from_vec_unchecked
 *fill*         0xffffffff8002c016        0xa 
 .text._RNvMs_NtNtCsfySoobUK4LL_5alloc3ffi5c_strNtB4_7CString19__from_vec_unchecked
                0xffffffff8002c020       0xac build/rust-target/x86_64-unknown-none/debug/libarx_rust.a(alloc-842e6e2f4ccd6097.alloc.b544392e097d5653-cgu.0.rcgu.o)
                0xffffffff8002c020                <alloc::ffi::c_str::CString>::_from_vec_unchecked
 *fill*         0xffffffff8002c0cc        0x4 
 .text._RNvMs_NtNtCsfySoobUK4LL_5alloc3ffi5c_strNtB4_7CString19into_bytes_with_nul
                0xffffffff8002c0d0        0xf build/rust-target/x86_64-unknown-none/debug/libarx_rust.a(alloc-842e6e2f4ccd6097.alloc.b544392e097d5653-cgu.0.rcgu.o)
                0xffffffff8002c0d0                <alloc::ffi::c_str::CString>::into_bytes_with_nul
                0xffffffff8002c0d0                <alloc::string::String as core::convert::From<alloc::boxed::Box<str>>>::from
 *fill*         0xffffffff8002c0df        0x1 
 .text._RNvMs_NtNtCsfySoobUK4LL_5alloc3ffi5c_strNtB4_7CString27from_vec_with_nul_unchecked
                0xffffffff8002c0e0       0x57 build/rust-target/x86_64-unknown-none/debug/libarx_rust.a(alloc-842e6e2f4ccd6097.alloc.b544392e097d5653-cgu.0.rcgu.o)
                0xffffffff8002c0e0                <alloc::ffi::c_str::CString>::from_vec_with_nul_unchecked
 *fill*         0xffffffff8002c137        0x9 
 .text._RNvMs_NtNtCsfySoobUK4LL_5alloc3ffi5c_strNtB4_7CString8from_raw
                0xffffffff8002c140       0x1d build/rust-target/x86_64-unknown-none/debug/libarx_rust.a(alloc-842e6e2f4ccd6097.alloc.b544392e097d5653-cgu.0.rcgu.o)
                0xffffffff8002c140                <alloc::ffi::c_str::CString>::from_raw
 *fill*         0xffffffff8002c15d        0x3 
 .text._RNvNtCsfySoobUK4LL_5alloc2rc32rc_inner_layout_for_value_layout
                0xffffffff8002c160       0x69 build/rust-target/x86_64-unknown-none/debug/libarx_rust.a(alloc-842e6e2f4ccd6097.alloc.b544392e097d5653-cgu.0.rcgu.o)
                0xffffffff8002c160                alloc::rc::rc_inner_layout_for_value_layout
 *fill*         0xffffffff8002c1c9        0x7 
 .text._RNvNtCsfySoobUK4LL_5alloc4sync32arcinner_layout_for_value_layout
                0xffffffff8002c1d0       0x69 build/rust-target/x86_64-unknown-none/debug/libarx_rust.a(alloc-842e6e2f4ccd6097.alloc.b544392e097d5653-cgu.0.rcgu.o)
                0xffffffff8002c1d0                alloc::sync::arcinner_layout_for_value_layout
 .text.unlikely._RNvNtCsfySoobUK4LL_5alloc5alloc18handle_alloc_error
                0xffffffff8002c239       0x13 build/rust-target/x86_64-unknown-none/debug/libarx_rust.a(alloc-842e6e2f4ccd6097.alloc.b544392e097d5653-cgu.0.rcgu.o)
                0xffffffff8002c239                alloc::alloc::handle_alloc_error
 .text.unlikely._RNvNtCsfySoobUK4LL_5alloc7raw_vec12handle_error
                0xffffffff8002c24c       0x15 build/rust-target/x86_64-unknown-none/debug/libarx_rust.a(alloc-842e6e2f4ccd6097.alloc.b544392e097d5653-cgu.0.rcgu.o)
                0xffffffff8002c24c                alloc::raw_vec::handle_error
 *fill*         0xffffffff8002c261        0xf 
 .text.unlikely._RNvNtCsfySoobUK4LL_5alloc7raw_vec17capacity_overflow
                0xffffffff8002c270       0x1d build/rust-target/x86_64-unknown-none/debug/libarx_rust.a(alloc-842e6e2f4ccd6097.alloc.b544392e097d5653-cgu.0.rcgu.o)
                0xffffffff8002c270                alloc::raw_vec::capacity_overflow
 .text.unlikely._RNvNvMs_NtCsfySoobUK4LL_5alloc3vecINtB6_3VecppE10insert_mut13assert_failed
                0xffffffff8002c28d       0x3d build/rust-target/x86_64-unknown-none/debug/libarx_rust.a(alloc-842e6e2f4ccd6097.alloc.b544392e097d5653-cgu.0.rcgu.o)
                0xffffffff8002c28d                <alloc::vec::Vec<_, _>>::insert_mut::assert_failed
 .text.unlikely._RNvNvMs_NtCsfySoobUK4LL_5alloc3vecINtB6_3VecppE11swap_remove13assert_failed
                0xffffffff8002c2ca       0x44 build/rust-target/x86_64-unknown-none/debug/libarx_rust.a(alloc-842e6e2f4ccd6097.alloc.b544392e097d5653-cgu.0.rcgu.o)
                0xffffffff8002c2ca                <alloc::vec::Vec<_, _>>::swap_remove::assert_failed
 .text.unlikely._RNvNvMs_NtCsfySoobUK4LL_5alloc3vecINtB6_3VecppE6remove13assert_failed
                0xffffffff8002c30e       0x3d build/rust-target/x86_64-unknown-none/debug/libarx_rust.a(alloc-842e6e2f4ccd6097.alloc.b544392e097d5653-cgu.0.rcgu.o)
                0xffffffff8002c30e                <alloc::vec::Vec<_, _>>::remove::assert_failed
 .text.unlikely._RNvNvMs_NtCsfySoobUK4LL_5alloc3vecINtB6_3VecppE9split_off13assert_failed
                0xffffffff8002c34b       0x3d build/rust-target/x86_64-unknown-none/debug/libarx_rust.a(alloc-842e6e2f4ccd6097.alloc.b544392e097d5653-cgu.0.rcgu.o)
                0xffffffff8002c34b                <alloc::vec::Vec<_, _>>::split_off::assert_failed
 *fill*         0xffffffff8002c388        0x8 
 .text._RNvNvNtCsfySoobUK4LL_5alloc3fmt6format12format_inner
                0xffffffff8002c390      0x18c build/rust-target/x86_64-unknown-none/debug/libarx_rust.a(alloc-842e6e2f4ccd6097.alloc.b544392e097d5653-cgu.0.rcgu.o)
                0xffffffff8002c390                alloc::fmt::format::format_inner
 *fill*         0xffffffff8002c51c        0x4 
 .text.unlikely._RNvNvNtCsfySoobUK4LL_5alloc5alloc18handle_alloc_error8ct_error
                0xffffffff8002c520       0x1d build/rust-target/x86_64-unknown-none/debug/libarx_rust.a(alloc-842e6e2f4ccd6097.alloc.b544392e097d5653-cgu.0.rcgu.o)
                0xffffffff8002c520                alloc::alloc::handle_alloc_error::ct_error
 *fill*         0xffffffff8002c53d        0x3 
 .text._RNvXNvMNtCsfySoobUK4LL_5alloc6stringNtB5_6String6retainNtB2_12SetLenOnDropNtNtNtCsg3SjgaGcPXb_4core3ops4drop4Drop4drop
                0xffffffff8002c540       0x10 build/rust-target/x86_64-unknown-none/debug/libarx_rust.a(alloc-842e6e2f4ccd6097.alloc.b544392e097d5653-cgu.0.rcgu.o)
                0xffffffff8002c540                <<alloc::string::String>::retain::SetLenOnDrop as core::ops::drop::Drop>::drop
 .text._RNvXs0_NtCsfySoobUK4LL_5alloc6stringNtB5_13FromUtf8ErrorNtNtCsg3SjgaGcPXb_4core3fmt7Display3fmt
                0xffffffff8002c550        0xa build/rust-target/x86_64-unknown-none/debug/libarx_rust.a(alloc-842e6e2f4ccd6097.alloc.b544392e097d5653-cgu.0.rcgu.o)
                0xffffffff8002c550                <alloc::string::FromUtf8Error as core::fmt::Display>::fmt
 *fill*         0xffffffff8002c55a        0x6 
 .text._RNvXs0_NvMs_NtNtCsfySoobUK4LL_5alloc3ffi5c_strNtBa_7CString3newReNtB5_11SpecNewImpl13spec_new_impl
                0xffffffff8002c560      0x119 build/rust-target/x86_64-unknown-none/debug/libarx_rust.a(alloc-842e6e2f4ccd6097.alloc.b544392e097d5653-cgu.0.rcgu.o)
                0xffffffff8002c560                <&str as <alloc::ffi::c_str::CString>::new::SpecNewImpl>::spec_new_impl
 *fill*         0xffffffff8002c679        0x7 
 .text._RNvXs0_NvXsf_NtNtCsfySoobUK4LL_5alloc5boxed7convertINtBd_3BoxDNtNtCsg3SjgaGcPXb_4core5error5ErrorNtNtB12_6marker4SyncNtB1z_4SendEL_EINtNtB12_7convert4FromNtNtBf_6string6StringE4fromNtB5_11StringErrorNtNtB12_3fmt5Debug3fmt
                0xffffffff8002c680       0x14 build/rust-target/x86_64-unknown-none/debug/libarx_rust.a(alloc-842e6e2f4ccd6097.alloc.b544392e097d5653-cgu.0.rcgu.o)
                0xffffffff8002c680                <<alloc::boxed::Box<dyn core::error::Error + core::marker::Sync + core::marker::Send> as core::convert::From<alloc::string::String>>::from::StringError as core::fmt::Debug>::fmt
 *fill*         0xffffffff8002c694        0xc 
 .text._RNvXs10_NtCsfySoobUK4LL_5alloc6stringNtB6_9IntoCharsNtNtCsg3SjgaGcPXb_4core3fmt5Debug3fmt
                0xffffffff8002c6a0       0x60 build/rust-target/x86_64-unknown-none/debug/libarx_rust.a(alloc-842e6e2f4ccd6097.alloc.b544392e097d5653-cgu.0.rcgu.o)
                0xffffffff8002c6a0                <alloc::string::IntoChars as core::fmt::Debug>::fmt
 .text._RNvXs15_NtCsfySoobUK4LL_5alloc6stringNtB6_5DrainNtNtCsg3SjgaGcPXb_4core3fmt5Debug3fmt
                0xffffffff8002c700       0x5f build/rust-target/x86_64-unknown-none/debug/libarx_rust.a(alloc-842e6e2f4ccd6097.alloc.b544392e097d5653-cgu.0.rcgu.o)
                0xffffffff8002c700                <alloc::string::Drain as core::fmt::Debug>::fmt
 *fill*         0xffffffff8002c75f        0x1 
 .text._RNvXs18_NtCsfySoobUK4LL_5alloc6stringNtB6_5DrainNtNtNtCsg3SjgaGcPXb_4core3ops4drop4Drop4drop
                0xffffffff8002c760       0x62 build/rust-target/x86_64-unknown-none/debug/libarx_rust.a(alloc-842e6e2f4ccd6097.alloc.b544392e097d5653-cgu.0.rcgu.o)
                0xffffffff8002c760                <alloc::string::Drain as core::ops::drop::Drop>::drop
 *fill*         0xffffffff8002c7c2        0xe 
 .text._RNvXs1K_NtNtNtCsfySoobUK4LL_5alloc11collections5btree3mapNtB6_17UnorderedKeyErrorNtNtCsg3SjgaGcPXb_4core3fmt7Display3fmt
                0xffffffff8002c7d0       0x19 build/rust-target/x86_64-unknown-none/debug/libarx_rust.a(alloc-842e6e2f4ccd6097.alloc.b544392e097d5653-cgu.0.rcgu.o)
                0xffffffff8002c7d0                <alloc::collections::btree::map::UnorderedKeyError as core::fmt::Display>::fmt
 *fill*         0xffffffff8002c7e9        0x7 
 .text._RNvXs1_NtCsfySoobUK4LL_5alloc4wtf8NtB5_7Wtf8BufNtNtCsg3SjgaGcPXb_4core3fmt7Display3fmt
                0xffffffff8002c7f0       0x20 build/rust-target/x86_64-unknown-none/debug/libarx_rust.a(alloc-842e6e2f4ccd6097.alloc.b544392e097d5653-cgu.0.rcgu.o)
                0xffffffff8002c7f0                <alloc::wtf8::Wtf8Buf as core::fmt::Display>::fmt
 .text._RNvXs1_NtCsfySoobUK4LL_5alloc6stringNtB5_14FromUtf16ErrorNtNtCsg3SjgaGcPXb_4core3fmt7Display3fmt
                0xffffffff8002c810       0x15 build/rust-target/x86_64-unknown-none/debug/libarx_rust.a(alloc-842e6e2f4ccd6097.alloc.b544392e097d5653-cgu.0.rcgu.o)
                0xffffffff8002c810                <alloc::string::FromUtf16Error as core::fmt::Display>::fmt
 *fill*         0xffffffff8002c825        0xb 
 .text._RNvXs1_NvMs_NtNtCsfySoobUK4LL_5alloc3ffi5c_strNtBa_7CString3newQShNtB5_11SpecNewImpl13spec_new_impl
                0xffffffff8002c830      0x119 build/rust-target/x86_64-unknown-none/debug/libarx_rust.a(alloc-842e6e2f4ccd6097.alloc.b544392e097d5653-cgu.0.rcgu.o)
                0xffffffff8002c830                <&mut [u8] as <alloc::ffi::c_str::CString>::new::SpecNewImpl>::spec_new_impl
 *fill*         0xffffffff8002c949        0x7 
 .text._RNvXs1a_NtCsfySoobUK4LL_5alloc6stringNtB6_5DrainINtNtCsg3SjgaGcPXb_4core7convert5AsRefeE6as_ref
                0xffffffff8002c950        0xb build/rust-target/x86_64-unknown-none/debug/libarx_rust.a(alloc-842e6e2f4ccd6097.alloc.b544392e097d5653-cgu.0.rcgu.o)
                0xffffffff8002c950                <alloc::string::Drain as core::convert::AsRef<[u8]>>::as_ref
                0xffffffff8002c950                <alloc::string::Drain as core::convert::AsRef<str>>::as_ref
 *fill*         0xffffffff8002c95b        0x5 
 .text._RNvXs1c_NtCsfySoobUK4LL_5alloc6stringNtB6_5DrainNtNtNtNtCsg3SjgaGcPXb_4core4iter6traits8iterator8Iterator9size_hint
                0xffffffff8002c960       0x2e build/rust-target/x86_64-unknown-none/debug/libarx_rust.a(alloc-842e6e2f4ccd6097.alloc.b544392e097d5653-cgu.0.rcgu.o)
                0xffffffff8002c960                <alloc::string::Drain as core::iter::traits::iterator::Iterator>::size_hint
 *fill*         0xffffffff8002c98e        0x2 
 .text._RNvXs1g_NtCsg3SjgaGcPXb_4core3fmtReNtB6_5Debug3fmtCsfySoobUK4LL_5alloc
                0xffffffff8002c990       0x13 build/rust-target/x86_64-unknown-none/debug/libarx_rust.a(alloc-842e6e2f4ccd6097.alloc.b544392e097d5653-cgu.0.rcgu.o)
 *fill*         0xffffffff8002c9a3        0xd 
 .text._RNvXs2_NtCsfySoobUK4LL_5alloc11collectionsNtB5_15TryReserveErrorNtNtCsg3SjgaGcPXb_4core3fmt7Display3fmt
                0xffffffff8002c9b0       0x5e build/rust-target/x86_64-unknown-none/debug/libarx_rust.a(alloc-842e6e2f4ccd6097.alloc.b544392e097d5653-cgu.0.rcgu.o)
                0xffffffff8002c9b0                <alloc::collections::TryReserveError as core::fmt::Display>::fmt
 *fill*         0xffffffff8002ca0e        0x2 
 .text._RNvXs2_NtNtCsfySoobUK4LL_5alloc3ffi5c_strNtB5_7CStringNtNtCsg3SjgaGcPXb_4core3fmt5Debug3fmt
                0xffffffff8002ca10       0x13 build/rust-target/x86_64-unknown-none/debug/libarx_rust.a(alloc-842e6e2f4ccd6097.alloc.b544392e097d5653-cgu.0.rcgu.o)
                0xffffffff8002ca10                <alloc::ffi::c_str::CString as core::fmt::Debug>::fmt
 *fill*         0xffffffff8002ca23        0xd 
 .text._RNvXs4_NtCsfySoobUK4LL_5alloc6stringNtB5_6StringNtNtCsg3SjgaGcPXb_4core5clone5Clone10clone_from
                0xffffffff8002ca30       0x68 build/rust-target/x86_64-unknown-none/debug/libarx_rust.a(alloc-842e6e2f4ccd6097.alloc.b544392e097d5653-cgu.0.rcgu.o)
                0xffffffff8002ca30                <alloc::string::String as core::clone::Clone>::clone_from
 *fill*         0xffffffff8002ca98        0x8 
 .text._RNvXs4_NtCsfySoobUK4LL_5alloc6stringNtB5_6StringNtNtCsg3SjgaGcPXb_4core5clone5Clone5clone
                0xffffffff8002caa0       0x73 build/rust-target/x86_64-unknown-none/debug/libarx_rust.a(alloc-842e6e2f4ccd6097.alloc.b544392e097d5653-cgu.0.rcgu.o)
                0xffffffff8002caa0                <alloc::string::String as core::clone::Clone>::clone
 *fill*         0xffffffff8002cb13        0xd 
 .text._RNvXs4_NtNtCsfySoobUK4LL_5alloc3ffi5c_strNtB5_7CStringNtNtCsg3SjgaGcPXb_4core7default7Default7default
                0xffffffff8002cb20       0x39 build/rust-target/x86_64-unknown-none/debug/libarx_rust.a(alloc-842e6e2f4ccd6097.alloc.b544392e097d5653-cgu.0.rcgu.o)
                0xffffffff8002cb20                <alloc::ffi::c_str::CString as core::default::Default>::default
 *fill*         0xffffffff8002cb59        0x7 
 .text._RNvXs7_NtNtCsfySoobUK4LL_5alloc3ffi5c_strINtNtB9_5boxed3BoxNtNtNtCsg3SjgaGcPXb_4core3ffi5c_str4CStrEINtNtB11_7convert4FromRBV_E4from
                0xffffffff8002cb60       0x5c build/rust-target/x86_64-unknown-none/debug/libarx_rust.a(alloc-842e6e2f4ccd6097.alloc.b544392e097d5653-cgu.0.rcgu.o)
                0xffffffff8002cb60                <alloc::boxed::Box<core::ffi::c_str::CStr> as core::convert::From<&core::ffi::c_str::CStr>>::from
 *fill*         0xffffffff8002cbbc        0x4 
 .text._RNvXs8_NtNtCsfySoobUK4LL_5alloc3ffi5c_strINtNtB9_5boxed3BoxNtNtNtCsg3SjgaGcPXb_4core3ffi5c_str4CStrEINtNtB11_7convert4FromQBV_E4from
                0xffffffff8002cbc0       0x5c build/rust-target/x86_64-unknown-none/debug/libarx_rust.a(alloc-842e6e2f4ccd6097.alloc.b544392e097d5653-cgu.0.rcgu.o)
                0xffffffff8002cbc0                <alloc::boxed::Box<core::ffi::c_str::CStr> as core::convert::From<&mut core::ffi::c_str::CStr>>::from
 *fill*         0xffffffff8002cc1c        0x4 
 .text._RNvXsD_NtCsfySoobUK4LL_5alloc3vecINtB5_3VechEINtNtCsg3SjgaGcPXb_4core7convert4FromReE4from
                0xffffffff8002cc20       0x80 build/rust-target/x86_64-unknown-none/debug/libarx_rust.a(alloc-842e6e2f4ccd6097.alloc.b544392e097d5653-cgu.0.rcgu.o)
                0xffffffff8002cc20                <alloc::vec::Vec<u8> as core::convert::From<&str>>::from
 .text._RNvXsK_NtCsg3SjgaGcPXb_4core3fmtNtB5_5ErrorNtB5_5Debug3fmt
                0xffffffff8002cca0       0x15 build/rust-target/x86_64-unknown-none/debug/libarx_rust.a(alloc-842e6e2f4ccd6097.alloc.b544392e097d5653-cgu.0.rcgu.o)
 *fill*         0xffffffff8002ccb5        0xb 
 .text._RNvXsO_NtCsfySoobUK4LL_5alloc6stringINtNtB7_5boxed3BoxeEINtNtCsg3SjgaGcPXb_4core7convert4FromNtB5_6StringE4from
                0xffffffff8002ccc0       0x54 build/rust-target/x86_64-unknown-none/debug/libarx_rust.a(alloc-842e6e2f4ccd6097.alloc.b544392e097d5653-cgu.0.rcgu.o)
                0xffffffff8002ccc0                <alloc::boxed::Box<str> as core::convert::From<alloc::string::String>>::from
 *fill*         0xffffffff8002cd14        0xc 
 .text._RNvXsP_NtCsfySoobUK4LL_5alloc6stringNtB5_6StringINtNtCsg3SjgaGcPXb_4core7convert4FromINtNtB7_6borrow3CoweEE4from
                0xffffffff8002cd20       0x95 build/rust-target/x86_64-unknown-none/debug/libarx_rust.a(alloc-842e6e2f4ccd6097.alloc.b544392e097d5653-cgu.0.rcgu.o)
                0xffffffff8002cd20                <alloc::string::String as core::convert::From<alloc::borrow::Cow<str>>>::from
 *fill*         0xffffffff8002cdb5        0xb 
 .text._RNvXsY_NtCsfySoobUK4LL_5alloc6stringNtB5_6StringINtNtCsg3SjgaGcPXb_4core7convert7TryFromINtNtB7_3vec3VechEE8try_from
                0xffffffff8002cdc0       0x95 build/rust-target/x86_64-unknown-none/debug/libarx_rust.a(alloc-842e6e2f4ccd6097.alloc.b544392e097d5653-cgu.0.rcgu.o)
                0xffffffff8002cdc0                <alloc::string::String as core::convert::TryFrom<alloc::vec::Vec<u8>>>::try_from
 *fill*         0xffffffff8002ce55        0xb 
 .text._RNvXsZ_NtCsfySoobUK4LL_5alloc6stringNtB5_6StringNtNtCsg3SjgaGcPXb_4core3fmt5Write10write_char
                0xffffffff8002ce60      0x107 build/rust-target/x86_64-unknown-none/debug/libarx_rust.a(alloc-842e6e2f4ccd6097.alloc.b544392e097d5653-cgu.0.rcgu.o)
 *fill*         0xffffffff8002cf67        0x9 
 .text._RNvXsZ_NtCsfySoobUK4LL_5alloc6stringNtB5_6StringNtNtCsg3SjgaGcPXb_4core3fmt5Write9write_str
                0xffffffff8002cf70       0x61 build/rust-target/x86_64-unknown-none/debug/libarx_rust.a(alloc-842e6e2f4ccd6097.alloc.b544392e097d5653-cgu.0.rcgu.o)
 *fill*         0xffffffff8002cfd1        0xf 
 .text._RNvXs_NvMs_NtNtCsfySoobUK4LL_5alloc3ffi5c_strNtB9_7CString3newRShNtB4_11SpecNewImpl13spec_new_impl
                0xffffffff8002cfe0      0x119 build/rust-target/x86_64-unknown-none/debug/libarx_rust.a(alloc-842e6e2f4ccd6097.alloc.b544392e097d5653-cgu.0.rcgu.o)
                0xffffffff8002cfe0                <&[u8] as <alloc::ffi::c_str::CString>::new::SpecNewImpl>::spec_new_impl
 *fill*         0xffffffff8002d0f9        0x7 
 .text._RNvXs_NvXsf_NtNtCsfySoobUK4LL_5alloc5boxed7convertINtBc_3BoxDNtNtCsg3SjgaGcPXb_4core5error5ErrorNtNtB11_6marker4SyncNtB1y_4SendEL_EINtNtB11_7convert4FromNtNtBe_6string6StringE4fromNtB4_11StringErrorNtNtB11_3fmt7Display3fmt
                0xffffffff8002d100       0x14 build/rust-target/x86_64-unknown-none/debug/libarx_rust.a(alloc-842e6e2f4ccd6097.alloc.b544392e097d5653-cgu.0.rcgu.o)
                0xffffffff8002d100                <<alloc::boxed::Box<dyn core::error::Error + core::marker::Sync + core::marker::Send> as core::convert::From<alloc::string::String>>::from::StringError as core::fmt::Display>::fmt
 *fill*         0xffffffff8002d114        0xc 
 .text._RNvXsd_NtNtCsg3SjgaGcPXb_4core5alloc6layoutNtB5_11LayoutErrorNtNtB9_3fmt5Debug3fmt
                0xffffffff8002d120       0x15 build/rust-target/x86_64-unknown-none/debug/libarx_rust.a(alloc-842e6e2f4ccd6097.alloc.b544392e097d5653-cgu.0.rcgu.o)
 *fill*         0xffffffff8002d135        0xb 
 .text._RNvXsf_NtCsfySoobUK4LL_5alloc5boxedINtB5_3BoxeENtNtCsg3SjgaGcPXb_4core5clone5Clone5clone
                0xffffffff8002d140       0x68 build/rust-target/x86_64-unknown-none/debug/libarx_rust.a(alloc-842e6e2f4ccd6097.alloc.b544392e097d5653-cgu.0.rcgu.o)
                0xffffffff8002d140                <alloc::boxed::Box<str> as core::clone::Clone>::clone
 *fill*         0xffffffff8002d1a8        0x8 
 .text._RNvXsg_NtNtCsfySoobUK4LL_5alloc5boxed7convertINtB7_3BoxDNtNtCsg3SjgaGcPXb_4core5error5ErrorEL_EINtNtBW_7convert4FromNtNtB9_6string6StringE4from
                0xffffffff8002d1b0       0x58 build/rust-target/x86_64-unknown-none/debug/libarx_rust.a(alloc-842e6e2f4ccd6097.alloc.b544392e097d5653-cgu.0.rcgu.o)
                0xffffffff8002d1b0                <alloc::boxed::Box<dyn core::error::Error> as core::convert::From<alloc::string::String>>::from
 *fill*         0xffffffff8002d208        0x8 
 .text._RNvXsh_NtCsfySoobUK4LL_5alloc6borrowINtB5_3CoweEINtNtNtCsg3SjgaGcPXb_4core3ops5arith9AddAssignReE10add_assign
                0xffffffff8002d210      0x22f build/rust-target/x86_64-unknown-none/debug/libarx_rust.a(alloc-842e6e2f4ccd6097.alloc.b544392e097d5653-cgu.0.rcgu.o)
                0xffffffff8002d210                <alloc::borrow::Cow<str> as core::ops::arith::AddAssign<&str>>::add_assign
 *fill*         0xffffffff8002d43f        0x1 
 .text._RNvXsh_NtCsfySoobUK4LL_5alloc6stringSReNtB5_13SpecExtendStr16spec_extend_into
                0xffffffff8002d440      0x1e9 build/rust-target/x86_64-unknown-none/debug/libarx_rust.a(alloc-842e6e2f4ccd6097.alloc.b544392e097d5653-cgu.0.rcgu.o)
                0xffffffff8002d440                <[&str] as alloc::string::SpecExtendStr>::spec_extend_into
 *fill*         0xffffffff8002d629        0x7 
 .text._RNvXsi_NtCsfySoobUK4LL_5alloc6borrowINtB5_3CoweENtNtNtCsg3SjgaGcPXb_4core3ops5arith9AddAssign10add_assign
                0xffffffff8002d630      0x26c build/rust-target/x86_64-unknown-none/debug/libarx_rust.a(alloc-842e6e2f4ccd6097.alloc.b544392e097d5653-cgu.0.rcgu.o)
                0xffffffff8002d630                <alloc::borrow::Cow<str> as core::ops::arith::AddAssign>::add_assign
 *fill*         0xffffffff8002d89c        0x4 
 .text._RNvXsi_NtNtCsfySoobUK4LL_5alloc5boxed7convertINtB7_3BoxDNtNtCsg3SjgaGcPXb_4core5error5ErrorEL_EINtNtBW_7convert4FromReE4from
                0xffffffff8002d8a0       0x9e build/rust-target/x86_64-unknown-none/debug/libarx_rust.a(alloc-842e6e2f4ccd6097.alloc.b544392e097d5653-cgu.0.rcgu.o)
                0xffffffff8002d8a0                <alloc::boxed::Box<dyn core::error::Error> as core::convert::From<&str>>::from
 *fill*         0xffffffff8002d93e        0x2 
 .text._RNvXsj_NtNtCsfySoobUK4LL_5alloc5boxed7convertINtB7_3BoxDNtNtCsg3SjgaGcPXb_4core5error5ErrorNtNtBW_6marker4SyncNtB1t_4SendEL_EINtNtBW_7convert4FromINtNtB9_6borrow3CoweEE4from
                0xffffffff8002d940       0xb6 build/rust-target/x86_64-unknown-none/debug/libarx_rust.a(alloc-842e6e2f4ccd6097.alloc.b544392e097d5653-cgu.0.rcgu.o)
                0xffffffff8002d940                <alloc::boxed::Box<dyn core::error::Error> as core::convert::From<alloc::borrow::Cow<str>>>::from
                0xffffffff8002d940                <alloc::boxed::Box<dyn core::error::Error + core::marker::Sync + core::marker::Send> as core::convert::From<alloc::borrow::Cow<str>>>::from
 *fill*         0xffffffff8002d9f6        0xa 
 .text._RNvXso_NtCsfySoobUK4LL_5alloc6stringRNtB5_6StringNtNtNtCsg3SjgaGcPXb_4core3str7pattern7Pattern13into_searcher
                0xffffffff8002da00       0x17 build/rust-target/x86_64-unknown-none/debug/libarx_rust.a(alloc-842e6e2f4ccd6097.alloc.b544392e097d5653-cgu.0.rcgu.o)
                0xffffffff8002da00                <&alloc::string::String as core::str::pattern::Pattern>::into_searcher
 *fill*         0xffffffff8002da17        0x9 
 .text._RNvXsq_NtNtCsfySoobUK4LL_5alloc3ffi5c_strINtNtB9_5boxed3BoxNtNtNtCsg3SjgaGcPXb_4core3ffi5c_str4CStrENtNtB11_7default7Default7default
                0xffffffff8002da20       0x58 build/rust-target/x86_64-unknown-none/debug/libarx_rust.a(alloc-842e6e2f4ccd6097.alloc.b544392e097d5653-cgu.0.rcgu.o)
                0xffffffff8002da20                <alloc::boxed::Box<core::ffi::c_str::CStr> as core::default::Default>::default
 *fill*         0xffffffff8002da78        0x8 
 .text._RNvXss_NtNtCsfySoobUK4LL_5alloc3ffi5c_strNtB5_8NulErrorNtNtCsg3SjgaGcPXb_4core3fmt7Display3fmt
                0xffffffff8002da80       0x39 build/rust-target/x86_64-unknown-none/debug/libarx_rust.a(alloc-842e6e2f4ccd6097.alloc.b544392e097d5653-cgu.0.rcgu.o)
                0xffffffff8002da80                <alloc::ffi::c_str::NulError as core::fmt::Display>::fmt
 *fill*         0xffffffff8002dab9        0x7 
 .text._RNvXst_NtNtCsfySoobUK4LL_5alloc3ffi5c_strNtB5_19FromVecWithNulErrorNtNtCsg3SjgaGcPXb_4core3fmt7Display3fmt
                0xffffffff8002dac0       0x5f build/rust-target/x86_64-unknown-none/debug/libarx_rust.a(alloc-842e6e2f4ccd6097.alloc.b544392e097d5653-cgu.0.rcgu.o)
                0xffffffff8002dac0                <alloc::ffi::c_str::FromVecWithNulError as core::fmt::Display>::fmt
 *fill*         0xffffffff8002db1f        0x1 
 .text._RNvXsv_NtNtCsfySoobUK4LL_5alloc3ffi5c_strNtB5_15IntoStringErrorNtNtCsg3SjgaGcPXb_4core3fmt7Display3fmt
                0xffffffff8002db20       0x15 build/rust-target/x86_64-unknown-none/debug/libarx_rust.a(alloc-842e6e2f4ccd6097.alloc.b544392e097d5653-cgu.0.rcgu.o)
                0xffffffff8002db20                <alloc::ffi::c_str::IntoStringError as core::fmt::Display>::fmt
 *fill*         0xffffffff8002db35        0xb 
 .text._RNvXsw_NtNtCsfySoobUK4LL_5alloc3ffi5c_strNtNtNtCsg3SjgaGcPXb_4core3ffi5c_str4CStrNtNtB9_6borrow7ToOwned10clone_into
                0xffffffff8002db40       0xd8 build/rust-target/x86_64-unknown-none/debug/libarx_rust.a(alloc-842e6e2f4ccd6097.alloc.b544392e097d5653-cgu.0.rcgu.o)
                0xffffffff8002db40                <core::ffi::c_str::CStr as alloc::borrow::ToOwned>::clone_into
 *fill*         0xffffffff8002dc18        0x8 
 .text._RNvYNtNtCsfySoobUK4LL_5alloc6string6StringNtNtCsg3SjgaGcPXb_4core3fmt5Write9write_fmtB6_
                0xffffffff8002dc20       0x13 build/rust-target/x86_64-unknown-none/debug/libarx_rust.a(alloc-842e6e2f4ccd6097.alloc.b544392e097d5653-cgu.0.rcgu.o)
 *fill*         0xffffffff8002dc33        0xd 
 .text._RNvYNtNvXsf_NtNtCsfySoobUK4LL_5alloc5boxed7convertINtBc_3BoxDNtNtCsg3SjgaGcPXb_4core5error5ErrorNtNtB11_6marker4SyncNtB1y_4SendEL_EINtNtB11_7convert4FromNtNtBe_6string6StringE4from11StringErrorBX_11descriptionBe_
                0xffffffff8002dc40        0xd build/rust-target/x86_64-unknown-none/debug/libarx_rust.a(alloc-842e6e2f4ccd6097.alloc.b544392e097d5653-cgu.0.rcgu.o)
 *fill*         0xffffffff8002dc4d        0x3 
 .text._RNvYNtNvXsf_NtNtCsfySoobUK4LL_5alloc5boxed7convertINtBc_3BoxDNtNtCsg3SjgaGcPXb_4core5error5ErrorNtNtB11_6marker4SyncNtB1y_4SendEL_EINtNtB11_7convert4FromNtNtBe_6string6StringE4from11StringErrorBX_5causeBe_
                0xffffffff8002dc50        0x3 build/rust-target/x86_64-unknown-none/debug/libarx_rust.a(alloc-842e6e2f4ccd6097.alloc.b544392e097d5653-cgu.0.rcgu.o)
 *fill*         0xffffffff8002dc53        0xd 
 .text._RNvYNtNvXsf_NtNtCsfySoobUK4LL_5alloc5boxed7convertINtBc_3BoxDNtNtCsg3SjgaGcPXb_4core5error5ErrorNtNtB11_6marker4SyncNtB1y_4SendEL_EINtNtB11_7convert4FromNtNtBe_6string6StringE4from11StringErrorBX_7provideBe_
                0xffffffff8002dc60        0x1 build/rust-target/x86_64-unknown-none/debug/libarx_rust.a(alloc-842e6e2f4ccd6097.alloc.b544392e097d5653-cgu.0.rcgu.o)
 *fill*         0xffffffff8002dc61        0xf 
 .text._RNvYNtNvXsf_NtNtCsfySoobUK4LL_5alloc5boxed7convertINtBc_3BoxDNtNtCsg3SjgaGcPXb_4core5error5ErrorNtNtB11_6marker4SyncNtB1y_4SendEL_EINtNtB11_7convert4FromNtNtBe_6string6StringE4from11StringErrorBX_7type_idBe_
                0xffffffff8002dc70       0x1f build/rust-target/x86_64-unknown-none/debug/libarx_rust.a(alloc-842e6e2f4ccd6097.alloc.b544392e097d5653-cgu.0.rcgu.o)
 *fill*         0xffffffff8002dc8f        0x1 
 .text          0xffffffff8002dc90        0x0 build/rust-target/x86_64-unknown-none/debug/libarx_rust.a(core-fcc82a7537a7267a.core.bb170dea1013a3a3-cgu.0.rcgu.o)
 .text.unlikely._RINvNtCsg3SjgaGcPXb_4core9panicking13assert_failedINtNtB4_6option6OptionjEBM_EB4_
                0xffffffff8002dc90       0x35 build/rust-target/x86_64-unknown-none/debug/libarx_rust.a(core-fcc82a7537a7267a.core.bb170dea1013a3a3-cgu.0.rcgu.o)
                0xffffffff8002dc90                core::panicking::assert_failed::<core::option::Option<usize>, core::option::Option<usize>>
 .text.unlikely._RINvNtCsg3SjgaGcPXb_4core9panicking13assert_failedjjEB4_
                0xffffffff8002dcc5       0x35 build/rust-target/x86_64-unknown-none/debug/libarx_rust.a(core-fcc82a7537a7267a.core.bb170dea1013a3a3-cgu.0.rcgu.o)
                0xffffffff8002dcc5                core::panicking::assert_failed::<usize, usize>
 .text.unlikely._RINvNtCsg3SjgaGcPXb_4core9panicking13assert_failedyyEB4_
                0xffffffff8002dcfa       0x35 build/rust-target/x86_64-unknown-none/debug/libarx_rust.a(core-fcc82a7537a7267a.core.bb170dea1013a3a3-cgu.0.rcgu.o)
                0xffffffff8002dcfa                core::panicking::assert_failed::<u64, u64>
 *fill*         0xffffffff8002dd2f        0x1 
 .text._RINvNtNtCsg3SjgaGcPXb_4core3fmt5float29float_to_decimal_common_exactC3f16EB6_
                0xffffffff8002dd30      0x406 build/rust-target/x86_64-unknown-none/debug/libarx_rust.a(core-fcc82a7537a7267a.core.bb170dea1013a3a3-cgu.0.rcgu.o)
 *fill*         0xffffffff8002e136        0xa 
 .text._RINvNtNtCsg3SjgaGcPXb_4core3fmt5float29float_to_decimal_common_exactdEB6_
                0xffffffff8002e140      0x422 build/rust-target/x86_64-unknown-none/debug/libarx_rust.a(core-fcc82a7537a7267a.core.bb170dea1013a3a3-cgu.0.rcgu.o)
 *fill*         0xffffffff8002e562        0xe 
 .text._RINvNtNtCsg3SjgaGcPXb_4core3fmt5float29float_to_decimal_common_exactfEB6_
                0xffffffff8002e570      0x411 build/rust-target/x86_64-unknown-none/debug/libarx_rust.a(core-fcc82a7537a7267a.core.bb170dea1013a3a3-cgu.0.rcgu.o)
 *fill*         0xffffffff8002e981        0xf 
 .text._RINvNtNtCsg3SjgaGcPXb_4core3fmt5float32float_to_decimal_common_shortestC3f16EB6_
                0xffffffff8002e990      0x305 build/rust-target/x86_64-unknown-none/debug/libarx_rust.a(core-fcc82a7537a7267a.core.bb170dea1013a3a3-cgu.0.rcgu.o)
 *fill*         0xffffffff8002ec95        0xb 
 .text._RINvNtNtCsg3SjgaGcPXb_4core3fmt5float32float_to_decimal_common_shortestdEB6_
                0xffffffff8002eca0      0x312 build/rust-target/x86_64-unknown-none/debug/libarx_rust.a(core-fcc82a7537a7267a.core.bb170dea1013a3a3-cgu.0.rcgu.o)
 *fill*         0xffffffff8002efb2        0xe 
 .text._RINvNtNtCsg3SjgaGcPXb_4core3fmt5float32float_to_decimal_common_shortestfEB6_
                0xffffffff8002efc0      0x303 build/rust-target/x86_64-unknown-none/debug/libarx_rust.a(core-fcc82a7537a7267a.core.bb170dea1013a3a3-cgu.0.rcgu.o)
 *fill*         0xffffffff8002f2c3        0xd 
 .text._RINvNtNtCsg3SjgaGcPXb_4core3fmt5float33float_to_exponential_common_exactC3f16EB6_
                0xffffffff8002f2d0      0x3fb build/rust-target/x86_64-unknown-none/debug/libarx_rust.a(core-fcc82a7537a7267a.core.bb170dea1013a3a3-cgu.0.rcgu.o)
 *fill*         0xffffffff8002f6cb        0x5 
 .text._RINvNtNtCsg3SjgaGcPXb_4core3fmt5float33float_to_exponential_common_exactdEB6_
                0xffffffff8002f6d0      0x40b build/rust-target/x86_64-unknown-none/debug/libarx_rust.a(core-fcc82a7537a7267a.core.bb170dea1013a3a3-cgu.0.rcgu.o)
 *fill*         0xffffffff8002fadb        0x5 
 .text._RINvNtNtCsg3SjgaGcPXb_4core3fmt5float33float_to_exponential_common_exactfEB6_
                0xffffffff8002fae0      0x3fd build/rust-target/x86_64-unknown-none/debug/libarx_rust.a(core-fcc82a7537a7267a.core.bb170dea1013a3a3-cgu.0.rcgu.o)
 *fill*         0xffffffff8002fedd        0x3 
 .text._RINvNtNtCsg3SjgaGcPXb_4core3fmt5float36float_to_exponential_common_shortestC3f16EB6_
                0xffffffff8002fee0      0x3ab build/rust-target/x86_64-unknown-none/debug/libarx_rust.a(core-fcc82a7537a7267a.core.bb170dea1013a3a3-cgu.0.rcgu.o)
 *fill*         0xffffffff8003028b        0x5 
 .text._RINvNtNtCsg3SjgaGcPXb_4core3fmt5float36float_to_exponential_common_shortestdEB6_
                0xffffffff80030290      0x3c1 build/rust-target/x86_64-unknown-none/debug/libarx_rust.a(core-fcc82a7537a7267a.core.bb170dea1013a3a3-cgu.0.rcgu.o)
 *fill*         0xffffffff80030651        0xf 
 .text._RINvNtNtCsg3SjgaGcPXb_4core3fmt5float36float_to_exponential_common_shortestfEB6_
                0xffffffff80030660      0x3ae build/rust-target/x86_64-unknown-none/debug/libarx_rust.a(core-fcc82a7537a7267a.core.bb170dea1013a3a3-cgu.0.rcgu.o)
 *fill*         0xffffffff80030a0e        0x2 
 .text._RINvNtNtNtCsg3SjgaGcPXb_4core3num7dec2flt6lemire13compute_floatC3f16EB8_
                0xffffffff80030a10      0x143 build/rust-target/x86_64-unknown-none/debug/libarx_rust.a(core-fcc82a7537a7267a.core.bb170dea1013a3a3-cgu.0.rcgu.o)
 *fill*         0xffffffff80030b53        0xd 
 .text._RINvNtNtNtCsg3SjgaGcPXb_4core3num7dec2flt6lemire13compute_floatdEB8_
                0xffffffff80030b60      0x179 build/rust-target/x86_64-unknown-none/debug/libarx_rust.a(core-fcc82a7537a7267a.core.bb170dea1013a3a3-cgu.0.rcgu.o)
 *fill*         0xffffffff80030cd9        0x7 
 .text._RINvNtNtNtCsg3SjgaGcPXb_4core3num7dec2flt6lemire13compute_floatfEB8_
                0xffffffff80030ce0      0x161 build/rust-target/x86_64-unknown-none/debug/libarx_rust.a(core-fcc82a7537a7267a.core.bb170dea1013a3a3-cgu.0.rcgu.o)
 *fill*         0xffffffff80030e41        0xf 
 .text._RNCINvMNtNtCsg3SjgaGcPXb_4core3net6parserNtB5_6Parser11read_numbertE0B9_
                0xffffffff80030e50      0x270 build/rust-target/x86_64-unknown-none/debug/libarx_rust.a(core-fcc82a7537a7267a.core.bb170dea1013a3a3-cgu.0.rcgu.o)
 .text._RNCNvNvXsa_NtCsg3SjgaGcPXb_4core4timeNtB9_8DurationNtNtBb_3fmt5Debug3fmt11fmt_decimals_0Bb_
                0xffffffff800310c0      0x181 build/rust-target/x86_64-unknown-none/debug/libarx_rust.a(core-fcc82a7537a7267a.core.bb170dea1013a3a3-cgu.0.rcgu.o)
 *fill*         0xffffffff80031241        0xf 
 .text._RNvMNtCsg3SjgaGcPXb_4core3stre12escape_debug
                0xffffffff80031250       0xe8 build/rust-target/x86_64-unknown-none/debug/libarx_rust.a(core-fcc82a7537a7267a.core.bb170dea1013a3a3-cgu.0.rcgu.o)
                0xffffffff80031250                <str>::escape_debug
 *fill*         0xffffffff80031338        0x8 
 .text._RNvMNtCsg3SjgaGcPXb_4core3stre12substr_range
                0xffffffff80031340       0x32 build/rust-target/x86_64-unknown-none/debug/libarx_rust.a(core-fcc82a7537a7267a.core.bb170dea1013a3a3-cgu.0.rcgu.o)
                0xffffffff80031340                <str>::substr_range
 *fill*         0xffffffff80031372        0xe 
 .text._RNvMNtCsg3SjgaGcPXb_4core3stre13from_utf8_mut
                0xffffffff80031380        0x6 build/rust-target/x86_64-unknown-none/debug/libarx_rust.a(core-fcc82a7537a7267a.core.bb170dea1013a3a3-cgu.0.rcgu.o)
                0xffffffff80031380                <str>::from_utf8_mut
 *fill*         0xffffffff80031386        0xa 
 .text._RNvMNtCsg3SjgaGcPXb_4core3stre22split_at_mut_unchecked
                0xffffffff80031390       0x19 build/rust-target/x86_64-unknown-none/debug/libarx_rust.a(core-fcc82a7537a7267a.core.bb170dea1013a3a3-cgu.0.rcgu.o)
                0xffffffff80031390                <str>::split_at_mut_unchecked
 *fill*         0xffffffff800313a9        0x7 
 .text._RNvMNtCsg3SjgaGcPXb_4core3stre9from_utf8
                0xffffffff800313b0        0x6 build/rust-target/x86_64-unknown-none/debug/libarx_rust.a(core-fcc82a7537a7267a.core.bb170dea1013a3a3-cgu.0.rcgu.o)
                0xffffffff800313b0                <str>::from_utf8
 *fill*         0xffffffff800313b6        0xa 
 .text._RNvMNtNtCsg3SjgaGcPXb_4core3net6parserNtB2_6Parser14read_ipv4_addr
                0xffffffff800313c0      0x3b9 build/rust-target/x86_64-unknown-none/debug/libarx_rust.a(core-fcc82a7537a7267a.core.bb170dea1013a3a3-cgu.0.rcgu.o)
 *fill*         0xffffffff80031779        0x7 
 .text._RNvMNtNtCsg3SjgaGcPXb_4core3net6parserNtB2_6Parser14read_ipv6_addr
                0xffffffff80031780      0x1a9 build/rust-target/x86_64-unknown-none/debug/libarx_rust.a(core-fcc82a7537a7267a.core.bb170dea1013a3a3-cgu.0.rcgu.o)
 *fill*         0xffffffff80031929        0x7 
 .text._RNvMNtNtCsg3SjgaGcPXb_4core3net6parserNtB2_6Parser19read_socket_addr_v6
                0xffffffff80031930      0x1a7 build/rust-target/x86_64-unknown-none/debug/libarx_rust.a(core-fcc82a7537a7267a.core.bb170dea1013a3a3-cgu.0.rcgu.o)
 *fill*         0xffffffff80031ad7        0x9 
 .text._RNvMNtNtCsg3SjgaGcPXb_4core3num3fmtNtB2_4Part3len
                0xffffffff80031ae0       0x47 build/rust-target/x86_64-unknown-none/debug/libarx_rust.a(core-fcc82a7537a7267a.core.bb170dea1013a3a3-cgu.0.rcgu.o)
                0xffffffff80031ae0                <core::num::fmt::Part>::len
 *fill*         0xffffffff80031b27        0x9 
 .text._RNvMNtNtCsg3SjgaGcPXb_4core3num3fmtNtB2_4Part5write
                0xffffffff80031b30      0x1bb build/rust-target/x86_64-unknown-none/debug/libarx_rust.a(core-fcc82a7537a7267a.core.bb170dea1013a3a3-cgu.0.rcgu.o)
                0xffffffff80031b30                <core::num::fmt::Part>::write
 *fill*         0xffffffff80031ceb        0x5 
 .text._RNvMNtNtCsg3SjgaGcPXb_4core3num9diy_floatNtB2_2Fp12normalize_to
                0xffffffff80031cf0       0x64 build/rust-target/x86_64-unknown-none/debug/libarx_rust.a(core-fcc82a7537a7267a.core.bb170dea1013a3a3-cgu.0.rcgu.o)
                0xffffffff80031cf0                <core::num::diy_float::Fp>::normalize_to
 *fill*         0xffffffff80031d54        0xc 
 .text._RNvMNtNtCsg3SjgaGcPXb_4core4char7methodsc16escape_debug_ext
                0xffffffff80031d60      0x23f build/rust-target/x86_64-unknown-none/debug/libarx_rust.a(core-fcc82a7537a7267a.core.bb170dea1013a3a3-cgu.0.rcgu.o)
 *fill*         0xffffffff80031f9f        0x1 
 .text._RNvMNtNtNtCsg3SjgaGcPXb_4core3num6bignum5testsNtB2_6Big8x310bit_length
                0xffffffff80031fa0       0x97 build/rust-target/x86_64-unknown-none/debug/libarx_rust.a(core-fcc82a7537a7267a.core.bb170dea1013a3a3-cgu.0.rcgu.o)
                0xffffffff80031fa0                <core::num::bignum::tests::Big8x3>::bit_length
 *fill*         0xffffffff80032037        0x9 
 .text._RNvMNtNtNtCsg3SjgaGcPXb_4core3num6bignum5testsNtB2_6Big8x310mul_digits
                0xffffffff80032040      0x45d build/rust-target/x86_64-unknown-none/debug/libarx_rust.a(core-fcc82a7537a7267a.core.bb170dea1013a3a3-cgu.0.rcgu.o)
                0xffffffff80032040                <core::num::bignum::tests::Big8x3>::mul_digits
 *fill*         0xffffffff8003249d        0x3 