Archive member included to satisfy reference by file (symbol)

build/rust-target/aarch64-unknown-none/debug/libarx_rust.a(arx_rust-a71c17146fd2d1c8.e2p9oltxa02bmq7mqzdyovmql.1trmbco.rcgu.o)
                              build/aarch64/kernel/kernel.o (rust_entry)
build/rust-target/aarch64-unknown-none/debug/libarx_rust.a(core-1e028c497e00fdd6.core.8277119056f6e37b-cgu.0.rcgu.o)
                              build/rust-target/aarch64-unknown-none/debug/libarx_rust.a(arx_rust-a71c17146fd2d1c8.e2p9oltxa02bmq7mqzdyovmql.1trmbco.rcgu.o) (core::panicking::panic_const::panic_const_add_overflow)
build/rust-target/aarch64-unknown-none/debug/libarx_rust.a(compiler_builtins-3ee7e62f28e6961c.compiler_builtins.58091e693fb95d42-cgu.183.rcgu.o)
                              build/rust-target/aarch64-unknown-none/debug/libarx_rust.a(core-1e028c497e00fdd6.core.8277119056f6e37b-cgu.0.rcgu.o) (__udivti3)
build/rust-target/aarch64-unknown-none/debug/libarx_rust.a(arx_rust-a71c17146fd2d1c8.4oypa24y3n8rot08p7t0fkjdq.1trmbco.rcgu.o)
                              build/rust-target/aarch64-unknown-none/debug/libarx_rust.a(arx_rust-a71c17146fd2d1c8.e2p9oltxa02bmq7mqzdyovmql.1trmbco.rcgu.o) (alloc::vec::Vec<T>::with_capacity)
build/rust-target/aarch64-unknown-none/debug/libarx_rust.a(arx_rust-a71c17146fd2d1c8.7f7b173oy61kcmeil8ihp99i9.1trmbco.rcgu.o)
                              build/rust-target/aarch64-unknown-none/debug/libarx_rust.a(arx_rust-a71c17146fd2d1c8.e2p9oltxa02bmq7mqzdyovmql.1trmbco.rcgu.o) (arx_rust::resource::kdebug_printf)
build/rust-target/aarch64-unknown-none/debug/libarx_rust.a(arx_rust-a71c17146fd2d1c8.cp94tw84efwwaawq5083b3jmr.1trmbco.rcgu.o)
                              build/rust-target/aarch64-unknown-none/debug/libarx_rust.a(arx_rust-a71c17146fd2d1c8.4oypa24y3n8rot08p7t0fkjdq.1trmbco.rcgu.o) (alloc::raw_vec::RawVec<T,A>::grow_one)
build/rust-target/aarch64-unknown-none/debug/libarx_rust.a(arx_rust-a71c17146fd2d1c8.f3qosmo32hvc50ycsjqyz0urq.1trmbco.rcgu.o)
                              build/rust-target/aarch64-unknown-none/debug/libarx_rust.a(arx_rust-a71c17146fd2d1c8.cp94tw84efwwaawq5083b3jmr.1trmbco.rcgu.o) (core::hint::assert_unchecked::precondition_check)
build/rust-target/aarch64-unknown-none/debug/libarx_rust.a(alloc-c874c8d6ab3bab0d.alloc.5d13b6cf62b1258a-cgu.0.rcgu.o)
                              build/rust-target/aarch64-unknown-none/debug/libarx_rust.a(arx_rust-a71c17146fd2d1c8.cp94tw84efwwaawq5083b3jmr.1trmbco.rcgu.o) (alloc::raw_vec::handle_error)
build/rust-target/aarch64-unknown-none/debug/libarx_rust.a(compiler_builtins-3ee7e62f28e6961c.compiler_builtins.58091e693fb95d42-cgu.030.rcgu.o)
                              build/rust-target/aarch64-unknown-none/debug/libarx_rust.a(compiler_builtins-3ee7e62f28e6961c.compiler_builtins.58091e693fb95d42-cgu.183.rcgu.o) (compiler_builtins::int::specialized_div_rem::u128_div_rem)
build/rust-target/aarch64-unknown-none/debug/libarx_rust.a(compiler_builtins-3ee7e62f28e6961c.compiler_builtins.58091e693fb95d42-cgu.162.rcgu.o)
                              build/rust-target/aarch64-unknown-none/debug/libarx_rust.a(alloc-c874c8d6ab3bab0d.alloc.5d13b6cf62b1258a-cgu.0.rcgu.o) (memmove)
build/rust-target/aarch64-unknown-none/debug/libarx_rust.a(arx_rust-a71c17146fd2d1c8.21w39mrp373viqemel4a6my8f.1trmbco.rcgu.o)
                              build/rust-target/aarch64-unknown-none/debug/libarx_rust.a(arx_rust-a71c17146fd2d1c8.7f7b173oy61kcmeil8ihp99i9.1trmbco.rcgu.o) (core::ffi::c_str::CStr::as_ptr)
build/rust-target/aarch64-unknown-none/debug/libarx_rust.a(arx_rust-a71c17146fd2d1c8.2fzue596912642qap83rkny36.1trmbco.rcgu.o)
                              build/rust-target/aarch64-unknown-none/debug/libarx_rust.a(arx_rust-a71c17146fd2d1c8.cp94tw84efwwaawq5083b3jmr.1trmbco.rcgu.o) (core::alloc::layout::Layout::from_size_align_unchecked::precondition_check)
build/rust-target/aarch64-unknown-none/debug/libarx_rust.a(arx_rust-a71c17146fd2d1c8.3ata02zuendqgbjn5kzw7azzw.1trmbco.rcgu.o)
                              build/rust-target/aarch64-unknown-none/debug/libarx_rust.a(arx_rust-a71c17146fd2d1c8.7f7b173oy61kcmeil8ihp99i9.1trmbco.rcgu.o) (core::ptr::non_null::NonNull<T>::new)
build/rust-target/aarch64-unknown-none/debug/libarx_rust.a(arx_rust-a71c17146fd2d1c8.3yrfwsubtngd80yja2k2f1qv3.1trmbco.rcgu.o)
                              build/rust-target/aarch64-unknown-none/debug/libarx_rust.a(alloc-c874c8d6ab3bab0d.alloc.5d13b6cf62b1258a-cgu.0.rcgu.o) (__rustc::__rust_alloc)
build/rust-target/aarch64-unknown-none/debug/libarx_rust.a(arx_rust-a71c17146fd2d1c8.45j0fini4awybzcqkbtgo1bub.1trmbco.rcgu.o)
                              build/rust-target/aarch64-unknown-none/debug/libarx_rust.a(arx_rust-a71c17146fd2d1c8.3yrfwsubtngd80yja2k2f1qv3.1trmbco.rcgu.o) (core::cmp::Ord::max)
build/rust-target/aarch64-unknown-none/debug/libarx_rust.a(arx_rust-a71c17146fd2d1c8.51t5fv77945k3i9256tyf0rcb.1trmbco.rcgu.o)
[...]
Memory Configuration

Name             Origin             Length             Attributes
*default*        0x0000000000000000 0xffffffffffffffff

Linker script and memory map

                0xffffffff80000000                . = 0xffffffff80000000
                0xffffffff80000000                PROVIDE (__kernel_start = .)

.limine_requests
                0xffffffff80000000      0x188
 *(.limine_requests_start)
 .limine_requests_start
                0xffffffff80000000       0x20 build/aarch64/arch/aarch64/arch_entry.o
 *(.limine_requests)
 .limine_requests
                0xffffffff80000020      0x158 build/aarch64/arch/aarch64/arch_entry.o
 *(.limine_requests_end)
 .limine_requests_end
                0xffffffff80000178       0x10 build/aarch64/arch/aarch64/arch_entry.o
                0xffffffff80010000                . = ALIGN (CONSTANT (MAXPAGESIZE))

.text           0xffffffff80010000    0x4b948
 *(.text .text.*)
 .text          0xffffffff80010000      0x58c build/aarch64/kernel/kernel.o
                0xffffffff80010010                kmain
                0xffffffff8001046c                smp_kmain
                0xffffffff800104f0                kmain_post_init
 .text          0xffffffff8001058c      0x390 build/aarch64/klib/debug.o
                0xffffffff8001058c                debug_validate_boot
                0xffffffff80010764                debug_pci_devices
 .text          0xffffffff8001091c       0x20 build/aarch64/kernel/selftest.o
                0xffffffff8001091c                run_selftests
 .text          0xffffffff8001093c     0x10d4 build/aarch64/kernel/selftests/datastructurestests.o
                0xffffffff800119f4                run_datastructures_selftests
 .text          0xffffffff80011a10     0x245c build/aarch64/kernel/selftests/memorytests.o
                0xffffffff80013e4c                run_memory_selftests
 .text          0xffffffff80013e6c      0x930 build/aarch64/kernel/selftests/klibtests.o
                0xffffffff800146e4                run_klib_selftests
 .text          0xffffffff8001479c      0x1c0 build/aarch64/kernel/resource/cpu/cpu.o
                0xffffffff800147ac                cpus_init
                0xffffffff80014894                cpu_init_stack
 .text          0xffffffff8001495c     0x1204 build/aarch64/kernel/resource/memory/pmm.o
                0xffffffff80014f84                pmm_init
                0xffffffff80015880                pmm_alloc
                0xffffffff80015a10                pmm_free
 .text          0xffffffff80015b60      0x330 build/aarch64/kernel/resource/memory/metadata.o
                0xffffffff80015b60                metadata_default_elements_per_chunk
                0xffffffff80015d34                metadata_pool_init
                0xffffffff80015d88                metadata_pool_alloc
                0xffffffff80015e40                metadata_pool_free
 .text          0xffffffff80015e90     0x16ec build/aarch64/kernel/resource/memory/vmm.o
                0xffffffff80016644                vmm_init
                0xffffffff80016ac0                vmm_map_page
                0xffffffff80016b18                vmm_unmap_page
                0xffffffff80016b60                vmm_map_range
                0xffffffff80016bc0                vmm_unmap_range
                0xffffffff80016c10                vmm_protect_page
                0xffffffff80016c60                vmm_protect_range
                0xffffffff80016cb8                vmm_switch_addr_space
                0xffffffff80016cf4                vmm_virt_to_phys
                0xffffffff80016d40                vmm_reserve_region
                0xffffffff80016fcc                vmm_free_region
                0xffffffff80017460                vmm_find_region
 .text          0xffffffff8001757c      0xf5c build/aarch64/kernel/resource/memory/heap.o
                0xffffffff800182dc                heap_init
                0xffffffff800183cc                heap_alloc
                0xffffffff80018464                heap_free
 .text          0xffffffff800184d8      0x568 build/aarch64/kernel/resource/terminal/terminal.o
                0xffffffff800184d8                terminal_init
                0xffffffff8001865c                terminal_get_context
                0xffffffff80018670                terminal_write
                0xffffffff800186cc                terminal_flush
                0xffffffff80018700                terminal_full_refresh
                0xffffffff80018734                terminal_deinit
                0xffffffff80018780                terminal_get_dimensions
                0xffffffff800187ec                terminal_set_autoflush
                0xffffffff80018828                terminal_set_callback
                0xffffffff80018864                terminal_get_cursor_pos
                0xffffffff800188d0                terminal_set_cursor_pos
                0xffffffff80018914                terminal_set_text_fg
                0xffffffff80018958                terminal_set_text_bg
                0xffffffff8001899c                terminal_reset_text_fg
                0xffffffff800189d0                terminal_reset_text_bg
                0xffffffff80018a04                terminal_clear
 .text          0xffffffff80018a40       0x18 build/aarch64/kernel/resource/device/device.o
                0xffffffff80018a40                enumerate_devices
 .text          0xffffffff80018a58     0x2b60 build/aarch64/klib/printf/printf.o
                0xffffffff8001b204                printf_
                0xffffffff8001b2c0                sprintf_
                0xffffffff8001b378                snprintf_
                0xffffffff8001b430                vprintf_
                0xffffffff8001b48c                vsnprintf_
                0xffffffff8001b4ec                fctprintf
 .text          0xffffffff8001b5b8      0xe1c build/aarch64/klib/klib.o
                0xffffffff8001b684                kprintf
                0xffffffff8001b744                kterm_write
                0xffffffff8001b838                kterm_printf
                0xffffffff8001b8f4                kterm_vprintf
                0xffffffff8001b984                memset
                0xffffffff8001b9e4                memcpy
                0xffffffff8001ba54                memcmp
                0xffffffff8001baf8                strlen
                0xffffffff8001bb4c                pa_to_hhdm
                0xffffffff8001bb88                hhdm_to_pa
                0xffffffff8001bd40                vmalloc
                0xffffffff8001bff0                vfree
                0xffffffff8001c23c                kmalloc
                0xffffffff8001c2e8                kzalloc
                0xffffffff8001c330                kfree
 .text          0xffffffff8001c3d4      0x984 build/aarch64/arch/aarch64/arch_entry.o
                0xffffffff8001c470                arch_enable_interrupts
                0xffffffff8001c47c                arch_disable_interrupts
                0xffffffff8001c488                arch_halt
                0xffffffff8001c494                arch_pause
                0xffffffff8001c4a0                arch_cpu_id
                0xffffffff8001c5c0                arch_serial_putchar
                0xffffffff8001c750                arch_smp_init
                0xffffffff8001cd00                _start
 .text          0xffffffff8001cd58     0x2328 build/aarch64/arch/aarch64/arch_paging.o
                0xffffffff8001ce0c                arch_get_pt
                0xffffffff8001ce24                arch_set_pt
                0xffffffff8001d32c                arch_map_page
                0xffffffff8001d674                arch_unmap_page
                0xffffffff8001d8fc                arch_map_range
                0xffffffff8001e254                arch_unmap_range
                0xffffffff8001e6c0                arch_protect
                0xffffffff8001e9ac                arch_protect_range
                0xffffffff8001ee68                arch_virt_to_phys
 .text          0xffffffff8001f080       0x50 build/aarch64/arch/aarch64/arch_init.o
                0xffffffff8001f080                arch_set_stack
                0xffffffff8001f0c0                arch_init
                0xffffffff8001f0c8                arch_device_init
 .text          0xffffffff8001f0d0       0x14 build/aarch64/arch/aarch64/arch_acpi.o
                0xffffffff8001f0d0                arch_acpi_init
 .text          0xffffffff8001f0e4        0x0 build/aarch64/kernel/resource/acpi/uACPI/source/default_handlers.o
 .text          0xffffffff8001f0e4        0x0 build/aarch64/kernel/resource/acpi/uACPI/source/event.o
 .text          0xffffffff8001f0e4        0x0 build/aarch64/kernel/resource/acpi/uACPI/source/interpreter.o
 .text          0xffffffff8001f0e4        0x0 build/aarch64/kernel/resource/acpi/uACPI/source/io.o
 .text          0xffffffff8001f0e4        0x0 build/aarch64/kernel/resource/acpi/uACPI/source/mutex.o
 .text          0xffffffff8001f0e4        0x0 build/aarch64/kernel/resource/acpi/uACPI/source/namespace.o
 .text          0xffffffff8001f0e4        0x0 build/aarch64/kernel/resource/acpi/uACPI/source/notify.o
 .text          0xffffffff8001f0e4        0x0 build/aarch64/kernel/resource/acpi/uACPI/source/opcodes.o
 .text          0xffffffff8001f0e4        0x0 build/aarch64/kernel/resource/acpi/uACPI/source/opregion.o
 .text          0xffffffff8001f0e4        0x0 build/aarch64/kernel/resource/acpi/uACPI/source/osi.o
 .text          0xffffffff8001f0e4        0x0 build/aarch64/kernel/resource/acpi/uACPI/source/registers.o
 .text          0xffffffff8001f0e4        0x0 build/aarch64/kernel/resource/acpi/uACPI/source/resources.o
 .text          0xffffffff8001f0e4        0x0 build/aarch64/kernel/resource/acpi/uACPI/source/shareable.o
 .text          0xffffffff8001f0e4        0x0 build/aarch64/kernel/resource/acpi/uACPI/source/sleep.o
 .text          0xffffffff8001f0e4     0x1850 build/aarch64/kernel/resource/acpi/uACPI/source/stdlib.o
                0xffffffff8001f0e4                uacpi_strlen
                0xffffffff8001f9ec                uacpi_vsnprintf
                0xffffffff8002076c                uacpi_snprintf
                0xffffffff8002081c                uacpi_log
 .text          0xffffffff80020934     0x2958 build/aarch64/kernel/resource/acpi/uACPI/source/tables.o
                0xffffffff80020c30                uacpi_table_subsystem_available
                0xffffffff8002117c                uacpi_setup_early_table_access
                0xffffffff800212c8                uacpi_deinitialize_tables
                0xffffffff800213d8                uacpi_set_table_installation_handler
                0xffffffff800214c4                uacpi_verify_table_checksum
                0xffffffff80021598                uacpi_signatures_match
                0xffffffff800215cc                uacpi_check_table_signature
                0xffffffff80022160                uacpi_table_install_physical_with_origin
                0xffffffff80022274                uacpi_table_install_with_origin
                0xffffffff800222e0                uacpi_table_install
                0xffffffff80022330                uacpi_table_install_physical
                0xffffffff80022380                uacpi_for_each_table
                0xffffffff800226f0                uacpi_table_find_by_signature
                0xffffffff80022788                uacpi_table_find_next_with_same_signature
                0xffffffff80022824                uacpi_table_find
                0xffffffff80022c08                uacpi_table_ref
                0xffffffff80022c38                uacpi_table_unref
                0xffffffff8002306c                uacpi_table_fadt
                0xffffffff800230b8                uacpi_for_each_subtable
 .text          0xffffffff8002328c      0x204 build/aarch64/kernel/resource/acpi/uACPI/source/types.o
                0xffffffff8002328c                uacpi_address_space_to_string
 .text          0xffffffff80023490      0x720 build/aarch64/kernel/resource/acpi/uACPI/source/uacpi.o
                0xffffffff800234d0                uacpi_is_platform_reduced_hardware
                0xffffffff8002351c                uacpi_context_set_log_level
                0xffffffff80023558                uacpi_logger_initialize
                0xffffffff800235ec                uacpi_context_set_proactive_table_checksum
                0xffffffff8002364c                uacpi_status_to_string
                0xffffffff80023b78                uacpi_state_reset
 .text          0xffffffff80023bb0      0x4cc build/aarch64/kernel/resource/acpi/uACPI/source/utilities.o
                0xffffffff80023e2c                uacpi_string_to_integer
 .text          0xffffffff8002407c      0x55c build/aarch64/kernel/resource/acpi/acpi.o
                0xffffffff800240e0                uacpi_kernel_get_rsdp
                0xffffffff8002412c                uacpi_kernel_map
                0xffffffff80024248                uacpi_kernel_unmap
                0xffffffff8002431c                uacpi_kernel_log
                0xffffffff8002434c                acpi_get_madt
                0xffffffff800243c8                acpi_get_mcfg
                0xffffffff80024444                acpi_init
 .text          0xffffffff800245d8     0x88dc build/aarch64/kernel/resource/terminal/flanterm/flanterm.o
                0xffffffff800245d8                flanterm_context_reinit
                0xffffffff80024770                flanterm_write
                0xffffffff8002c9a0                flanterm_flush
                0xffffffff8002c9c8                flanterm_full_refresh
                0xffffffff8002c9f0                flanterm_deinit
                0xffffffff8002ca20                flanterm_get_dimensions
                0xffffffff8002ca5c                flanterm_set_autoflush
                0xffffffff8002ca80                flanterm_set_callback
                0xffffffff8002caa4                flanterm_get_cursor_pos
                0xffffffff8002cadc                flanterm_set_cursor_pos
                0xffffffff8002cb5c                flanterm_set_text_fg
                0xffffffff8002cc2c                flanterm_set_text_bg
                0xffffffff8002ccfc                flanterm_reset_text_fg
                0xffffffff8002cdc0                flanterm_reset_text_bg
                0xffffffff8002ce84                flanterm_clear
 .text          0xffffffff8002ceb4     0x6288 build/aarch64/kernel/resource/terminal/flanterm/flanterm_backends/fb.o
                0xffffffff8002f71c                flanterm_fb_init
                0xffffffff80033110                flanterm_fb_set_flush_callback
 .text          0xffffffff8003313c        0x0 build/rust-target/aarch64-unknown-none/debug/libarx_rust.a(arx_rust-a71c17146fd2d1c8.e2p9oltxa02bmq7mqzdyovmql.1trmbco.rcgu.o)
 .text._RNvCsfLfy6EI15iL_7___rustc17rust_begin_unwind
                0xffffffff8003313c       0x14 build/rust-target/aarch64-unknown-none/debug/libarx_rust.a(arx_rust-a71c17146fd2d1c8.e2p9oltxa02bmq7mqzdyovmql.1trmbco.rcgu.o)
                0xffffffff8003313c                __rustc::rust_begin_unwind
 .text.__rust_alloc_error_handler
                0xffffffff80033150       0x18 build/rust-target/aarch64-unknown-none/debug/libarx_rust.a(arx_rust-a71c17146fd2d1c8.e2p9oltxa02bmq7mqzdyovmql.1trmbco.rcgu.o)
                0xffffffff80033150                __rust_alloc_error_handler
 .text.rust_entry
                0xffffffff80033168       0xc8 build/rust-target/aarch64-unknown-none/debug/libarx_rust.a(arx_rust-a71c17146fd2d1c8.e2p9oltxa02bmq7mqzdyovmql.1trmbco.rcgu.o)
                0xffffffff80033168                rust_entry
 .text          0xffffffff80033230        0x0 build/rust-target/aarch64-unknown-none/debug/libarx_rust.a(core-1e028c497e00fdd6.core.8277119056f6e37b-cgu.0.rcgu.o)
 .text.unlikely._RINvNtCsbcsGJ9IzBgZ_4core9panicking13assert_failedINtNtB4_6option6OptionjEBM_EB4_
                0xffffffff80033230       0x1c build/rust-target/aarch64-unknown-none/debug/libarx_rust.a(core-1e028c497e00fdd6.core.8277119056f6e37b-cgu.0.rcgu.o)
                0xffffffff80033230                core::panicking::assert_failed::<core::option::Option<usize>, core::option::Option<usize>>
 .text.unlikely._RINvNtCsbcsGJ9IzBgZ_4core9panicking13assert_failedjjEB4_
                0xffffffff8003324c       0x1c build/rust-target/aarch64-unknown-none/debug/libarx_rust.a(core-1e028c497e00fdd6.core.8277119056f6e37b-cgu.0.rcgu.o)
                0xffffffff8003324c                core::panicking::assert_failed::<usize, usize>
 .text.unlikely._RINvNtCsbcsGJ9IzBgZ_4core9panicking13assert_failedyyEB4_
                0xffffffff80033268       0x1c build/rust-target/aarch64-unknown-none/debug/libarx_rust.a(core-1e028c497e00fdd6.core.8277119056f6e37b-cgu.0.rcgu.o)
                0xffffffff80033268                core::panicking::assert_failed::<u64, u64>
 .text._RINvNtNtCsbcsGJ9IzBgZ_4core3fmt5float29float_to_decimal_common_exactC3f16EB6_
                0xffffffff80033284      0x344 build/rust-target/aarch64-unknown-none/debug/libarx_rust.a(core-1e028c497e00fdd6.core.8277119056f6e37b-cgu.0.rcgu.o)
 .text._RINvNtNtCsbcsGJ9IzBgZ_4core3fmt5float29float_to_decimal_common_exactdEB6_
                0xffffffff800335c8      0x340 build/rust-target/aarch64-unknown-none/debug/libarx_rust.a(core-1e028c497e00fdd6.core.8277119056f6e37b-cgu.0.rcgu.o)
 .text._RINvNtNtCsbcsGJ9IzBgZ_4core3fmt5float29float_to_decimal_common_exactfEB6_
                0xffffffff80033908      0x33c build/rust-target/aarch64-unknown-none/debug/libarx_rust.a(core-1e028c497e00fdd6.core.8277119056f6e37b-cgu.0.rcgu.o)
 .text._RINvNtNtCsbcsGJ9IzBgZ_4core3fmt5float32float_to_decimal_common_shortestC3f16EB6_
                0xffffffff80033c44      0x288 build/rust-target/aarch64-unknown-none/debug/libarx_rust.a(core-1e028c497e00fdd6.core.8277119056f6e37b-cgu.0.rcgu.o)
 .text._RINvNtNtCsbcsGJ9IzBgZ_4core3fmt5float32float_to_decimal_common_shortestdEB6_
                0xffffffff80033ecc      0x284 build/rust-target/aarch64-unknown-none/debug/libarx_rust.a(core-1e028c497e00fdd6.core.8277119056f6e37b-cgu.0.rcgu.o)
 .text._RINvNtNtCsbcsGJ9IzBgZ_4core3fmt5float32float_to_decimal_common_shortestfEB6_
                0xffffffff80034150      0x280 build/rust-target/aarch64-unknown-none/debug/libarx_rust.a(core-1e028c497e00fdd6.core.8277119056f6e37b-cgu.0.rcgu.o)
 .text._RINvNtNtCsbcsGJ9IzBgZ_4core3fmt5float33float_to_exponential_common_exactC3f16EB6_
                0xffffffff800343d0      0x378 build/rust-target/aarch64-unknown-none/debug/libarx_rust.a(core-1e028c497e00fdd6.core.8277119056f6e37b-cgu.0.rcgu.o)
 .text._RINvNtNtCsbcsGJ9IzBgZ_4core3fmt5float33float_to_exponential_common_exactdEB6_
                0xffffffff80034748      0x374 build/rust-target/aarch64-unknown-none/debug/libarx_rust.a(core-1e028c497e00fdd6.core.8277119056f6e37b-cgu.0.rcgu.o)
 .text._RINvNtNtCsbcsGJ9IzBgZ_4core3fmt5float33float_to_exponential_common_exactfEB6_
                0xffffffff80034abc      0x370 build/rust-target/aarch64-unknown-none/debug/libarx_rust.a(core-1e028c497e00fdd6.core.8277119056f6e37b-cgu.0.rcgu.o)
 .text._RINvNtNtCsbcsGJ9IzBgZ_4core3fmt5float36float_to_exponential_common_shortestC3f16EB6_
                0xffffffff80034e2c      0x33c build/rust-target/aarch64-unknown-none/debug/libarx_rust.a(core-1e028c497e00fdd6.core.8277119056f6e37b-cgu.0.rcgu.o)
 .text._RINvNtNtCsbcsGJ9IzBgZ_4core3fmt5float36float_to_exponential_common_shortestdEB6_
                0xffffffff80035168      0x338 build/rust-target/aarch64-unknown-none/debug/libarx_rust.a(core-1e028c497e00fdd6.core.8277119056f6e37b-cgu.0.rcgu.o)
 .text._RINvNtNtCsbcsGJ9IzBgZ_4core3fmt5float36float_to_exponential_common_shortestfEB6_
                0xffffffff800354a0      0x334 build/rust-target/aarch64-unknown-none/debug/libarx_rust.a(core-1e028c497e00fdd6.core.8277119056f6e37b-cgu.0.rcgu.o)
 .text._RINvNtNtNtCsbcsGJ9IzBgZ_4core3num7dec2flt6lemire13compute_floatC3f16EB8_
                0xffffffff800357d4      0x12c build/rust-target/aarch64-unknown-none/debug/libarx_rust.a(core-1e028c497e00fdd6.core.8277119056f6e37b-cgu.0.rcgu.o)
 .text._RINvNtNtNtCsbcsGJ9IzBgZ_4core3num7dec2flt6lemire13compute_floatdEB8_
                0xffffffff80035900      0x14c build/rust-target/aarch64-unknown-none/debug/libarx_rust.a(core-1e028c497e00fdd6.core.8277119056f6e37b-cgu.0.rcgu.o)
 .text._RINvNtNtNtCsbcsGJ9IzBgZ_4core3num7dec2flt6lemire13compute_floatfEB8_
                0xffffffff80035a4c      0x150 build/rust-target/aarch64-unknown-none/debug/libarx_rust.a(core-1e028c497e00fdd6.core.8277119056f6e37b-cgu.0.rcgu.o)
 .text._RNCINvMNtNtCsbcsGJ9IzBgZ_4core3net6parserNtB5_6Parser11read_numbertE0B9_
                0xffffffff80035b9c      0x298 build/rust-target/aarch64-unknown-none/debug/libarx_rust.a(core-1e028c497e00fdd6.core.8277119056f6e37b-cgu.0.rcgu.o)
 .text._RNCNvNvXsa_NtCsbcsGJ9IzBgZ_4core4timeNtB9_8DurationNtNtBb_3fmt5Debug3fmt11fmt_decimals_0Bb_
                0xffffffff80035e34      0x194 build/rust-target/aarch64-unknown-none/debug/libarx_rust.a(core-1e028c497e00fdd6.core.8277119056f6e37b-cgu.0.rcgu.o)
 .text._RNvMNtCsbcsGJ9IzBgZ_4core3stre12escape_debug
                0xffffffff80035fc8       0xec build/rust-target/aarch64-unknown-none/debug/libarx_rust.a(core-1e028c497e00fdd6.core.8277119056f6e37b-cgu.0.rcgu.o)
                0xffffffff80035fc8                <str>::escape_debug
 .text._RNvMNtCsbcsGJ9IzBgZ_4core3stre12substr_range
                0xffffffff800360b4       0x2c build/rust-target/aarch64-unknown-none/debug/libarx_rust.a(core-1e028c497e00fdd6.core.8277119056f6e37b-cgu.0.rcgu.o)
                0xffffffff800360b4                <str>::substr_range
 .text._RNvMNtCsbcsGJ9IzBgZ_4core3stre13from_utf8_mut
                0xffffffff800360e0        0x4 build/rust-target/aarch64-unknown-none/debug/libarx_rust.a(core-1e028c497e00fdd6.core.8277119056f6e37b-cgu.0.rcgu.o)
                0xffffffff800360e0                <str>::from_utf8_mut
 .text._RNvMNtCsbcsGJ9IzBgZ_4core3stre22split_at_mut_unchecked
                0xffffffff800360e4       0x14 build/rust-target/aarch64-unknown-none/debug/libarx_rust.a(core-1e028c497e00fdd6.core.8277119056f6e37b-cgu.0.rcgu.o)
                0xffffffff800360e4                <str>::split_at_mut_unchecked
 .text._RNvMNtCsbcsGJ9IzBgZ_4core3stre9from_utf8
                0xffffffff800360f8        0x4 build/rust-target/aarch64-unknown-none/debug/libarx_rust.a(core-1e028c497e00fdd6.core.8277119056f6e37b-cgu.0.rcgu.o)
                0xffffffff800360f8                <str>::from_utf8
 .text._RNvMNtNtCsbcsGJ9IzBgZ_4core3net6parserNtB2_6Parser14read_ipv4_addr
                0xffffffff800360fc      0x388 build/rust-target/aarch64-unknown-none/debug/libarx_rust.a(core-1e028c497e00fdd6.core.8277119056f6e37b-cgu.0.rcgu.o)
 .text._RNvMNtNtCsbcsGJ9IzBgZ_4core3net6parserNtB2_6Parser14read_ipv6_addr
                0xffffffff80036484      0x204 build/rust-target/aarch64-unknown-none/debug/libarx_rust.a(core-1e028c497e00fdd6.core.8277119056f6e37b-cgu.0.rcgu.o)
 .text._RNvMNtNtCsbcsGJ9IzBgZ_4core3net6parserNtB2_6Parser19read_socket_addr_v6
                0xffffffff80036688      0x250 build/rust-target/aarch64-unknown-none/debug/libarx_rust.a(core-1e028c497e00fdd6.core.8277119056f6e37b-cgu.0.rcgu.o)
 .text._RNvMNtNtCsbcsGJ9IzBgZ_4core3num3fmtNtB2_4Part3len
                0xffffffff800368d8       0x68 build/rust-target/aarch64-unknown-none/debug/libarx_rust.a(core-1e028c497e00fdd6.core.8277119056f6e37b-cgu.0.rcgu.o)
                0xffffffff800368d8                <core::num::fmt::Part>::len
 .text._RNvMNtNtCsbcsGJ9IzBgZ_4core3num3fmtNtB2_4Part5write
                0xffffffff80036940      0x188 build/rust-target/aarch64-unknown-none/debug/libarx_rust.a(core-1e028c497e00fdd6.core.8277119056f6e37b-cgu.0.rcgu.o)
                0xffffffff80036940                <core::num::fmt::Part>::write
 .text._RNvMNtNtCsbcsGJ9IzBgZ_4core3num9diy_floatNtB2_2Fp12normalize_to
                0xffffffff80036ac8       0x7c build/rust-target/aarch64-unknown-none/debug/libarx_rust.a(core-1e028c497e00fdd6.core.8277119056f6e37b-cgu.0.rcgu.o)
                0xffffffff80036ac8                <core::num::diy_float::Fp>::normalize_to
 .text._RNvMNtNtCsbcsGJ9IzBgZ_4core4char7methodsc16escape_debug_ext
                0xffffffff80036b44      0x2d0 build/rust-target/aarch64-unknown-none/debug/libarx_rust.a(core-1e028c497e00fdd6.core.8277119056f6e37b-cgu.0.rcgu.o)
 .text._RNvMNtNtNtCsbcsGJ9IzBgZ_4core3num6bignum5testsNtB2_6Big8x310bit_length
                0xffffffff80036e14       0xc4 build/rust-target/aarch64-unknown-none/debug/libarx_rust.a(core-1e028c497e00fdd6.core.8277119056f6e37b-cgu.0.rcgu.o)
                0xffffffff80036e14                <core::num::bignum::tests::Big8x3>::bit_length
 .text._RNvMNtNtNtCsbcsGJ9IzBgZ_4core3num6bignum5testsNtB2_6Big8x310mul_digits
                0xffffffff80036ed8      0x368 build/rust-target/aarch64-unknown-none/debug/libarx_rust.a(core-1e028c497e00fdd6.core.8277119056f6e37b-cgu.0.rcgu.o)
                0xffffffff80036ed8                <core::num::bignum::tests::Big8x3>::mul_digits
 .text._RNvMNtNtNtCsbcsGJ9IzBgZ_4core3num6bignum5testsNtB2_6Big8x313div_rem_small
                0xffffffff80037240       0xcc build/rust-target/aarch64-unknown-none/debug/libarx_rust.a(core-1e028c497e00fdd6.core.8277119056f6e37b-cgu.0.rcgu.o)
                0xffffffff80037240                <core::num::bignum::tests::Big8x3>::div_rem_small
 .text._RNvMNtNtNtCsbcsGJ9IzBgZ_4core3num6bignum5testsNtB2_6Big8x33add
                0xffffffff8003730c       0xb4 build/rust-target/aarch64-unknown-none/debug/libarx_rust.a(core-1e028c497e00fdd6.core.8277119056f6e37b-cgu.0.rcgu.o)
                0xffffffff8003730c                <core::num::bignum::tests::Big8x3>::add
 .text._RNvMNtNtNtCsbcsGJ9IzBgZ_4core3num6bignum5testsNtB2_6Big8x33sub
                0xffffffff800373c0       0xa8 build/rust-target/aarch64-unknown-none/debug/libarx_rust.a(core-1e028c497e00fdd6.core.8277119056f6e37b-cgu.0.rcgu.o)
                0xffffffff800373c0                <core::num::bignum::tests::Big8x3>::sub
 .text._RNvMNtNtNtCsbcsGJ9IzBgZ_4core3num6bignum5testsNtB2_6Big8x36digits
                0xffffffff80037468       0x2c build/rust-target/aarch64-unknown-none/debug/libarx_rust.a(core-1e028c497e00fdd6.core.8277119056f6e37b-cgu.0.rcgu.o)
                0xffffffff80037468                <core::num::bignum::tests::Big8x3>::digits
 .text._RNvMNtNtNtCsbcsGJ9IzBgZ_4core3num6bignum5testsNtB2_6Big8x37is_zero
                0xffffffff80037494       0x78 build/rust-target/aarch64-unknown-none/debug/libarx_rust.a(core-1e028c497e00fdd6.core.8277119056f6e37b-cgu.0.rcgu.o)
                0xffffffff80037494                <core::num::bignum::tests::Big8x3>::is_zero
 .text._RNvMNtNtNtCsbcsGJ9IzBgZ_4core3num6bignum5testsNtB2_6Big8x38mul_pow2
                0xffffffff8003750c      0x69c build/rust-target/aarch64-unknown-none/debug/libarx_rust.a(core-1e028c497e00fdd6.core.8277119056f6e37b-cgu.0.rcgu.o)
                0xffffffff8003750c                <core::num::bignum::tests::Big8x3>::mul_pow2
 .text._RNvMNtNtNtCsbcsGJ9IzBgZ_4core3num6bignum5testsNtB2_6Big8x38mul_pow5
                0xffffffff80037ba8      0x19c build/rust-target/aarch64-unknown-none/debug/libarx_rust.a(core-1e028c497e00fdd6.core.8277119056f6e37b-cgu.0.rcgu.o)
                0xffffffff80037ba8                <core::num::bignum::tests::Big8x3>::mul_pow5
 .text._RNvMNtNtNtCsbcsGJ9IzBgZ_4core3num6bignum5testsNtB2_6Big8x39mul_small
                0xffffffff80037d44       0xd0 build/rust-target/aarch64-unknown-none/debug/libarx_rust.a(core-1e028c497e00fdd6.core.8277119056f6e37b-cgu.0.rcgu.o)
                0xffffffff80037d44                <core::num::bignum::tests::Big8x3>::mul_small
 .text._RNvMs0_NtNtCsbcsGJ9IzBgZ_4core3fmt3numo10__fmt_inner
                0xffffffff80037e14      0x558 build/rust-target/aarch64-unknown-none/debug/libarx_rust.a(core-1e028c497e00fdd6.core.8277119056f6e37b-cgu.0.rcgu.o)
 .text._RNvMs0_NtNtCsbcsGJ9IzBgZ_4core3fmt3numo11format_into
                0xffffffff8003836c       0x34 build/rust-target/aarch64-unknown-none/debug/libarx_rust.a(core-1e028c497e00fdd6.core.8277119056f6e37b-cgu.0.rcgu.o)
                0xffffffff8003836c                <u128>::format_into
 .text._RNvMs0_NtNtCsbcsGJ9IzBgZ_4core3fmt3numo4__fmt
                0xffffffff800383a0       0x2c build/rust-target/aarch64-unknown-none/debug/libarx_rust.a(core-1e028c497e00fdd6.core.8277119056f6e37b-cgu.0.rcgu.o)
                0xffffffff800383a0                <u128>::_fmt
 .text._RNvMs0_NtNtNtCsbcsGJ9IzBgZ_4core3fmt3num3imph4__fmt
                0xffffffff800383cc       0x90 build/rust-target/aarch64-unknown-none/debug/libarx_rust.a(core-1e028c497e00fdd6.core.8277119056f6e37b-cgu.0.rcgu.o)
                0xffffffff800383cc                <u8>::_fmt
 .text._RNvMs1_NtNtCsbcsGJ9IzBgZ_4core3fmt3numn11format_into
                0xffffffff8003845c       0x74 build/rust-target/aarch64-unknown-none/debug/libarx_rust.a(core-1e028c497e00fdd6.core.8277119056f6e37b-cgu.0.rcgu.o)
                0xffffffff8003845c                <i128>::format_into
 .text._RNvMs1_NtNtCsbcsGJ9IzBgZ_4core3fmt8buildersNtB5_11DebugStruct21finish_non_exhaustive
                0xffffffff800384d0       0xdc build/rust-target/aarch64-unknown-none/debug/libarx_rust.a(core-1e028c497e00fdd6.core.8277119056f6e37b-cgu.0.rcgu.o)
                0xffffffff800384d0                <core::fmt::builders::DebugStruct>::finish_non_exhaustive
 .text._RNvMs1_NtNtCsbcsGJ9IzBgZ_4core3fmt8buildersNtB5_11DebugStruct5field
                0xffffffff800385ac      0x1bc build/rust-target/aarch64-unknown-none/debug/libarx_rust.a(core-1e028c497e00fdd6.core.8277119056f6e37b-cgu.0.rcgu.o)
                0xffffffff800385ac                <core::fmt::builders::DebugStruct>::field
 .text._RNvMs1_NtNtCsbcsGJ9IzBgZ_4core3fmt8buildersNtB5_11DebugStruct6finish
                0xffffffff80038768       0x78 build/rust-target/aarch64-unknown-none/debug/libarx_rust.a(core-1e028c497e00fdd6.core.8277119056f6e37b-cgu.0.rcgu.o)
                0xffffffff80038768                <core::fmt::builders::DebugStruct>::finish
 .text._RNvMs1_NtNtCsbcsGJ9IzBgZ_4core3net6parserNtNtB7_7ip_addr8Ipv4Addr11parse_ascii
                0xffffffff800387e0       0x74 build/rust-target/aarch64-unknown-none/debug/libarx_rust.a(core-1e028c497e00fdd6.core.8277119056f6e37b-cgu.0.rcgu.o)
                0xffffffff800387e0                <core::net::ip_addr::Ipv4Addr>::parse_ascii
 .text._RNvMs1_NtNtNtCsbcsGJ9IzBgZ_4core3fmt3num3impa11format_into
                0xffffffff80038854      0x134 build/rust-target/aarch64-unknown-none/debug/libarx_rust.a(core-1e028c497e00fdd6.core.8277119056f6e37b-cgu.0.rcgu.o)
                0xffffffff80038854                <i8>::format_into
 .text._RNvMs2_NtNtCsbcsGJ9IzBgZ_4core3fmt8buildersNtB5_10DebugTuple21finish_non_exhaustive
                0xffffffff80038988       0xd8 build/rust-target/aarch64-unknown-none/debug/libarx_rust.a(core-1e028c497e00fdd6.core.8277119056f6e37b-cgu.0.rcgu.o)
                0xffffffff80038988                <core::fmt::builders::DebugTuple>::finish_non_exhaustive
 .text._RNvMs2_NtNtCsbcsGJ9IzBgZ_4core3fmt8buildersNtB5_10DebugTuple5field
                0xffffffff80038a60      0x148 build/rust-target/aarch64-unknown-none/debug/libarx_rust.a(core-1e028c497e00fdd6.core.8277119056f6e37b-cgu.0.rcgu.o)
                0xffffffff80038a60                <core::fmt::builders::DebugTuple>::field
 .text._RNvMs2_NtNtCsbcsGJ9IzBgZ_4core3fmt8buildersNtB5_10DebugTuple6finish
                0xffffffff80038ba8       0xb4 build/rust-target/aarch64-unknown-none/debug/libarx_rust.a(core-1e028c497e00fdd6.core.8277119056f6e37b-cgu.0.rcgu.o)
                0xffffffff80038ba8                <core::fmt::builders::DebugTuple>::finish
 .text._RNvMs2_NtNtCsbcsGJ9IzBgZ_4core3num6bignumNtB5_8Big32x4010bit_length
                0xffffffff80038c5c       0x80 build/rust-target/aarch64-unknown-none/debug/libarx_rust.a(core-1e028c497e00fdd6.core.8277119056f6e37b-cgu.0.rcgu.o)
                0xffffffff80038c5c                <core::num::bignum::Big32x40>::bit_length
 .text._RNvMs2_NtNtCsbcsGJ9IzBgZ_4core3num6bignumNtB5_8Big32x4010mul_digits
                0xffffffff80038cdc      0x29c build/rust-target/aarch64-unknown-none/debug/libarx_rust.a(core-1e028c497e00fdd6.core.8277119056f6e37b-cgu.0.rcgu.o)
                0xffffffff80038cdc                <core::num::bignum::Big32x40>::mul_digits
 .text._RNvMs2_NtNtCsbcsGJ9IzBgZ_4core3num6bignumNtB5_8Big32x4013div_rem_small
                0xffffffff80038f78       0x90 build/rust-target/aarch64-unknown-none/debug/libarx_rust.a(core-1e028c497e00fdd6.core.8277119056f6e37b-cgu.0.rcgu.o)
                0xffffffff80038f78                <core::num::bignum::Big32x40>::div_rem_small
 .text._RNvMs2_NtNtCsbcsGJ9IzBgZ_4core3num6bignumNtB5_8Big32x403add
                0xffffffff80039008       0xa0 build/rust-target/aarch64-unknown-none/debug/libarx_rust.a(core-1e028c497e00fdd6.core.8277119056f6e37b-cgu.0.rcgu.o)
                0xffffffff80039008                <core::num::bignum::Big32x40>::add
 .text._RNvMs2_NtNtCsbcsGJ9IzBgZ_4core3num6bignumNtB5_8Big32x403sub
                0xffffffff800390a8       0x98 build/rust-target/aarch64-unknown-none/debug/libarx_rust.a(core-1e028c497e00fdd6.core.8277119056f6e37b-cgu.0.rcgu.o)
                0xffffffff800390a8                <core::num::bignum::Big32x40>::sub
 .text._RNvMs2_NtNtCsbcsGJ9IzBgZ_4core3num6bignumNtB5_8Big32x406digits
                0xffffffff80039140       0x2c build/rust-target/aarch64-unknown-none/debug/libarx_rust.a(core-1e028c497e00fdd6.core.8277119056f6e37b-cgu.0.rcgu.o)
                0xffffffff80039140                <core::num::bignum::Big32x40>::digits
 .text._RNvMs2_NtNtCsbcsGJ9IzBgZ_4core3num6bignumNtB5_8Big32x407is_zero
                0xffffffff8003916c       0x50 build/rust-target/aarch64-unknown-none/debug/libarx_rust.a(core-1e028c497e00fdd6.core.8277119056f6e37b-cgu.0.rcgu.o)
                0xffffffff8003916c                <core::num::bignum::Big32x40>::is_zero
 .text._RNvMs2_NtNtCsbcsGJ9IzBgZ_4core3num6bignumNtB5_8Big32x408mul_pow2
                0xffffffff800391bc      0x298 build/rust-target/aarch64-unknown-none/debug/libarx_rust.a(core-1e028c497e00fdd6.core.8277119056f6e37b-cgu.0.rcgu.o)
                0xffffffff800391bc                <core::num::bignum::Big32x40>::mul_pow2
 .text._RNvMs2_NtNtCsbcsGJ9IzBgZ_4core3num6bignumNtB5_8Big32x408mul_pow5
                0xffffffff80039454      0x1b4 build/rust-target/aarch64-unknown-none/debug/libarx_rust.a(core-1e028c497e00fdd6.core.8277119056f6e37b-cgu.0.rcgu.o)
                0xffffffff80039454                <core::num::bignum::Big32x40>::mul_pow5
 .text._RNvMs2_NtNtCsbcsGJ9IzBgZ_4core3num6bignumNtB5_8Big32x409mul_small
                0xffffffff80039608       0x8c build/rust-target/aarch64-unknown-none/debug/libarx_rust.a(core-1e028c497e00fdd6.core.8277119056f6e37b-cgu.0.rcgu.o)
                0xffffffff80039608                <core::num::bignum::Big32x40>::mul_small
 .text._RNvMs2_NtNtNtCsbcsGJ9IzBgZ_4core3fmt3num3imph11format_into
                0xffffffff80039694       0xa0 build/rust-target/aarch64-unknown-none/debug/libarx_rust.a(core-1e028c497e00fdd6.core.8277119056f6e37b-cgu.0.rcgu.o)
                0xffffffff80039694                <u8>::format_into
 .text._RNvMs3_NtNtCsbcsGJ9IzBgZ_4core3ffi5c_strNtB5_4CStr19from_bytes_with_nul
                0xffffffff80039734       0xf0 build/rust-target/aarch64-unknown-none/debug/libarx_rust.a(core-1e028c497e00fdd6.core.8277119056f6e37b-cgu.0.rcgu.o)
                0xffffffff80039734                <core::ffi::c_str::CStr>::from_bytes_with_nul
 .text._RNvMs3_NtNtCsbcsGJ9IzBgZ_4core3ffi5c_strNtB5_4CStr20from_bytes_until_nul
                0xffffffff80039824       0xdc build/rust-target/aarch64-unknown-none/debug/libarx_rust.a(core-1e028c497e00fdd6.core.8277119056f6e37b-cgu.0.rcgu.o)
                0xffffffff80039824                <core::ffi::c_str::CStr>::from_bytes_until_nul
 .text._RNvMs3_NtNtCsbcsGJ9IzBgZ_4core3ffi5c_strNtB5_4CStr6to_str
                0xffffffff80039900        0x8 build/rust-target/aarch64-unknown-none/debug/libarx_rust.a(core-1e028c497e00fdd6.core.8277119056f6e37b-cgu.0.rcgu.o)
                0xffffffff80039900                <core::ffi::c_str::CStr>::to_str
 .text._RNvMs3_NtNtCsbcsGJ9IzBgZ_4core3net6parserNtNtB7_7ip_addr8Ipv6Addr11parse_ascii
                0xffffffff80039908       0x9c build/rust-target/aarch64-unknown-none/debug/libarx_rust.a(core-1e028c497e00fdd6.core.8277119056f6e37b-cgu.0.rcgu.o)
                0xffffffff80039908                <core::net::ip_addr::Ipv6Addr>::parse_ascii
 .text._RNvMs4_NtNtCsbcsGJ9IzBgZ_4core3fmt8buildersNtB5_8DebugSet21finish_non_exhaustive
                0xffffffff800399a4       0xdc build/rust-target/aarch64-unknown-none/debug/libarx_rust.a(core-1e028c497e00fdd6.core.8277119056f6e37b-cgu.0.rcgu.o)
                0xffffffff800399a4                <core::fmt::builders::DebugSet>::finish_non_exhaustive
 .text._RNvMs4_NtNtCsbcsGJ9IzBgZ_4core3fmt8buildersNtB5_8DebugSet5entry
                0xffffffff80039a80      0x144 build/rust-target/aarch64-unknown-none/debug/libarx_rust.a(core-1e028c497e00fdd6.core.8277119056f6e37b-cgu.0.rcgu.o)
                0xffffffff80039a80                <core::fmt::builders::DebugList>::entry
                0xffffffff80039a80                <core::fmt::builders::DebugSet>::entry
 .text._RNvMs4_NtNtCsbcsGJ9IzBgZ_4core3fmt8buildersNtB5_8DebugSet6finish
                0xffffffff80039bc4       0x58 build/rust-target/aarch64-unknown-none/debug/libarx_rust.a(core-1e028c497e00fdd6.core.8277119056f6e37b-cgu.0.rcgu.o)
                0xffffffff80039bc4                <core::fmt::builders::DebugSet>::finish
 .text._RNvMs5_NtNtCsbcsGJ9IzBgZ_4core3fmt8buildersNtB5_9DebugList21finish_non_exhaustive
                0xffffffff80039c1c      0x104 build/rust-target/aarch64-unknown-none/debug/libarx_rust.a(core-1e028c497e00fdd6.core.8277119056f6e37b-cgu.0.rcgu.o)
                0xffffffff80039c1c                <core::fmt::builders::DebugList>::finish_non_exhaustive
 .text._RNvMs5_NtNtCsbcsGJ9IzBgZ_4core3fmt8buildersNtB5_9DebugList6finish
                0xffffffff80039d20       0x58 build/rust-target/aarch64-unknown-none/debug/libarx_rust.a(core-1e028c497e00fdd6.core.8277119056f6e37b-cgu.0.rcgu.o)
                0xffffffff80039d20                <core::fmt::builders::DebugList>::finish
 .text._RNvMs5_NtNtCsbcsGJ9IzBgZ_4core3net6parserNtNtB7_11socket_addr12SocketAddrV411parse_ascii
                0xffffffff80039d78       0xe0 build/rust-target/aarch64-unknown-none/debug/libarx_rust.a(core-1e028c497e00fdd6.core.8277119056f6e37b-cgu.0.rcgu.o)
                0xffffffff80039d78                <core::net::socket_addr::SocketAddrV4>::parse_ascii
 .text._RNvMs5_NtNtNtCsbcsGJ9IzBgZ_4core3fmt3num3impt4__fmt
                0xffffffff80039e58      0x108 build/rust-target/aarch64-unknown-none/debug/libarx_rust.a(core-1e028c497e00fdd6.core.8277119056f6e37b-cgu.0.rcgu.o)
                0xffffffff80039e58                <u16>::_fmt
 .text._RNvMs6_NtNtCsbcsGJ9IzBgZ_4core3fmt8buildersNtB5_8DebugMap21finish_non_exhaustive
                0xffffffff80039f60       0xfc build/rust-target/aarch64-unknown-none/debug/libarx_rust.a(core-1e028c497e00fdd6.core.8277119056f6e37b-cgu.0.rcgu.o)
                0xffffffff80039f60                <core::fmt::builders::DebugMap>::finish_non_exhaustive
 .text._RNvMs6_NtNtCsbcsGJ9IzBgZ_4core3fmt8buildersNtB5_8DebugMap3key
                0xffffffff8003a05c      0x190 build/rust-target/aarch64-unknown-none/debug/libarx_rust.a(core-1e028c497e00fdd6.core.8277119056f6e37b-cgu.0.rcgu.o)
                0xffffffff8003a05c                <core::fmt::builders::DebugMap>::key
 .text._RNvMs6_NtNtCsbcsGJ9IzBgZ_4core3fmt8buildersNtB5_8DebugMap5entry
                0xffffffff8003a1ec      0x10c build/rust-target/aarch64-unknown-none/debug/libarx_rust.a(core-1e028c497e00fdd6.core.8277119056f6e37b-cgu.0.rcgu.o)
                0xffffffff8003a1ec                <core::fmt::builders::DebugMap>::entry
 .text._RNvMs6_NtNtCsbcsGJ9IzBgZ_4core3fmt8buildersNtB5_8DebugMap5value
                0xffffffff8003a2f8       0xfc build/rust-target/aarch64-unknown-none/debug/libarx_rust.a(core-1e028c497e00fdd6.core.8277119056f6e37b-cgu.0.rcgu.o)
                0xffffffff8003a2f8                <core::fmt::builders::DebugMap>::value
 .text._RNvMs6_NtNtCsbcsGJ9IzBgZ_4core3fmt8buildersNtB5_8DebugMap6finish
                0xffffffff8003a3f4       0x7c build/rust-target/aarch64-unknown-none/debug/libarx_rust.a(core-1e028c497e00fdd6.core.8277119056f6e37b-cgu.0.rcgu.o)
                0xffffffff8003a3f4                <core::fmt::builders::DebugMap>::finish
 .text._RNvMs6_NtNtNtCsbcsGJ9IzBgZ_4core3fmt3num3imps11format_into
                0xffffffff8003a470      0x1ec build/rust-target/aarch64-unknown-none/debug/libarx_rust.a(core-1e028c497e00fdd6.core.8277119056f6e37b-cgu.0.rcgu.o)
                0xffffffff8003a470                <i16>::format_into
 .text._RNvMs7_NtNtCsbcsGJ9IzBgZ_4core3net6parserNtNtB7_11socket_addr12SocketAddrV611parse_ascii
                0xffffffff8003a65c       0x7c build/rust-target/aarch64-unknown-none/debug/libarx_rust.a(core-1e028c497e00fdd6.core.8277119056f6e37b-cgu.0.rcgu.o)
                0xffffffff8003a65c                <core::net::socket_addr::SocketAddrV6>::parse_ascii
 .text._RNvMs7_NtNtNtCsbcsGJ9IzBgZ_4core3fmt3num3impt11format_into
                0xffffffff8003a6d8       0xf8 build/rust-target/aarch64-unknown-none/debug/libarx_rust.a(core-1e028c497e00fdd6.core.8277119056f6e37b-cgu.0.rcgu.o)
                0xffffffff8003a6d8                <u16>::format_into
 .text._RNvMs9_NtNtCsbcsGJ9IzBgZ_4core3net6parserNtNtB7_11socket_addr10SocketAddr11parse_ascii
                0xffffffff8003a7d0      0x178 build/rust-target/aarch64-unknown-none/debug/libarx_rust.a(core-1e028c497e00fdd6.core.8277119056f6e37b-cgu.0.rcgu.o)
                0xffffffff8003a7d0                <core::net::socket_addr::SocketAddr>::parse_ascii
 .text._RNvMs_NtCsbcsGJ9IzBgZ_4core3fmtNtB4_17FormattingOptions8get_fill
                0xffffffff8003a948        0xc build/rust-target/aarch64-unknown-none/debug/libarx_rust.a(core-1e028c497e00fdd6.core.8277119056f6e37b-cgu.0.rcgu.o)
                0xffffffff8003a948                <core::fmt::FormattingOptions>::get_fill
 .text._RNvMs_NtNtCsbcsGJ9IzBgZ_4core3fmt8buildersNtB4_10PadAdapter4wrap
                0xffffffff8003a954       0x4c build/rust-target/aarch64-unknown-none/debug/libarx_rust.a(core-1e028c497e00fdd6.core.8277119056f6e37b-cgu.0.rcgu.o)
                0xffffffff8003a954                <core::fmt::builders::PadAdapter>::wrap
 .text._RNvMs_NtNtCsbcsGJ9IzBgZ_4core3net6parserNtNtB6_7ip_addr6IpAddr11parse_ascii
                0xffffffff8003a9a0      0x164 build/rust-target/aarch64-unknown-none/debug/libarx_rust.a(core-1e028c497e00fdd6.core.8277119056f6e37b-cgu.0.rcgu.o)
                0xffffffff8003a9a0                <core::net::ip_addr::IpAddr>::parse_ascii
 .text._RNvMs_NtNtCsbcsGJ9IzBgZ_4core3num3fmtNtB4_9Formatted3len
                0xffffffff8003ab04       0xa8 build/rust-target/aarch64-unknown-none/debug/libarx_rust.a(core-1e028c497e00fdd6.core.8277119056f6e37b-cgu.0.rcgu.o)
                0xffffffff8003ab04                <core::num::fmt::Formatted>::len
 .text._RNvMs_NtNtCsbcsGJ9IzBgZ_4core3num3fmtNtB4_9Formatted5write
                0xffffffff8003abac       0xc0 build/rust-target/aarch64-unknown-none/debug/libarx_rust.a(core-1e028c497e00fdd6.core.8277119056f6e37b-cgu.0.rcgu.o)
                0xffffffff8003abac                <core::num::fmt::Formatted>::write
 .text._RNvMs_NtNtNtCsbcsGJ9IzBgZ_4core3num7dec2flt11decimal_seqNtB4_10DecimalSeq10left_shift
                0xffffffff8003ac6c      0x20c build/rust-target/aarch64-unknown-none/debug/libarx_rust.a(core-1e028c497e00fdd6.core.8277119056f6e37b-cgu.0.rcgu.o)
                0xffffffff8003ac6c                <core::num::dec2flt::decimal_seq::DecimalSeq>::left_shift
 .text._RNvMs_NtNtNtCsbcsGJ9IzBgZ_4core3num7dec2flt11decimal_seqNtB4_10DecimalSeq11right_shift
                0xffffffff8003ae78      0x1b4 build/rust-target/aarch64-unknown-none/debug/libarx_rust.a(core-1e028c497e00fdd6.core.8277119056f6e37b-cgu.0.rcgu.o)
                0xffffffff8003ae78                <core::num::dec2flt::decimal_seq::DecimalSeq>::right_shift
 .text._RNvMs_NtNtNtCsbcsGJ9IzBgZ_4core3num7dec2flt11decimal_seqNtB4_10DecimalSeq5round
                0xffffffff8003b02c       0xb4 build/rust-target/aarch64-unknown-none/debug/libarx_rust.a(core-1e028c497e00fdd6.core.8277119056f6e37b-cgu.0.rcgu.o)
                0xffffffff8003b02c                <core::num::dec2flt::decimal_seq::DecimalSeq>::round
 .text._RNvMsa_NtCsbcsGJ9IzBgZ_4core3fmtNtB5_9Formatter10debug_list
                0xffffffff8003b0e0       0x44 build/rust-target/aarch64-unknown-none/debug/libarx_rust.a(core-1e028c497e00fdd6.core.8277119056f6e37b-cgu.0.rcgu.o)
                0xffffffff8003b0e0                <core::fmt::Formatter>::debug_list
 .text._RNvMsa_NtCsbcsGJ9IzBgZ_4core3fmtNtB5_9Formatter11debug_tuple
                0xffffffff8003b124       0x4c build/rust-target/aarch64-unknown-none/debug/libarx_rust.a(core-1e028c497e00fdd6.core.8277119056f6e37b-cgu.0.rcgu.o)
                0xffffffff8003b124                <core::fmt::Formatter>::debug_tuple
 .text._RNvMsa_NtCsbcsGJ9IzBgZ_4core3fmtNtB5_9Formatter12debug_struct
                0xffffffff8003b170       0x38 build/rust-target/aarch64-unknown-none/debug/libarx_rust.a(core-1e028c497e00fdd6.core.8277119056f6e37b-cgu.0.rcgu.o)
                0xffffffff8003b170                <core::fmt::Formatter>::debug_struct
 .text._RNvMsa_NtCsbcsGJ9IzBgZ_4core3fmtNtB5_9Formatter12pad_integral
                0xffffffff8003b1a8      0x498 build/rust-target/aarch64-unknown-none/debug/libarx_rust.a(core-1e028c497e00fdd6.core.8277119056f6e37b-cgu.0.rcgu.o)
                0xffffffff8003b1a8                <core::fmt::Formatter>::pad_integral
 .text._RNvMsa_NtCsbcsGJ9IzBgZ_4core3fmtNtB5_9Formatter19pad_formatted_parts
                0xffffffff8003b640      0x24c build/rust-target/aarch64-unknown-none/debug/libarx_rust.a(core-1e028c497e00fdd6.core.8277119056f6e37b-cgu.0.rcgu.o)
 .text._RNvMsa_NtCsbcsGJ9IzBgZ_4core3fmtNtB5_9Formatter21write_formatted_parts
                0xffffffff8003b88c      0x274 build/rust-target/aarch64-unknown-none/debug/libarx_rust.a(core-1e028c497e00fdd6.core.8277119056f6e37b-cgu.0.rcgu.o)
 .text._RNvMsa_NtCsbcsGJ9IzBgZ_4core3fmtNtB5_9Formatter25debug_tuple_field1_finish
                0xffffffff8003bb00      0x168 build/rust-target/aarch64-unknown-none/debug/libarx_rust.a(core-1e028c497e00fdd6.core.8277119056f6e37b-cgu.0.rcgu.o)
                0xffffffff8003bb00                <core::fmt::Formatter>::debug_tuple_field1_finish
 .text._RNvMsa_NtCsbcsGJ9IzBgZ_4core3fmtNtB5_9Formatter25debug_tuple_field2_finish
                0xffffffff8003bc68      0x1f8 build/rust-target/aarch64-unknown-none/debug/libarx_rust.a(core-1e028c497e00fdd6.core.8277119056f6e37b-cgu.0.rcgu.o)
                0xffffffff8003bc68                <core::fmt::Formatter>::debug_tuple_field2_finish
 .text._RNvMsa_NtCsbcsGJ9IzBgZ_4core3fmtNtB5_9Formatter25debug_tuple_field3_finish
                0xffffffff8003be60      0x2ac build/rust-target/aarch64-unknown-none/debug/libarx_rust.a(core-1e028c497e00fdd6.core.8277119056f6e37b-cgu.0.rcgu.o)
                0xffffffff8003be60                <core::fmt::Formatter>::debug_tuple_field3_finish
 .text._RNvMsa_NtCsbcsGJ9IzBgZ_4core3fmtNtB5_9Formatter25debug_tuple_field4_finish
                0xffffffff8003c10c      0x35c build/rust-target/aarch64-unknown-none/debug/libarx_rust.a(core-1e028c497e00fdd6.core.8277119056f6e37b-cgu.0.rcgu.o)
                0xffffffff8003c10c                <core::fmt::Formatter>::debug_tuple_field4_finish
 .text._RNvMsa_NtCsbcsGJ9IzBgZ_4core3fmtNtB5_9Formatter25debug_tuple_field5_finish
                0xffffffff8003c468      0x40c build/rust-target/aarch64-unknown-none/debug/libarx_rust.a(core-1e028c497e00fdd6.core.8277119056f6e37b-cgu.0.rcgu.o)
                0xffffffff8003c468                <core::fmt::Formatter>::debug_tuple_field5_finish
 .text._RNvMsa_NtCsbcsGJ9IzBgZ_4core3fmtNtB5_9Formatter25debug_tuple_fields_finish
                0xffffffff8003c874      0x27c build/rust-target/aarch64-unknown-none/debug/libarx_rust.a(core-1e028c497e00fdd6.core.8277119056f6e37b-cgu.0.rcgu.o)
                0xffffffff8003c874                <core::fmt::Formatter>::debug_tuple_fields_finish
 .text._RNvMsa_NtCsbcsGJ9IzBgZ_4core3fmtNtB5_9Formatter26debug_struct_field1_finish
                0xffffffff8003caf0       0xc8 build/rust-target/aarch64-unknown-none/debug/libarx_rust.a(core-1e028c497e00fdd6.core.8277119056f6e37b-cgu.0.rcgu.o)
                0xffffffff8003caf0                <core::fmt::Formatter>::debug_struct_field1_finish
 .text._RNvMsa_NtCsbcsGJ9IzBgZ_4core3fmtNtB5_9Formatter26debug_struct_field2_finish
                0xffffffff8003cbb8       0xfc build/rust-target/aarch64-unknown-none/debug/libarx_rust.a(core-1e028c497e00fdd6.core.8277119056f6e37b-cgu.0.rcgu.o)
                0xffffffff8003cbb8                <core::fmt::Formatter>::debug_struct_field2_finish
 .text._RNvMsa_NtCsbcsGJ9IzBgZ_4core3fmtNtB5_9Formatter26debug_struct_field3_finish
                0xffffffff8003ccb4      0x120 build/rust-target/aarch64-unknown-none/debug/libarx_rust.a(core-1e028c497e00fdd6.core.8277119056f6e37b-cgu.0.rcgu.o)
                0xffffffff8003ccb4                <core::fmt::Formatter>::debug_struct_field3_finish
 .text._RNvMsa_NtCsbcsGJ9IzBgZ_4core3fmtNtB5_9Formatter26debug_struct_field4_finish
                0xffffffff8003cdd4      0x140 build/rust-target/aarch64-unknown-none/debug/libarx_rust.a(core-1e028c497e00fdd6.core.8277119056f6e37b-cgu.0.rcgu.o)
                0xffffffff8003cdd4                <core::fmt::Formatter>::debug_struct_field4_finish
 .text._RNvMsa_NtCsbcsGJ9IzBgZ_4core3fmtNtB5_9Formatter26debug_struct_field5_finish
                0xffffffff8003cf14      0x164 build/rust-target/aarch64-unknown-none/debug/libarx_rust.a(core-1e028c497e00fdd6.core.8277119056f6e37b-cgu.0.rcgu.o)
                0xffffffff8003cf14                <core::fmt::Formatter>::debug_struct_field5_finish
 .text._RNvMsa_NtCsbcsGJ9IzBgZ_4core3fmtNtB5_9Formatter26debug_struct_fields_finish
                0xffffffff8003d078      0x100 build/rust-target/aarch64-unknown-none/debug/libarx_rust.a(core-1e028c497e00fdd6.core.8277119056f6e37b-cgu.0.rcgu.o)
                0xffffffff8003d078                <core::fmt::Formatter>::debug_struct_fields_finish
 .text._RNvMsa_NtCsbcsGJ9IzBgZ_4core3fmtNtB5_9Formatter3pad
                0xffffffff8003d178      0x3ec build/rust-target/aarch64-unknown-none/debug/libarx_rust.a(core-1e028c497e00fdd6.core.8277119056f6e37b-cgu.0.rcgu.o)
                0xffffffff8003d178                <core::fmt::Formatter>::pad
 .text._RNvMsa_NtCsbcsGJ9IzBgZ_4core3fmtNtB5_9Formatter4fill
                0xffffffff8003d564        0xc build/rust-target/aarch64-unknown-none/debug/libarx_rust.a(core-1e028c497e00fdd6.core.8277119056f6e37b-cgu.0.rcgu.o)
                0xffffffff8003d564                <core::fmt::Formatter>::fill
 .text._RNvMsa_NtCsbcsGJ9IzBgZ_4core3fmtNtB5_9Formatter9debug_map
                0xffffffff8003d570       0x4c build/rust-target/aarch64-unknown-none/debug/libarx_rust.a(core-1e028c497e00fdd6.core.8277119056f6e37b-cgu.0.rcgu.o)
                0xffffffff8003d570                <core::fmt::Formatter>::debug_map
 .text._RNvMsa_NtCsbcsGJ9IzBgZ_4core3fmtNtB5_9Formatter9debug_set
                0xffffffff8003d5bc       0x44 build/rust-target/aarch64-unknown-none/debug/libarx_rust.a(core-1e028c497e00fdd6.core.8277119056f6e37b-cgu.0.rcgu.o)
                0xffffffff8003d5bc                <core::fmt::Formatter>::debug_set
 .text._RNvMsa_NtCsbcsGJ9IzBgZ_4core3fmtNtB5_9Formatter9write_str
                0xffffffff8003d600        0xc build/rust-target/aarch64-unknown-none/debug/libarx_rust.a(core-1e028c497e00fdd6.core.8277119056f6e37b-cgu.0.rcgu.o)
                0xffffffff8003d600                <core::fmt::Formatter as core::fmt::Write>::write_str
                0xffffffff8003d600                <core::fmt::Formatter>::write_str
 .text._RNvMsa_NtNtNtCsbcsGJ9IzBgZ_4core3fmt3num3impm4__fmt
                0xffffffff8003d60c      0x118 build/rust-target/aarch64-unknown-none/debug/libarx_rust.a(core-1e028c497e00fdd6.core.8277119056f6e37b-cgu.0.rcgu.o)
                0xffffffff8003d60c                <u32>::_fmt
 .text._RNvMsb_NtNtNtCsbcsGJ9IzBgZ_4core3fmt3num3impl11format_into
                0xffffffff8003d724      0x274 build/rust-target/aarch64-unknown-none/debug/libarx_rust.a(core-1e028c497e00fdd6.core.8277119056f6e37b-cgu.0.rcgu.o)
                0xffffffff8003d724                <i32>::format_into
 .text._RNvMsc_NtNtNtCsbcsGJ9IzBgZ_4core3fmt3num3impm11format_into
                0xffffffff8003d998      0x12c build/rust-target/aarch64-unknown-none/debug/libarx_rust.a(core-1e028c497e00fdd6.core.8277119056f6e37b-cgu.0.rcgu.o)
                0xffffffff8003d998                <u32>::format_into
 .text._RNvMsf_NtNtNtCsbcsGJ9IzBgZ_4core3fmt3num3impy4__fmt
                0xffffffff8003dac4      0x11c build/rust-target/aarch64-unknown-none/debug/libarx_rust.a(core-1e028c497e00fdd6.core.8277119056f6e37b-cgu.0.rcgu.o)
                0xffffffff8003dac4                <u64>::_fmt
                0xffffffff8003dac4                <usize>::_fmt
 .text._RNvMsg_NtNtNtCsbcsGJ9IzBgZ_4core3fmt3num3impx11format_into
                0xffffffff8003dbe0      0x27c build/rust-target/aarch64-unknown-none/debug/libarx_rust.a(core-1e028c497e00fdd6.core.8277119056f6e37b-cgu.0.rcgu.o)
                0xffffffff8003dbe0                <isize>::format_into
                0xffffffff8003dbe0                <i64>::format_into
 .text._RNvMsh_NtNtNtCsbcsGJ9IzBgZ_4core3fmt3num3impy11format_into
                0xffffffff8003de5c      0x130 build/rust-target/aarch64-unknown-none/debug/libarx_rust.a(core-1e028c497e00fdd6.core.8277119056f6e37b-cgu.0.rcgu.o)
                0xffffffff8003de5c                <usize>::format_into
                0xffffffff8003de5c                <u64>::format_into
 .text._RNvMsu_NtNtCsbcsGJ9IzBgZ_4core3str7patternNtB5_11StrSearcher3new
                0xffffffff8003df8c      0xb8c build/rust-target/aarch64-unknown-none/debug/libarx_rust.a(core-1e028c497e00fdd6.core.8277119056f6e37b-cgu.0.rcgu.o)
                0xffffffff8003df8c                <core::str::pattern::StrSearcher>::new
 .text._RNvNtCsbcsGJ9IzBgZ_4core3fmt17pointer_fmt_inner
                0xffffffff8003eb18       0xb0 build/rust-target/aarch64-unknown-none/debug/libarx_rust.a(core-1e028c497e00fdd6.core.8277119056f6e37b-cgu.0.rcgu.o)
                0xffffffff8003eb18                core::fmt::pointer_fmt_inner
 .text._RNvNtCsbcsGJ9IzBgZ_4core3fmt5write
                0xffffffff8003ebc8      0x1f0 build/rust-target/aarch64-unknown-none/debug/libarx_rust.a(core-1e028c497e00fdd6.core.8277119056f6e37b-cgu.0.rcgu.o)
                0xffffffff8003ebc8                core::fmt::write
 .text.unlikely._RNvNtCsbcsGJ9IzBgZ_4core3num22from_ascii_radix_panic
                0xffffffff8003edb8       0x34 build/rust-target/aarch64-unknown-none/debug/libarx_rust.a(core-1e028c497e00fdd6.core.8277119056f6e37b-cgu.0.rcgu.o)
                0xffffffff8003edb8                core::num::from_ascii_radix_panic
 .text.unlikely._RNvNtCsbcsGJ9IzBgZ_4core3str16slice_error_fail
                0xffffffff8003edec        0xc build/rust-target/aarch64-unknown-none/debug/libarx_rust.a(core-1e028c497e00fdd6.core.8277119056f6e37b-cgu.0.rcgu.o)
                0xffffffff8003edec                core::str::slice_error_fail
 .text.unlikely._RNvNtCsbcsGJ9IzBgZ_4core3str19slice_error_fail_ct
                0xffffffff8003edf8       0x1c build/rust-target/aarch64-unknown-none/debug/libarx_rust.a(core-1e028c497e00fdd6.core.8277119056f6e37b-cgu.0.rcgu.o)
                0xffffffff8003edf8                core::str::slice_error_fail_ct
 .text._RNvNtCsbcsGJ9IzBgZ_4core3str19slice_error_fail_rt
                0xffffffff8003ee14      0x3e0 build/rust-target/aarch64-unknown-none/debug/libarx_rust.a(core-1e028c497e00fdd6.core.8277119056f6e37b-cgu.0.rcgu.o)
                0xffffffff8003ee14                core::str::slice_error_fail_rt
 .text.unlikely._RNvNtCsbcsGJ9IzBgZ_4core4cell22panic_already_borrowed
                0xffffffff8003f1f4       0x30 build/rust-target/aarch64-unknown-none/debug/libarx_rust.a(core-1e028c497e00fdd6.core.8277119056f6e37b-cgu.0.rcgu.o)
                0xffffffff8003f1f4                core::cell::panic_already_borrowed
 .text.unlikely._RNvNtCsbcsGJ9IzBgZ_4core4cell30panic_already_mutably_borrowed
                0xffffffff8003f224       0x30 build/rust-target/aarch64-unknown-none/debug/libarx_rust.a(core-1e028c497e00fdd6.core.8277119056f6e37b-cgu.0.rcgu.o)
                0xffffffff8003f224                core::cell::panic_already_mutably_borrowed
 .text.unlikely._RNvNtCsbcsGJ9IzBgZ_4core4wtf816slice_error_fail
                0xffffffff8003f254       0x74 build/rust-target/aarch64-unknown-none/debug/libarx_rust.a(core-1e028c497e00fdd6.core.8277119056f6e37b-cgu.0.rcgu.o)
                0xffffffff8003f254                core::wtf8::slice_error_fail
 .text._RNvNtCsbcsGJ9IzBgZ_4core5ascii14escape_default
                0xffffffff8003f2c8       0x74 build/rust-target/aarch64-unknown-none/debug/libarx_rust.a(core-1e028c497e00fdd6.core.8277119056f6e37b-cgu.0.rcgu.o)
                0xffffffff8003f2c8                core::ascii::escape_default
 .text.unlikely._RNvNtCsbcsGJ9IzBgZ_4core6option13expect_failed
                0xffffffff8003f33c       0x30 build/rust-target/aarch64-unknown-none/debug/libarx_rust.a(core-1e028c497e00fdd6.core.8277119056f6e37b-cgu.0.rcgu.o)
                0xffffffff8003f33c                core::option::expect_failed
 .text.unlikely._RNvNtCsbcsGJ9IzBgZ_4core6option13unwrap_failed
                0xffffffff8003f36c       0x1c build/rust-target/aarch64-unknown-none/debug/libarx_rust.a(core-1e028c497e00fdd6.core.8277119056f6e37b-cgu.0.rcgu.o)
                0xffffffff8003f36c                core::option::unwrap_failed
 .text.unlikely._RNvNtCsbcsGJ9IzBgZ_4core6result13unwrap_failed
                0xffffffff8003f388       0x4c build/rust-target/aarch64-unknown-none/debug/libarx_rust.a(core-1e028c497e00fdd6.core.8277119056f6e37b-cgu.0.rcgu.o)
                0xffffffff8003f388                core::result::unwrap_failed
 .text.unlikely._RNvNtCsbcsGJ9IzBgZ_4core9panicking14panic_nounwind
                0xffffffff8003f3d4       0x20 build/rust-target/aarch64-unknown-none/debug/libarx_rust.a(core-1e028c497e00fdd6.core.8277119056f6e37b-cgu.0.rcgu.o)
                0xffffffff8003f3d4                core::panicking::panic_nounwind
 .text.unlikely._RNvNtCsbcsGJ9IzBgZ_4core9panicking15const_panic_fmt
                0xffffffff8003f3f4       0x3c build/rust-target/aarch64-unknown-none/debug/libarx_rust.a(core-1e028c497e00fdd6.core.8277119056f6e37b-cgu.0.rcgu.o)
                0xffffffff8003f3f4                core::panicking::const_panic_fmt
 .text.unlikely._RNvNtCsbcsGJ9IzBgZ_4core9panicking16panic_in_cleanup
                0xffffffff8003f430       0x18 build/rust-target/aarch64-unknown-none/debug/libarx_rust.a(core-1e028c497e00fdd6.core.8277119056f6e37b-cgu.0.rcgu.o)
                0xffffffff8003f430                core::panicking::panic_in_cleanup
 .text.unlikely._RNvNtCsbcsGJ9IzBgZ_4core9panicking18panic_bounds_check
                0xffffffff8003f448       0x38 build/rust-target/aarch64-unknown-none/debug/libarx_rust.a(core-1e028c497e00fdd6.core.8277119056f6e37b-cgu.0.rcgu.o)
                0xffffffff8003f448                core::panicking::panic_bounds_check
 .text.unlikely._RNvNtCsbcsGJ9IzBgZ_4core9panicking18panic_nounwind_fmt
                0xffffffff8003f480       0x28 build/rust-target/aarch64-unknown-none/debug/libarx_rust.a(core-1e028c497e00fdd6.core.8277119056f6e37b-cgu.0.rcgu.o)
                0xffffffff8003f480                core::panicking::panic_nounwind_fmt
 .text.unlikely._RNvNtCsbcsGJ9IzBgZ_4core9panicking19assert_failed_inner
                0xffffffff8003f4a8       0xbc build/rust-target/aarch64-unknown-none/debug/libarx_rust.a(core-1e028c497e00fdd6.core.8277119056f6e37b-cgu.0.rcgu.o)
                0xffffffff8003f4a8                core::panicking::assert_failed_inner
 .text.unlikely._RNvNtCsbcsGJ9IzBgZ_4core9panicking19panic_cannot_unwind
                0xffffffff8003f564       0x18 build/rust-target/aarch64-unknown-none/debug/libarx_rust.a(core-1e028c497e00fdd6.core.8277119056f6e37b-cgu.0.rcgu.o)
                0xffffffff8003f564                core::panicking::panic_cannot_unwind
 .text.unlikely._RNvNtCsbcsGJ9IzBgZ_4core9panicking26panic_nounwind_nobacktrace
                0xffffffff8003f57c       0x20 build/rust-target/aarch64-unknown-none/debug/libarx_rust.a(core-1e028c497e00fdd6.core.8277119056f6e37b-cgu.0.rcgu.o)
                0xffffffff8003f57c                core::panicking::panic_nounwind_nobacktrace
 .text.unlikely._RNvNtCsbcsGJ9IzBgZ_4core9panicking30panic_null_pointer_dereference
                0xffffffff8003f59c       0x20 build/rust-target/aarch64-unknown-none/debug/libarx_rust.a(core-1e028c497e00fdd6.core.8277119056f6e37b-cgu.0.rcgu.o)
                0xffffffff8003f59c                core::panicking::panic_null_pointer_dereference
 .text.unlikely._RNvNtCsbcsGJ9IzBgZ_4core9panicking31panic_invalid_enum_construction
                0xffffffff8003f5bc       0x38 build/rust-target/aarch64-unknown-none/debug/libarx_rust.a(core-1e028c497e00fdd6.core.8277119056f6e37b-cgu.0.rcgu.o)
                0xffffffff8003f5bc                core::panicking::panic_invalid_enum_construction
 .text.unlikely._RNvNtCsbcsGJ9IzBgZ_4core9panicking36panic_misaligned_pointer_dereference
                0xffffffff8003f5f4       0x40 build/rust-target/aarch64-unknown-none/debug/libarx_rust.a(core-1e028c497e00fdd6.core.8277119056f6e37b-cgu.0.rcgu.o)
                0xffffffff8003f5f4                core::panicking::panic_misaligned_pointer_dereference
 .text.unlikely._RNvNtCsbcsGJ9IzBgZ_4core9panicking5panic
                0xffffffff8003f634       0x14 build/rust-target/aarch64-unknown-none/debug/libarx_rust.a(core-1e028c497e00fdd6.core.8277119056f6e37b-cgu.0.rcgu.o)
                0xffffffff8003f634                core::panicking::panic
 .text.unlikely._RNvNtCsbcsGJ9IzBgZ_4core9panicking9panic_fmt
                0xffffffff8003f648       0x28 build/rust-target/aarch64-unknown-none/debug/libarx_rust.a(core-1e028c497e00fdd6.core.8277119056f6e37b-cgu.0.rcgu.o)
                0xffffffff8003f648                core::panicking::panic_fmt
 .text._RNvNtNtCsbcsGJ9IzBgZ_4core3fmt3num8exp_u128
                0xffffffff8003f670      0x894 build/rust-target/aarch64-unknown-none/debug/libarx_rust.a(core-1e028c497e00fdd6.core.8277119056f6e37b-cgu.0.rcgu.o)
 .text.unlikely._RNvNtNtCsbcsGJ9IzBgZ_4core3num14overflow_panic3add
                0xffffffff8003ff04       0x1c build/rust-target/aarch64-unknown-none/debug/libarx_rust.a(core-1e028c497e00fdd6.core.8277119056f6e37b-cgu.0.rcgu.o)
                0xffffffff8003ff04                core::num::overflow_panic::add
 .text.unlikely._RNvNtNtCsbcsGJ9IzBgZ_4core3num14overflow_panic3div
                0xffffffff8003ff20       0x1c build/rust-target/aarch64-unknown-none/debug/libarx_rust.a(core-1e028c497e00fdd6.core.8277119056f6e37b-cgu.0.rcgu.o)
                0xffffffff8003ff20                core::num::overflow_panic::div
 .text.unlikely._RNvNtNtCsbcsGJ9IzBgZ_4core3num14overflow_panic3mul
                0xffffffff8003ff3c       0x1c build/rust-target/aarch64-unknown-none/debug/libarx_rust.a(core-1e028c497e00fdd6.core.8277119056f6e37b-cgu.0.rcgu.o)
                0xffffffff8003ff3c                core::num::overflow_panic::mul
 .text.unlikely._RNvNtNtCsbcsGJ9IzBgZ_4core3num14overflow_panic3neg
                0xffffffff8003ff58       0x1c build/rust-target/aarch64-unknown-none/debug/libarx_rust.a(core-1e028c497e00fdd6.core.8277119056f6e37b-cgu.0.rcgu.o)
                0xffffffff8003ff58                core::num::overflow_panic::neg
 .text.unlikely._RNvNtNtCsbcsGJ9IzBgZ_4core3num14overflow_panic3rem
                0xffffffff8003ff74       0x1c build/rust-target/aarch64-unknown-none/debug/libarx_rust.a(core-1e028c497e00fdd6.core.8277119056f6e37b-cgu.0.rcgu.o)
                0xffffffff8003ff74                core::num::overflow_panic::rem
 .text.unlikely._RNvNtNtCsbcsGJ9IzBgZ_4core3num14overflow_panic3shl
                0xffffffff8003ff90       0x1c build/rust-target/aarch64-unknown-none/debug/libarx_rust.a(core-1e028c497e00fdd6.core.8277119056f6e37b-cgu.0.rcgu.o)
                0xffffffff8003ff90                core::num::overflow_panic::shl
 .text.unlikely._RNvNtNtCsbcsGJ9IzBgZ_4core3num14overflow_panic3shr
                0xffffffff8003ffac       0x1c build/rust-target/aarch64-unknown-none/debug/libarx_rust.a(core-1e028c497e00fdd6.core.8277119056f6e37b-cgu.0.rcgu.o)
                0xffffffff8003ffac                core::num::overflow_panic::shr
 .text.unlikely._RNvNtNtCsbcsGJ9IzBgZ_4core3num14overflow_panic3sub
                0xffffffff8003ffc8       0x1c build/rust-target/aarch64-unknown-none/debug/libarx_rust.a(core-1e028c497e00fdd6.core.8277119056f6e37b-cgu.0.rcgu.o)
                0xffffffff8003ffc8                core::num::overflow_panic::sub
 .text._RNvNtNtCsbcsGJ9IzBgZ_4core3num7flt2dec17digits_to_dec_str
                0xffffffff8003ffe4      0x164 build/rust-target/aarch64-unknown-none/debug/libarx_rust.a(core-1e028c497e00fdd6.core.8277119056f6e37b-cgu.0.rcgu.o)
                0xffffffff8003ffe4                core::num::flt2dec::digits_to_dec_str
 .text._RNvNtNtCsbcsGJ9IzBgZ_4core3num7flt2dec17digits_to_exp_str
                0xffffffff80040148      0x168 build/rust-target/aarch64-unknown-none/debug/libarx_rust.a(core-1e028c497e00fdd6.core.8277119056f6e37b-cgu.0.rcgu.o)
                0xffffffff80040148                core::num::flt2dec::digits_to_exp_str
 .text._RNvNtNtCsbcsGJ9IzBgZ_4core3num7flt2dec8round_up
                0xffffffff800402b0       0xa0 build/rust-target/aarch64-unknown-none/debug/libarx_rust.a(core-1e028c497e00fdd6.core.8277119056f6e37b-cgu.0.rcgu.o)
                0xffffffff800402b0                core::num::flt2dec::round_up
 .text.unlikely._RNvNtNtCsbcsGJ9IzBgZ_4core3num8int_sqrt27panic_for_negative_argument
                0xffffffff80040350       0x1c build/rust-target/aarch64-unknown-none/debug/libarx_rust.a(core-1e028c497e00fdd6.core.8277119056f6e37b-cgu.0.rcgu.o)
                0xffffffff80040350                core::num::int_sqrt::panic_for_negative_argument
 .text.unlikely._RNvNtNtCsbcsGJ9IzBgZ_4core3num9int_log1030panic_for_nonpositive_argument
                0xffffffff8004036c       0x1c build/rust-target/aarch64-unknown-none/debug/libarx_rust.a(core-1e028c497e00fdd6.core.8277119056f6e37b-cgu.0.rcgu.o)
                0xffffffff8004036c                core::num::int_log10::panic_for_nonpositive_argument
 .text._RNvNtNtCsbcsGJ9IzBgZ_4core3str5count14do_count_chars
                0xffffffff80040388      0x79c build/rust-target/aarch64-unknown-none/debug/libarx_rust.a(core-1e028c497e00fdd6.core.8277119056f6e37b-cgu.0.rcgu.o)
                0xffffffff80040388                core::str::count::do_count_chars
 .text._RNvNtNtCsbcsGJ9IzBgZ_4core3str5count23char_count_general_case
                0xffffffff80040b24      0x440 build/rust-target/aarch64-unknown-none/debug/libarx_rust.a(core-1e028c497e00fdd6.core.8277119056f6e37b-cgu.0.rcgu.o)
                0xffffffff80040b24                core::str::count::char_count_general_case
 .text._RNvNtNtCsbcsGJ9IzBgZ_4core3str8converts13from_utf8_mut
                0xffffffff80040f64      0x270 build/rust-target/aarch64-unknown-none/debug/libarx_rust.a(core-1e028c497e00fdd6.core.8277119056f6e37b-cgu.0.rcgu.o)
                0xffffffff80040f64                core::str::converts::from_utf8_mut
 .text._RNvNtNtCsbcsGJ9IzBgZ_4core3str8converts9from_utf8
                0xffffffff800411d4      0x270 build/rust-target/aarch64-unknown-none/debug/libarx_rust.a(core-1e028c497e00fdd6.core.8277119056f6e37b-cgu.0.rcgu.o)
                0xffffffff800411d4                core::str::converts::from_utf8
 .text.unlikely._RNvNtNtCsbcsGJ9IzBgZ_4core4cell4lazy14panic_poisoned
                0xffffffff80041444       0x20 build/rust-target/aarch64-unknown-none/debug/libarx_rust.a(core-1e028c497e00fdd6.core.8277119056f6e37b-cgu.0.rcgu.o)
                0xffffffff80041444                core::cell::lazy::panic_poisoned
 .text.unlikely._RNvNtNtCsbcsGJ9IzBgZ_4core5slice5index16slice_index_fail
                0xffffffff80041464       0xb4 build/rust-target/aarch64-unknown-none/debug/libarx_rust.a(core-1e028c497e00fdd6.core.8277119056f6e37b-cgu.0.rcgu.o)
                0xffffffff80041464                core::slice::index::slice_index_fail
 .text._RNvNtNtCsbcsGJ9IzBgZ_4core5slice6memchr14memchr_aligned
                0xffffffff80041518       0xdc build/rust-target/aarch64-unknown-none/debug/libarx_rust.a(core-1e028c497e00fdd6.core.8277119056f6e37b-cgu.0.rcgu.o)
                0xffffffff80041518                core::slice::memchr::memchr_aligned
 .text._RNvNtNtCsbcsGJ9IzBgZ_4core5slice6memchr7memrchr
                0xffffffff800415f4      0x128 build/rust-target/aarch64-unknown-none/debug/libarx_rust.a(core-1e028c497e00fdd6.core.8277119056f6e37b-cgu.0.rcgu.o)
                0xffffffff800415f4                core::slice::memchr::memrchr
 .text._RNvNtNtCsbcsGJ9IzBgZ_4core7unicode9printable12is_printable
                0xffffffff8004171c      0x378 build/rust-target/aarch64-unknown-none/debug/libarx_rust.a(core-1e028c497e00fdd6.core.8277119056f6e37b-cgu.0.rcgu.o)
                0xffffffff8004171c                core::unicode::printable::is_printable
 .text.unlikely._RNvNtNtCsbcsGJ9IzBgZ_4core9panicking11panic_const23panic_const_div_by_zero
                0xffffffff80041a94       0x1c build/rust-target/aarch64-unknown-none/debug/libarx_rust.a(core-1e028c497e00fdd6.core.8277119056f6e37b-cgu.0.rcgu.o)
                0xffffffff80041a94                core::panicking::panic_const::panic_const_div_by_zero
 .text.unlikely._RNvNtNtCsbcsGJ9IzBgZ_4core9panicking11panic_const23panic_const_gen_fn_none
                0xffffffff80041ab0       0x1c build/rust-target/aarch64-unknown-none/debug/libarx_rust.a(core-1e028c497e00fdd6.core.8277119056f6e37b-cgu.0.rcgu.o)
                0xffffffff80041ab0                core::panicking::panic_const::panic_const_gen_fn_none
 .text.unlikely._RNvNtNtCsbcsGJ9IzBgZ_4core9panicking11panic_const23panic_const_rem_by_zero
                0xffffffff80041acc       0x1c build/rust-target/aarch64-unknown-none/debug/libarx_rust.a(core-1e028c497e00fdd6.core.8277119056f6e37b-cgu.0.rcgu.o)
                0xffffffff80041acc                core::panicking::panic_const::panic_const_rem_by_zero
 .text.unlikely._RNvNtNtCsbcsGJ9IzBgZ_4core9panicking11panic_const24panic_const_add_overflow
                0xffffffff80041ae8       0x1c build/rust-target/aarch64-unknown-none/debug/libarx_rust.a(core-1e028c497e00fdd6.core.8277119056f6e37b-cgu.0.rcgu.o)
                0xffffffff80041ae8                core::panicking::panic_const::panic_const_add_overflow
 .text.unlikely._RNvNtNtCsbcsGJ9IzBgZ_4core9panicking11panic_const24panic_const_div_overflow
                0xffffffff80041b04       0x1c build/rust-target/aarch64-unknown-none/debug/libarx_rust.a(core-1e028c497e00fdd6.core.8277119056f6e37b-cgu.0.rcgu.o)
                0xffffffff80041b04                core::panicking::panic_const::panic_const_div_overflow
 .text.unlikely._RNvNtNtCsbcsGJ9IzBgZ_4core9panicking11panic_const24panic_const_mul_overflow
                0xffffffff80041b20       0x1c build/rust-target/aarch64-unknown-none/debug/libarx_rust.a(core-1e028c497e00fdd6.core.8277119056f6e37b-cgu.0.rcgu.o)
                0xffffffff80041b20                core::panicking::panic_const::panic_const_mul_overflow
 .text.unlikely._RNvNtNtCsbcsGJ9IzBgZ_4core9panicking11panic_const24panic_const_neg_overflow
                0xffffffff80041b3c       0x1c build/rust-target/aarch64-unknown-none/debug/libarx_rust.a(core-1e028c497e00fdd6.core.8277119056f6e37b-cgu.0.rcgu.o)
                0xffffffff80041b3c                core::panicking::panic_const::panic_const_neg_overflow
 .text.unlikely._RNvNtNtCsbcsGJ9IzBgZ_4core9panicking11panic_const24panic_const_rem_overflow
                0xffffffff80041b58       0x1c build/rust-target/aarch64-unknown-none/debug/libarx_rust.a(core-1e028c497e00fdd6.core.8277119056f6e37b-cgu.0.rcgu.o)
                0xffffffff80041b58                core::panicking::panic_const::panic_const_rem_overflow
 .text.unlikely._RNvNtNtCsbcsGJ9IzBgZ_4core9panicking11panic_const24panic_const_shl_overflow
                0xffffffff80041b74       0x1c build/rust-target/aarch64-unknown-none/debug/libarx_rust.a(core-1e028c497e00fdd6.core.8277119056f6e37b-cgu.0.rcgu.o)
                0xffffffff80041b74                core::panicking::panic_const::panic_const_shl_overflow
 .text.unlikely._RNvNtNtCsbcsGJ9IzBgZ_4core9panicking11panic_const24panic_const_shr_overflow
                0xffffffff80041b90       0x1c build/rust-target/aarch64-unknown-none/debug/libarx_rust.a(core-1e028c497e00fdd6.core.8277119056f6e37b-cgu.0.rcgu.o)
                0xffffffff80041b90                core::panicking::panic_const::panic_const_shr_overflow
 .text.unlikely._RNvNtNtCsbcsGJ9IzBgZ_4core9panicking11panic_const24panic_const_sub_overflow
                0xffffffff80041bac       0x1c build/rust-target/aarch64-unknown-none/debug/libarx_rust.a(core-1e028c497e00fdd6.core.8277119056f6e37b-cgu.0.rcgu.o)
                0xffffffff80041bac                core::panicking::panic_const::panic_const_sub_overflow
 .text.unlikely._RNvNtNtCsbcsGJ9IzBgZ_4core9panicking11panic_const28panic_const_async_fn_resumed
                0xffffffff80041bc8       0x1c build/rust-target/aarch64-unknown-none/debug/libarx_rust.a(core-1e028c497e00fdd6.core.8277119056f6e37b-cgu.0.rcgu.o)
                0xffffffff80041bc8                core::panicking::panic_const::panic_const_async_fn_resumed
 .text.unlikely._RNvNtNtCsbcsGJ9IzBgZ_4core9panicking11panic_const28panic_const_gen_fn_none_drop
                0xffffffff80041be4       0x1c build/rust-target/aarch64-unknown-none/debug/libarx_rust.a(core-1e028c497e00fdd6.core.8277119056f6e37b-cgu.0.rcgu.o)
                0xffffffff80041be4                core::panicking::panic_const::panic_const_gen_fn_none_drop
 .text.unlikely._RNvNtNtCsbcsGJ9IzBgZ_4core9panicking11panic_const29panic_const_coroutine_resumed
                0xffffffff80041c00       0x1c build/rust-target/aarch64-unknown-none/debug/libarx_rust.a(core-1e028c497e00fdd6.core.8277119056f6e37b-cgu.0.rcgu.o)
                0xffffffff80041c00                core::panicking::panic_const::panic_const_coroutine_resumed
 .text.unlikely._RNvNtNtCsbcsGJ9IzBgZ_4core9panicking11panic_const29panic_const_gen_fn_none_panic
                0xffffffff80041c1c       0x1c build/rust-target/aarch64-unknown-none/debug/libarx_rust.a(core-1e028c497e00fdd6.core.8277119056f6e37b-cgu.0.rcgu.o)
                0xffffffff80041c1c                core::panicking::panic_const::panic_const_gen_fn_none_panic
 .text.unlikely._RNvNtNtCsbcsGJ9IzBgZ_4core9panicking11panic_const32panic_const_async_gen_fn_resumed
                0xffffffff80041c38       0x1c build/rust-target/aarch64-unknown-none/debug/libarx_rust.a(core-1e028c497e00fdd6.core.8277119056f6e37b-cgu.0.rcgu.o)
                0xffffffff80041c38                core::panicking::panic_const::panic_const_async_gen_fn_resumed
 .text.unlikely._RNvNtNtCsbcsGJ9IzBgZ_4core9panicking11panic_const33panic_const_async_fn_resumed_drop
                0xffffffff80041c54       0x1c build/rust-target/aarch64-unknown-none/debug/libarx_rust.a(core-1e028c497e00fdd6.core.8277119056f6e37b-cgu.0.rcgu.o)
                0xffffffff80041c54                core::panicking::panic_const::panic_const_async_fn_resumed_drop
 .text.unlikely._RNvNtNtCsbcsGJ9IzBgZ_4core9panicking11panic_const34panic_const_async_fn_resumed_panic
                0xffffffff80041c70       0x1c build/rust-target/aarch64-unknown-none/debug/libarx_rust.a(core-1e028c497e00fdd6.core.8277119056f6e37b-cgu.0.rcgu.o)
                0xffffffff80041c70                core::panicking::panic_const::panic_const_async_fn_resumed_panic
 .text.unlikely._RNvNtNtCsbcsGJ9IzBgZ_4core9panicking11panic_const34panic_const_coroutine_resumed_drop
                0xffffffff80041c8c       0x1c build/rust-target/aarch64-unknown-none/debug/libarx_rust.a(core-1e028c497e00fdd6.core.8277119056f6e37b-cgu.0.rcgu.o)
                0xffffffff80041c8c                core::panicking::panic_const::panic_const_coroutine_resumed_drop
 .text.unlikely._RNvNtNtCsbcsGJ9IzBgZ_4core9panicking11panic_const35panic_const_coroutine_resumed_panic
                0xffffffff80041ca8       0x1c build/rust-target/aarch64-unknown-none/debug/libarx_rust.a(core-1e028c497e00fdd6.core.8277119056f6e37b-cgu.0.rcgu.o)
                0xffffffff80041ca8                core::panicking::panic_const::panic_const_coroutine_resumed_panic
 .text.unlikely._RNvNtNtCsbcsGJ9IzBgZ_4core9panicking11panic_const37panic_const_async_gen_fn_resumed_drop
                0xffffffff80041cc4       0x1c build/rust-target/aarch64-unknown-none/debug/libarx_rust.a(core-1e028c497e00fdd6.core.8277119056f6e37b-cgu.0.rcgu.o)
                0xffffffff80041cc4                core::panicking::panic_const::panic_const_async_gen_fn_resumed_drop
 .text.unlikely._RNvNtNtCsbcsGJ9IzBgZ_4core9panicking11panic_const38panic_const_async_gen_fn_resumed_panic
                0xffffffff80041ce0       0x1c build/rust-target/aarch64-unknown-none/debug/libarx_rust.a(core-1e028c497e00fdd6.core.8277119056f6e37b-cgu.0.rcgu.o)
                0xffffffff80041ce0                core::panicking::panic_const::panic_const_async_gen_fn_resumed_panic
 .text._RNvNtNtNtCsbcsGJ9IzBgZ_4core3fmt3num3imp7exp_u64
                0xffffffff80041cfc      0x4d8 build/rust-target/aarch64-unknown-none/debug/libarx_rust.a(core-1e028c497e00fdd6.core.8277119056f6e37b-cgu.0.rcgu.o)
 .text._RNvNtNtNtCsbcsGJ9IzBgZ_4core3num7dec2flt11decimal_seq17parse_decimal_seq
                0xffffffff800421d4      0x474 build/rust-target/aarch64-unknown-none/debug/libarx_rust.a(core-1e028c497e00fdd6.core.8277119056f6e37b-cgu.0.rcgu.o)
                0xffffffff800421d4                core::num::dec2flt::decimal_seq::parse_decimal_seq
 .text._RNvNtNtNtCsbcsGJ9IzBgZ_4core3num7dec2flt5parse12parse_number
                0xffffffff80042648      0x518 build/rust-target/aarch64-unknown-none/debug/libarx_rust.a(core-1e028c497e00fdd6.core.8277119056f6e37b-cgu.0.rcgu.o)
                0xffffffff80042648                core::num::dec2flt::parse::parse_number
 .text._RNvNtNtNtCsbcsGJ9IzBgZ_4core7unicode12unicode_data10alphabetic11lookup_slow
                0xffffffff80042b60      0x108 build/rust-target/aarch64-unknown-none/debug/libarx_rust.a(core-1e028c497e00fdd6.core.8277119056f6e37b-cgu.0.rcgu.o)
                0xffffffff80042b60                core::unicode::unicode_data::alphabetic::lookup_slow
 .text._RNvNtNtNtCsbcsGJ9IzBgZ_4core7unicode12unicode_data11conversions8to_lower
                0xffffffff80042c68      0x15c build/rust-target/aarch64-unknown-none/debug/libarx_rust.a(core-1e028c497e00fdd6.core.8277119056f6e37b-cgu.0.rcgu.o)
                0xffffffff80042c68                core::unicode::unicode_data::conversions::to_lower
 .text._RNvNtNtNtCsbcsGJ9IzBgZ_4core7unicode12unicode_data11conversions8to_upper
                0xffffffff80042dc4      0x188 build/rust-target/aarch64-unknown-none/debug/libarx_rust.a(core-1e028c497e00fdd6.core.8277119056f6e37b-cgu.0.rcgu.o)
                0xffffffff80042dc4                core::unicode::unicode_data::conversions::to_upper
 .text._RNvNtNtNtCsbcsGJ9IzBgZ_4core7unicode12unicode_data14case_ignorable11lookup_slow
                0xffffffff80042f4c      0x10c build/rust-target/aarch64-unknown-none/debug/libarx_rust.a(core-1e028c497e00fdd6.core.8277119056f6e37b-cgu.0.rcgu.o)
                0xffffffff80042f4c                core::unicode::unicode_data::case_ignorable::lookup_slow
 .text._RNvNtNtNtCsbcsGJ9IzBgZ_4core7unicode12unicode_data15grapheme_extend11lookup_slow
                0xffffffff80043058      0x108 build/rust-target/aarch64-unknown-none/debug/libarx_rust.a(core-1e028c497e00fdd6.core.8277119056f6e37b-cgu.0.rcgu.o)
                0xffffffff80043058                core::unicode::unicode_data::grapheme_extend::lookup_slow
 .text._RNvNtNtNtCsbcsGJ9IzBgZ_4core7unicode12unicode_data1n11lookup_slow
                0xffffffff80043160      0x108 build/rust-target/aarch64-unknown-none/debug/libarx_rust.a(core-1e028c497e00fdd6.core.8277119056f6e37b-cgu.0.rcgu.o)
                0xffffffff80043160                core::unicode::unicode_data::n::lookup_slow
 .text._RNvNtNtNtCsbcsGJ9IzBgZ_4core7unicode12unicode_data5cased11lookup_slow
                0xffffffff80043268       0xf4 build/rust-target/aarch64-unknown-none/debug/libarx_rust.a(core-1e028c497e00fdd6.core.8277119056f6e37b-cgu.0.rcgu.o)
                0xffffffff80043268                core::unicode::unicode_data::cased::lookup_slow
 .text._RNvNtNtNtCsbcsGJ9IzBgZ_4core7unicode12unicode_data9lowercase6lookup
                0xffffffff8004335c       0xf8 build/rust-target/aarch64-unknown-none/debug/libarx_rust.a(core-1e028c497e00fdd6.core.8277119056f6e37b-cgu.0.rcgu.o)
                0xffffffff8004335c                core::unicode::unicode_data::lowercase::lookup
 .text._RNvNtNtNtCsbcsGJ9IzBgZ_4core7unicode12unicode_data9uppercase6lookup
                0xffffffff80043454       0xf8 build/rust-target/aarch64-unknown-none/debug/libarx_rust.a(core-1e028c497e00fdd6.core.8277119056f6e37b-cgu.0.rcgu.o)
                0xffffffff80043454                core::unicode::unicode_data::uppercase::lookup
 .text._RNvNtNtNtNtCsbcsGJ9IzBgZ_4core3num7flt2dec8strategy5grisu12format_exact
                0xffffffff8004354c       0x90 build/rust-target/aarch64-unknown-none/debug/libarx_rust.a(core-1e028c497e00fdd6.core.8277119056f6e37b-cgu.0.rcgu.o)
                0xffffffff8004354c                core::num::flt2dec::strategy::grisu::format_exact
 .text._RNvNtNtNtNtCsbcsGJ9IzBgZ_4core3num7flt2dec8strategy5grisu15format_shortest
                0xffffffff800435dc       0x7c build/rust-target/aarch64-unknown-none/debug/libarx_rust.a(core-1e028c497e00fdd6.core.8277119056f6e37b-cgu.0.rcgu.o)
                0xffffffff800435dc                core::num::flt2dec::strategy::grisu::format_shortest
 .text._RNvNtNtNtNtCsbcsGJ9IzBgZ_4core3num7flt2dec8strategy5grisu16format_exact_opt
                0xffffffff80043658      0x394 build/rust-target/aarch64-unknown-none/debug/libarx_rust.a(core-1e028c497e00fdd6.core.8277119056f6e37b-cgu.0.rcgu.o)
                0xffffffff80043658                core::num::flt2dec::strategy::grisu::format_exact_opt
 .text._RNvNtNtNtNtCsbcsGJ9IzBgZ_4core3num7flt2dec8strategy5grisu19format_shortest_opt
                0xffffffff800439ec      0x5c4 build/rust-target/aarch64-unknown-none/debug/libarx_rust.a(core-1e028c497e00fdd6.core.8277119056f6e37b-cgu.0.rcgu.o)
                0xffffffff800439ec                core::num::flt2dec::strategy::grisu::format_shortest_opt
 .text._RNvNtNtNtNtCsbcsGJ9IzBgZ_4core3num7flt2dec8strategy6dragon12format_exact
                0xffffffff80043fb0      0x994 build/rust-target/aarch64-unknown-none/debug/libarx_rust.a(core-1e028c497e00fdd6.core.8277119056f6e37b-cgu.0.rcgu.o)
                0xffffffff80043fb0                core::num::flt2dec::strategy::dragon::format_exact
 .text._RNvNtNtNtNtCsbcsGJ9IzBgZ_4core3num7flt2dec8strategy6dragon15format_shortest
                0xffffffff80044944      0xb44 build/rust-target/aarch64-unknown-none/debug/libarx_rust.a(core-1e028c497e00fdd6.core.8277119056f6e37b-cgu.0.rcgu.o)
                0xffffffff80044944                core::num::flt2dec::strategy::dragon::format_shortest
 .text._RNvNtNtNtNtCsbcsGJ9IzBgZ_4core3num7flt2dec8strategy6dragon9mul_pow10
                0xffffffff80045488      0x1e8 build/rust-target/aarch64-unknown-none/debug/libarx_rust.a(core-1e028c497e00fdd6.core.8277119056f6e37b-cgu.0.rcgu.o)
                0xffffffff80045488                core::num::flt2dec::strategy::dragon::mul_pow10
 .text.unlikely._RNvNtNtNtNtCsbcsGJ9IzBgZ_4core5slice4sort6shared9smallsort22panic_on_ord_violation
                0xffffffff80045670       0x20 build/rust-target/aarch64-unknown-none/debug/libarx_rust.a(core-1e028c497e00fdd6.core.8277119056f6e37b-cgu.0.rcgu.o)
                0xffffffff80045670                core::slice::sort::shared::smallsort::panic_on_ord_violation
 .text._RNvNtNtNtNtCsbcsGJ9IzBgZ_4core5slice4sort6stable5drift11sqrt_approx
                0xffffffff80045690       0x2c build/rust-target/aarch64-unknown-none/debug/libarx_rust.a(core-1e028c497e00fdd6.core.8277119056f6e37b-cgu.0.rcgu.o)
                0xffffffff80045690                core::slice::sort::stable::drift::sqrt_approx
 .text._RNvNvMNtCsbcsGJ9IzBgZ_4core5sliceSp16align_to_offsets3gcd
                0xffffffff800456bc       0x1c build/rust-target/aarch64-unknown-none/debug/libarx_rust.a(core-1e028c497e00fdd6.core.8277119056f6e37b-cgu.0.rcgu.o)
                0xffffffff800456bc                <[_]>::align_to_offsets::gcd
 .text._RNvNvMNtNtCsbcsGJ9IzBgZ_4core3net6parserNtB4_6Parser14read_ipv6_addr11read_groups
                0xffffffff800456d8      0x1d0 build/rust-target/aarch64-unknown-none/debug/libarx_rust.a(core-1e028c497e00fdd6.core.8277119056f6e37b-cgu.0.rcgu.o)
 .text._RNvNvMsa_NtCsbcsGJ9IzBgZ_4core3fmtNtB7_9Formatter12pad_integral12write_prefix
                0xffffffff800458a8       0x88 build/rust-target/aarch64-unknown-none/debug/libarx_rust.a(core-1e028c497e00fdd6.core.8277119056f6e37b-cgu.0.rcgu.o)
 .text.unlikely._RNvNvNtCsbcsGJ9IzBgZ_4core5slice20copy_from_slice_impl17len_mismatch_fail
                0xffffffff80045930       0x38 build/rust-target/aarch64-unknown-none/debug/libarx_rust.a(core-1e028c497e00fdd6.core.8277119056f6e37b-cgu.0.rcgu.o)
                0xffffffff80045930                core::slice::copy_from_slice_impl::len_mismatch_fail
 .text._RNvNvNtNtNtNtCsbcsGJ9IzBgZ_4core3num7flt2dec8strategy5grisu16format_exact_opt14possibly_round
                0xffffffff80045968      0x204 build/rust-target/aarch64-unknown-none/debug/libarx_rust.a(core-1e028c497e00fdd6.core.8277119056f6e37b-cgu.0.rcgu.o)
 .text._RNvNvXs1_NtCsbcsGJ9IzBgZ_4core4wtf8NtB7_4Wtf8NtNtB9_3fmt5Debug3fmt17write_str_escaped
                0xffffffff80045b6c      0x1b0 build/rust-target/aarch64-unknown-none/debug/libarx_rust.a(core-1e028c497e00fdd6.core.8277119056f6e37b-cgu.0.rcgu.o)
 .text._RNvNvXsa_NtCsbcsGJ9IzBgZ_4core4timeNtB7_8DurationNtNtB9_3fmt5Debug3fmt11fmt_decimal
                0xffffffff80045d1c      0x598 build/rust-target/aarch64-unknown-none/debug/libarx_rust.a(core-1e028c497e00fdd6.core.8277119056f6e37b-cgu.0.rcgu.o)
 .text._RNvXNtCsbcsGJ9IzBgZ_4core3ffiNtB2_6c_voidNtNtB4_3fmt5Debug3fmt
                0xffffffff800462b4       0x1c build/rust-target/aarch64-unknown-none/debug/libarx_rust.a(core-1e028c497e00fdd6.core.8277119056f6e37b-cgu.0.rcgu.o)
                0xffffffff800462b4                <core::ffi::c_void as core::fmt::Debug>::fmt
 .text._RNvXNtCsbcsGJ9IzBgZ_4core3patcNtB2_12RangePattern7sub_one
                0xffffffff800462d0       0x40 build/rust-target/aarch64-unknown-none/debug/libarx_rust.a(core-1e028c497e00fdd6.core.8277119056f6e37b-cgu.0.rcgu.o)
                0xffffffff800462d0                <char as core::pat::RangePattern>::sub_one
 .text._RNvXNtNtCsbcsGJ9IzBgZ_4core2io12borrowed_bufNtB2_11BorrowedBufNtNtB6_3fmt5Debug3fmt
                0xffffffff80046310      0x108 build/rust-target/aarch64-unknown-none/debug/libarx_rust.a(core-1e028c497e00fdd6.core.8277119056f6e37b-cgu.0.rcgu.o)
                0xffffffff80046310                <core::io::borrowed_buf::BorrowedBuf as core::fmt::Debug>::fmt
 .text._RNvXNtNtCsbcsGJ9IzBgZ_4core3ffi5c_strNtB2_21FromBytesWithNulErrorNtNtB6_3fmt7Display3fmt
                0xffffffff80046418       0x64 build/rust-target/aarch64-unknown-none/debug/libarx_rust.a(core-1e028c497e00fdd6.core.8277119056f6e37b-cgu.0.rcgu.o)
                0xffffffff80046418                <core::ffi::c_str::FromBytesWithNulError as core::fmt::Display>::fmt
 .text._RNvXNtNtCsbcsGJ9IzBgZ_4core3ffi7va_listNtB2_6VaListNtNtB6_3fmt5Debug3fmt
                0xffffffff8004647c      0x260 build/rust-target/aarch64-unknown-none/debug/libarx_rust.a(core-1e028c497e00fdd6.core.8277119056f6e37b-cgu.0.rcgu.o)
                0xffffffff8004647c                <core::ffi::va_list::VaList as core::fmt::Debug>::fmt
 .text._RNvXNtNtCsbcsGJ9IzBgZ_4core3fmt3numoNtB4_7Display3fmt
                0xffffffff800466dc       0x64 build/rust-target/aarch64-unknown-none/debug/libarx_rust.a(core-1e028c497e00fdd6.core.8277119056f6e37b-cgu.0.rcgu.o)
                0xffffffff800466dc                <u128 as core::fmt::Display>::fmt
 .text._RNvXNtNtCsbcsGJ9IzBgZ_4core3num5errorNtB2_15TryFromIntErrorNtNtB6_3fmt7Display3fmt
                0xffffffff80046740       0x14 build/rust-target/aarch64-unknown-none/debug/libarx_rust.a(core-1e028c497e00fdd6.core.8277119056f6e37b-cgu.0.rcgu.o)
                0xffffffff80046740                <core::num::error::TryFromIntError as core::fmt::Display>::fmt
 .text._RNvXNtNtCsbcsGJ9IzBgZ_4core3ops5rangeNtB2_9RangeFullNtNtB6_3fmt5Debug3fmt
                0xffffffff80046754       0x1c build/rust-target/aarch64-unknown-none/debug/libarx_rust.a(core-1e028c497e00fdd6.core.8277119056f6e37b-cgu.0.rcgu.o)
                0xffffffff80046754                <core::ops::range::RangeFull as core::fmt::Debug>::fmt
 .text._RNvXNtNtNtCsbcsGJ9IzBgZ_4core3fmt3num3imphNtB6_7Display3fmt
                0xffffffff80046770       0xac build/rust-target/aarch64-unknown-none/debug/libarx_rust.a(core-1e028c497e00fdd6.core.8277119056f6e37b-cgu.0.rcgu.o)
                0xffffffff80046770                <u8 as core::fmt::Display>::fmt
 .text._RNvXNvNtCsbcsGJ9IzBgZ_4core9panicking21assert_matches_failedNtB2_7PatternNtNtB6_3fmt5Debug3fmt
                0xffffffff8004681c       0x14 build/rust-target/aarch64-unknown-none/debug/libarx_rust.a(core-1e028c497e00fdd6.core.8277119056f6e37b-cgu.0.rcgu.o)
                0xffffffff8004681c                <core::panicking::assert_matches_failed::Pattern as core::fmt::Debug>::fmt
 .text._RNvXNvXsd_NtCsbcsGJ9IzBgZ_4core4wtf8NtB8_10EncodeWideNtNtBa_3fmt5Debug3fmtNtB2_8CodeUnitBP_3fmt
                0xffffffff80046830       0x90 build/rust-target/aarch64-unknown-none/debug/libarx_rust.a(core-1e028c497e00fdd6.core.8277119056f6e37b-cgu.0.rcgu.o)
                0xffffffff80046830                <<core::wtf8::EncodeWide as core::fmt::Debug>::fmt::CodeUnit as core::fmt::Debug>::fmt
 .text._RNvXs0_NtCsbcsGJ9IzBgZ_4core3anyDNtB5_3AnyNtNtB7_6marker4SendEL_NtNtB7_3fmt5Debug3fmt
                0xffffffff800468c0       0x60 build/rust-target/aarch64-unknown-none/debug/libarx_rust.a(core-1e028c497e00fdd6.core.8277119056f6e37b-cgu.0.rcgu.o)
                0xffffffff800468c0                <dyn core::any::Any + core::marker::Send as core::fmt::Debug>::fmt
                0xffffffff800468c0                <dyn core::any::Any + core::marker::Sync + core::marker::Send as core::fmt::Debug>::fmt
                0xffffffff800468c0                <dyn core::any::Any as core::fmt::Debug>::fmt
 .text._RNvXs0_NtNtCsbcsGJ9IzBgZ_4core3ffi5c_strNtB5_22FromBytesUntilNulErrorNtNtB9_3fmt7Display3fmt
                0xffffffff80046920       0x1c build/rust-target/aarch64-unknown-none/debug/libarx_rust.a(core-1e028c497e00fdd6.core.8277119056f6e37b-cgu.0.rcgu.o)
                0xffffffff80046920                <core::ffi::c_str::FromBytesUntilNulError as core::fmt::Display>::fmt
 .text._RNvXs0_NtNtCsbcsGJ9IzBgZ_4core3fmt8buildersNtB5_10PadAdapterNtB7_5Write10write_char
                0xffffffff8004693c       0x80 build/rust-target/aarch64-unknown-none/debug/libarx_rust.a(core-1e028c497e00fdd6.core.8277119056f6e37b-cgu.0.rcgu.o)
                0xffffffff8004693c                <core::fmt::builders::PadAdapter as core::fmt::Write>::write_char
 .text._RNvXs0_NtNtCsbcsGJ9IzBgZ_4core3fmt8buildersNtB5_10PadAdapterNtB7_5Write9write_str
                0xffffffff800469bc      0x240 build/rust-target/aarch64-unknown-none/debug/libarx_rust.a(core-1e028c497e00fdd6.core.8277119056f6e37b-cgu.0.rcgu.o)
                0xffffffff800469bc                <core::fmt::builders::PadAdapter as core::fmt::Write>::write_str
 .text._RNvXs0_NtNtCsbcsGJ9IzBgZ_4core3net6parserNtNtB7_7ip_addr6IpAddrNtNtNtB9_3str6traits7FromStr8from_str
                0xffffffff80046bfc      0x164 build/rust-target/aarch64-unknown-none/debug/libarx_rust.a(core-1e028c497e00fdd6.core.8277119056f6e37b-cgu.0.rcgu.o)
                0xffffffff80046bfc                <core::net::ip_addr::IpAddr as core::str::traits::FromStr>::from_str
 .text._RNvXs0_NtNtCsbcsGJ9IzBgZ_4core3num7dec2fltC3f16NtNtNtB9_3str6traits7FromStr8from_str
                0xffffffff80046d60      0x504 build/rust-target/aarch64-unknown-none/debug/libarx_rust.a(core-1e028c497e00fdd6.core.8277119056f6e37b-cgu.0.rcgu.o)
                0xffffffff80046d60                <f16 as core::str::traits::FromStr>::from_str
 .text._RNvXs0_NtNtCsbcsGJ9IzBgZ_4core3str5lossyNtB5_5DebugNtNtB9_3fmt5Debug3fmt
                0xffffffff80047264      0x350 build/rust-target/aarch64-unknown-none/debug/libarx_rust.a(core-1e028c497e00fdd6.core.8277119056f6e37b-cgu.0.rcgu.o)
                0xffffffff80047264                <core::str::lossy::Debug as core::fmt::Debug>::fmt
 .text._RNvXs0_NtNtCsbcsGJ9IzBgZ_4core5alloc6layoutNtB5_11LayoutErrorNtNtB9_3fmt7Display3fmt
                0xffffffff800475b4       0x1c build/rust-target/aarch64-unknown-none/debug/libarx_rust.a(core-1e028c497e00fdd6.core.8277119056f6e37b-cgu.0.rcgu.o)
                0xffffffff800475b4                <core::alloc::layout::LayoutError as core::fmt::Display>::fmt
 .text._RNvXs0_NtNtCsbcsGJ9IzBgZ_4core5ascii10ascii_charNtB5_9AsciiCharNtNtB9_3fmt7Display3fmt
                0xffffffff800475d0       0x14 build/rust-target/aarch64-unknown-none/debug/libarx_rust.a(core-1e028c497e00fdd6.core.8277119056f6e37b-cgu.0.rcgu.o)
                0xffffffff800475d0                <core::ascii::ascii_char::AsciiChar as core::fmt::Display>::fmt